09:57:20:661;IMP;DB 로그인 중...
09:57:20:694;IMP;DB 로그인 성공.
10:48:24:206;IMP;DB 로그인 중...
10:48:24:243;IMP;DB 로그인 성공.
10:49:17:471;IMP;[DeleteJobMst] .. 정상 처리되었습니다. 작업번호[9091]
10:49:19:577;IMP;[GetJobCompleteReport] .. SIM MODE 작업 (완료)삭제 성공하였습니다. [작업번호:9091]
11:12:03:262;IMP;이상 발생.DB Logout...
11:12:03:317;IMP;통신 쓰레드를 종료합니다.
11:12:07:448;IMP;DB 로그인 중...
11:12:07:480;IMP;DB 로그인 성공.
11:12:22:549;ERR;Failed to establish a connection to '10.117.3.154'.
   SELECT  SIM_MODE
    FROM  HOST_IF_LOG          
   WHERE  WH_TYP = '10'
ORDER BY  INS_DT DESC     LIMIT 1
11:14:56:417;ERR;위치 0에 행이 없습니다.
11:14:56:440;IMP;이상 발생.DB Logout...
11:14:56:490;IMP;통신 쓰레드를 종료합니다.
11:15:00:557;IMP;DB 로그인 중...
11:15:00:602;IMP;DB 로그인 성공.
11:15:02:766;IMP;리모트 시스템과 연결 실패 !(10061)
11:15:21:308;IMP;종료 중... 잠시 기다리세요.
11:15:22:180;NOR;Write Log Thread 종료.
11:24:38:557;IMP;DB 로그인 중...
11:24:38:583;IMP;DB 로그인 성공.
11:24:58:215;IMP;리모트 시스템과 연결 실패 !(10061)
11:25:02:477;IMP;리모트 시스템과 연결 실패 !(10061)
11:25:06:743;IMP;리모트 시스템과 연결 실패 !(10061)
11:25:11:036;IMP;리모트 시스템과 연결 실패 !(10061)
11:25:12:173;ERR;[GetJobCompleteReport] .. 작업정보는 존재하지만 온라인 작업이 아닙니다. [작업 번호:9992]
11:25:13:275;ERR;[GetJobCompleteReport] .. 작업정보는 존재하지만 온라인 작업이 아닙니다. [작업 번호:9992]
11:25:15:315;IMP;리모트 시스템과 연결 실패 !(10061)
11:25:15:401;ERR;[GetJobCompleteReport] .. 작업정보는 존재하지만 온라인 작업이 아닙니다. [작업 번호:9992]
11:25:16:467;ERR;[GetJobCompleteReport] .. 작업정보는 존재하지만 온라인 작업이 아닙니다. [작업 번호:9992]
11:25:17:577;ERR;[GetJobCompleteReport] .. 작업정보는 존재하지만 온라인 작업이 아닙니다. [작업 번호:9992]
11:25:19:666;IMP;리모트 시스템과 연결 실패 !(10061)
11:25:19:722;ERR;[GetJobCompleteReport] .. 작업정보는 존재하지만 온라인 작업이 아닙니다. [작업 번호:9992]
11:25:20:824;ERR;[GetJobCompleteReport] .. 작업정보는 존재하지만 온라인 작업이 아닙니다. [작업 번호:9992]
11:25:21:910;ERR;[GetJobCompleteReport] .. 작업정보는 존재하지만 온라인 작업이 아닙니다. [작업 번호:9992]
11:25:23:993;IMP;리모트 시스템과 연결 실패 !(10061)
11:25:24:109;ERR;[GetJobCompleteReport] .. 작업정보는 존재하지만 온라인 작업이 아닙니다. [작업 번호:9992]
11:25:25:331;ERR;[GetJobCompleteReport] .. 작업정보는 존재하지만 온라인 작업이 아닙니다. [작업 번호:9992]
11:25:26:463;ERR;[GetJobCompleteReport] .. 작업정보는 존재하지만 온라인 작업이 아닙니다. [작업 번호:9992]
11:25:28:600;IMP;리모트 시스템과 연결 실패 !(10061)
11:25:28:715;ERR;[GetJobCompleteReport] .. 작업정보는 존재하지만 온라인 작업이 아닙니다. [작업 번호:9992]
11:25:29:879;ERR;[GetJobCompleteReport] .. 작업정보는 존재하지만 온라인 작업이 아닙니다. [작업 번호:9992]
11:25:31:002;ERR;[GetJobCompleteReport] .. 작업정보는 존재하지만 온라인 작업이 아닙니다. [작업 번호:9992]
11:25:33:093;IMP;리모트 시스템과 연결 실패 !(10061)
11:25:33:208;ERR;[GetJobCompleteReport] .. 작업정보는 존재하지만 온라인 작업이 아닙니다. [작업 번호:9992]
11:25:34:367;ERR;[GetJobCompleteReport] .. 작업정보는 존재하지만 온라인 작업이 아닙니다. [작업 번호:9992]
11:25:35:509;ERR;[GetJobCompleteReport] .. 작업정보는 존재하지만 온라인 작업이 아닙니다. [작업 번호:9992]
11:25:37:588;IMP;리모트 시스템과 연결 실패 !(10061)
11:25:37:721;ERR;[GetJobCompleteReport] .. 작업정보는 존재하지만 온라인 작업이 아닙니다. [작업 번호:9992]
11:25:39:082;ERR;[GetJobCompleteReport] .. 작업정보는 존재하지만 온라인 작업이 아닙니다. [작업 번호:9992]
11:25:40:218;ERR;[GetJobCompleteReport] .. 작업정보는 존재하지만 온라인 작업이 아닙니다. [작업 번호:9992]
11:25:42:307;IMP;리모트 시스템과 연결 실패 !(10061)
11:25:42:459;ERR;[GetJobCompleteReport] .. 작업정보는 존재하지만 온라인 작업이 아닙니다. [작업 번호:9992]
11:25:43:579;ERR;[GetJobCompleteReport] .. 작업정보는 존재하지만 온라인 작업이 아닙니다. [작업 번호:9992]
11:25:44:710;ERR;[GetJobCompleteReport] .. 작업정보는 존재하지만 온라인 작업이 아닙니다. [작업 번호:9992]
11:25:46:848;IMP;리모트 시스템과 연결 실패 !(10061)
11:25:59:993;ERR;[GetJobCompleteReport] .. 작업정보는 존재하지만 온라인 작업이 아닙니다. [작업 번호:9992]
11:26:01:102;ERR;[GetJobCompleteReport] .. 작업정보는 존재하지만 온라인 작업이 아닙니다. [작업 번호:9991]
11:26:02:245;ERR;[GetJobCompleteReport] .. 작업정보는 존재하지만 온라인 작업이 아닙니다. [작업 번호:9991]
11:26:04:326;IMP;리모트 시스템과 연결 실패 !(10061)
11:26:04:437;ERR;[GetJobCompleteReport] .. 작업정보는 존재하지만 온라인 작업이 아닙니다. [작업 번호:9991]
11:26:05:568;ERR;[GetJobCompleteReport] .. 작업정보는 존재하지만 온라인 작업이 아닙니다. [작업 번호:9991]
11:26:06:705;ERR;[GetJobCompleteReport] .. 작업정보는 존재하지만 온라인 작업이 아닙니다. [작업 번호:9991]
11:26:08:840;IMP;리모트 시스템과 연결 실패 !(10061)
11:26:08:956;ERR;[GetJobCompleteReport] .. 작업정보는 존재하지만 온라인 작업이 아닙니다. [작업 번호:9991]
11:26:10:108;ERR;[GetJobCompleteReport] .. 작업정보는 존재하지만 온라인 작업이 아닙니다. [작업 번호:9991]
11:26:11:260;ERR;[GetJobCompleteReport] .. 작업정보는 존재하지만 온라인 작업이 아닙니다. [작업 번호:9991]
11:26:13:382;IMP;리모트 시스템과 연결 실패 !(10061)
11:26:13:490;ERR;[GetJobCompleteReport] .. 작업정보는 존재하지만 온라인 작업이 아닙니다. [작업 번호:9991]
11:26:14:638;ERR;[GetJobCompleteReport] .. 작업정보는 존재하지만 온라인 작업이 아닙니다. [작업 번호:9991]
11:26:15:840;ERR;[GetJobCompleteReport] .. 작업정보는 존재하지만 온라인 작업이 아닙니다. [작업 번호:9991]
11:26:17:925;IMP;리모트 시스템과 연결 실패 !(10061)
11:26:17:994;ERR;[GetJobCompleteReport] .. 작업정보는 존재하지만 온라인 작업이 아닙니다. [작업 번호:9991]
11:26:19:088;ERR;[GetJobCompleteReport] .. 작업정보는 존재하지만 온라인 작업이 아닙니다. [작업 번호:9991]
11:26:20:153;ERR;[GetJobCompleteReport] .. 작업정보는 존재하지만 온라인 작업이 아닙니다. [작업 번호:9991]
11:26:22:239;IMP;리모트 시스템과 연결 실패 !(10061)
11:26:22:301;ERR;[GetJobCompleteReport] .. 작업정보는 존재하지만 온라인 작업이 아닙니다. [작업 번호:9991]
11:26:23:424;ERR;[GetJobCompleteReport] .. 작업정보는 존재하지만 온라인 작업이 아닙니다. [작업 번호:9991]
11:26:24:567;ERR;[GetJobCompleteReport] .. 작업정보는 존재하지만 온라인 작업이 아닙니다. [작업 번호:9991]
11:26:26:638;IMP;리모트 시스템과 연결 실패 !(10061)
11:26:26:727;ERR;[GetJobCompleteReport] .. 작업정보는 존재하지만 온라인 작업이 아닙니다. [작업 번호:9991]
11:26:27:825;ERR;[GetJobCompleteReport] .. 작업정보는 존재하지만 온라인 작업이 아닙니다. [작업 번호:9991]
11:26:28:954;ERR;[GetJobCompleteReport] .. 작업정보는 존재하지만 온라인 작업이 아닙니다. [작업 번호:9991]
11:26:31:056;IMP;리모트 시스템과 연결 실패 !(10061)
11:26:31:119;ERR;[GetJobCompleteReport] .. 작업정보는 존재하지만 온라인 작업이 아닙니다. [작업 번호:9991]
11:26:32:322;ERR;[GetJobCompleteReport] .. 작업정보는 존재하지만 온라인 작업이 아닙니다. [작업 번호:9991]
11:26:33:457;ERR;[GetJobCompleteReport] .. 작업정보는 존재하지만 온라인 작업이 아닙니다. [작업 번호:9991]
11:26:35:547;IMP;리모트 시스템과 연결 실패 !(10061)
11:26:35:679;ERR;[GetJobCompleteReport] .. 작업정보는 존재하지만 온라인 작업이 아닙니다. [작업 번호:9991]
11:26:36:798;ERR;[GetJobCompleteReport] .. 작업정보는 존재하지만 온라인 작업이 아닙니다. [작업 번호:9991]
11:26:37:931;ERR;[GetJobCompleteReport] .. 작업정보는 존재하지만 온라인 작업이 아닙니다. [작업 번호:9991]
11:26:39:993;IMP;리모트 시스템과 연결 실패 !(10061)
11:26:40:129;ERR;[GetJobCompleteReport] .. 작업정보는 존재하지만 온라인 작업이 아닙니다. [작업 번호:9991]
11:26:40:732;IMP;종료 중... 잠시 기다리세요.
11:26:40:769;IMP;통신 쓰레드를 종료합니다.
11:26:41:199;NOR;Write Log Thread 종료.
11:27:46:179;IMP;DB 로그인 중...
11:27:46:239;IMP;DB 로그인 성공.
11:27:48:442;IMP;[DeleteJobMst] .. 정상 처리되었습니다. 작업번호[9991]
11:27:48:475;IMP;[GetJobCompleteReport] .. SIM MODE 작업 (완료)삭제 성공하였습니다. [작업번호:9991]
11:28:19:615;IMP;[DeleteJobMst] .. 정상 처리되었습니다. 작업번호[9992]
11:28:19:635;IMP;[GetJobCompleteReport] .. SIM MODE 작업 (완료)삭제 성공하였습니다. [작업번호:9992]
11:28:21:973;IMP;[DeleteJobMst] .. 정상 처리되었습니다. 작업번호[9993]
11:28:21:997;IMP;[GetJobCompleteReport] .. SIM MODE 작업 (완료)삭제 성공하였습니다. [작업번호:9993]
22:28:34:837;IMP;이상 발생.DB Logout...
22:28:35:030;IMP;통신 쓰레드를 종료합니다.
22:28:39:387;IMP;DB 로그인 중...
22:28:39:462;IMP;DB 로그인 성공.
22:28:54:645;ERR;Failed to establish a connection to '10.117.3.154'.
   SELECT  SIM_MODE
    FROM  HOST_IF_LOG          
   WHERE  WH_TYP = '10'
ORDER BY  INS_DT DESC     LIMIT 1
22:29:09:793;ERR;Failed to establish a connection to '10.117.3.154'.
22:29:09:825;IMP;이상 발생.DB Logout...
22:29:09:864;IMP;통신 쓰레드를 종료합니다.
22:29:13:941;IMP;DB 로그인 중...
22:29:14:006;IMP;DB 로그인 성공.
22:29:14:216;IMP;종료 중... 잠시 기다리세요.
22:29:15:130;NOR;Write Log Thread 종료.
