11:16:51:623;ERR;'Fill'을(를) 호출하기 전에 SelectCommand 속성이 초기화되지 않았습니다.
   SELECT  SIM_MODE
    FROM  HOST_IF_LOG          
   WHERE  WH_TYP = '10'
ORDER BY  INS_DT DESC     LIMIT 1
11:16:58:055;IMP;DB 로그인 중...
11:16:58:088;IMP;DB 로그인 성공.
11:17:21:507;IMP;리모트 시스템과 연결 실패 !(10060)
11:17:45:978;IMP;리모트 시스템과 연결 실패 !(10060)
11:17:46:376;IMP;종료 중... 잠시 기다리세요.
11:17:46:396;IMP;통신 쓰레드를 종료합니다.
11:17:46:477;NOR;Write Log Thread 종료.
12:14:32:941;IMP;DB 로그인 중...
12:14:32:965;IMP;DB 로그인 성공.
12:14:56:337;IMP;리모트 시스템과 연결 실패 !(10060)
12:15:20:541;IMP;리모트 시스템과 연결 실패 !(10060)
12:15:44:792;IMP;리모트 시스템과 연결 실패 !(10060)
12:16:08:968;IMP;리모트 시스템과 연결 실패 !(10060)
12:16:58:143;IMP;DB 로그인 중...
12:16:58:157;IMP;DB 로그인 성공.
12:17:25:368;IMP;리모트 시스템과 연결 실패 !(10060)
12:17:49:527;IMP;리모트 시스템과 연결 실패 !(10060)
12:18:13:691;IMP;리모트 시스템과 연결 실패 !(10060)
12:18:37:887;IMP;리모트 시스템과 연결 실패 !(10060)
12:19:02:035;IMP;리모트 시스템과 연결 실패 !(10060)
12:19:26:198;IMP;리모트 시스템과 연결 실패 !(10060)
12:19:50:390;IMP;리모트 시스템과 연결 실패 !(10060)
12:20:14:583;IMP;리모트 시스템과 연결 실패 !(10060)
12:20:38:756;IMP;리모트 시스템과 연결 실패 !(10060)
12:21:02:950;IMP;리모트 시스템과 연결 실패 !(10060)
12:21:27:129;IMP;리모트 시스템과 연결 실패 !(10060)
12:21:51:347;IMP;리모트 시스템과 연결 실패 !(10060)
12:22:15:530;IMP;리모트 시스템과 연결 실패 !(10060)
12:22:39:690;IMP;리모트 시스템과 연결 실패 !(10060)
12:23:03:851;IMP;리모트 시스템과 연결 실패 !(10060)
12:23:28:023;IMP;리모트 시스템과 연결 실패 !(10060)
12:23:52:187;IMP;리모트 시스템과 연결 실패 !(10060)
12:24:16:393;IMP;리모트 시스템과 연결 실패 !(10060)
12:24:40:583;IMP;리모트 시스템과 연결 실패 !(10060)
12:25:04:803;IMP;리모트 시스템과 연결 실패 !(10060)
12:25:29:086;IMP;리모트 시스템과 연결 실패 !(10060)
12:25:53:283;IMP;리모트 시스템과 연결 실패 !(10060)
12:26:17:441;IMP;리모트 시스템과 연결 실패 !(10060)
12:26:41:662;IMP;리모트 시스템과 연결 실패 !(10060)
12:27:05:875;IMP;리모트 시스템과 연결 실패 !(10060)
12:27:30:160;IMP;리모트 시스템과 연결 실패 !(10060)
12:27:54:553;IMP;리모트 시스템과 연결 실패 !(10060)
12:28:18:882;IMP;리모트 시스템과 연결 실패 !(10060)
12:28:43:206;IMP;리모트 시스템과 연결 실패 !(10060)
12:29:07:415;IMP;리모트 시스템과 연결 실패 !(10060)
12:29:31:637;IMP;리모트 시스템과 연결 실패 !(10060)
12:29:55:922;IMP;리모트 시스템과 연결 실패 !(10060)
12:30:20:264;IMP;리모트 시스템과 연결 실패 !(10060)
12:30:44:713;IMP;리모트 시스템과 연결 실패 !(10060)
12:31:09:039;IMP;리모트 시스템과 연결 실패 !(10060)
12:31:33:419;IMP;리모트 시스템과 연결 실패 !(10060)
12:31:57:706;IMP;리모트 시스템과 연결 실패 !(10060)
12:32:22:019;IMP;리모트 시스템과 연결 실패 !(10060)
12:32:46:340;IMP;리모트 시스템과 연결 실패 !(10060)
12:33:10:811;IMP;리모트 시스템과 연결 실패 !(10060)
12:33:35:145;IMP;리모트 시스템과 연결 실패 !(10060)
12:33:59:485;IMP;리모트 시스템과 연결 실패 !(10060)
12:34:23:946;IMP;리모트 시스템과 연결 실패 !(10060)
12:34:48:158;IMP;리모트 시스템과 연결 실패 !(10060)
12:35:12:426;IMP;리모트 시스템과 연결 실패 !(10060)
12:35:36:867;IMP;리모트 시스템과 연결 실패 !(10060)
12:36:01:289;IMP;리모트 시스템과 연결 실패 !(10060)
12:36:25:653;IMP;리모트 시스템과 연결 실패 !(10060)
12:36:50:064;IMP;리모트 시스템과 연결 실패 !(10060)
12:37:14:725;IMP;리모트 시스템과 연결 실패 !(10060)
12:37:38:940;IMP;리모트 시스템과 연결 실패 !(10060)
12:38:03:112;IMP;리모트 시스템과 연결 실패 !(10060)
12:38:27:320;IMP;리모트 시스템과 연결 실패 !(10060)
12:38:51:556;IMP;리모트 시스템과 연결 실패 !(10060)
12:39:15:813;IMP;리모트 시스템과 연결 실패 !(10060)
12:39:40:055;IMP;리모트 시스템과 연결 실패 !(10060)
12:40:04:301;IMP;리모트 시스템과 연결 실패 !(10060)
12:40:28:565;IMP;리모트 시스템과 연결 실패 !(10060)
12:40:52:822;IMP;리모트 시스템과 연결 실패 !(10060)
12:41:17:090;IMP;리모트 시스템과 연결 실패 !(10060)
12:41:41:300;IMP;리모트 시스템과 연결 실패 !(10060)
12:42:05:569;IMP;리모트 시스템과 연결 실패 !(10060)
12:42:29:832;IMP;리모트 시스템과 연결 실패 !(10060)
12:42:54:051;IMP;리모트 시스템과 연결 실패 !(10060)
12:43:18:276;IMP;리모트 시스템과 연결 실패 !(10060)
12:43:42:539;IMP;리모트 시스템과 연결 실패 !(10060)
12:44:06:772;IMP;리모트 시스템과 연결 실패 !(10060)
12:44:30:960;IMP;리모트 시스템과 연결 실패 !(10060)
12:44:55:171;IMP;리모트 시스템과 연결 실패 !(10060)
12:45:19:414;IMP;리모트 시스템과 연결 실패 !(10060)
12:45:43:655;IMP;리모트 시스템과 연결 실패 !(10060)
12:46:07:885;IMP;리모트 시스템과 연결 실패 !(10060)
12:46:32:184;IMP;리모트 시스템과 연결 실패 !(10060)
12:46:56:443;IMP;리모트 시스템과 연결 실패 !(10060)
12:47:20:746;IMP;리모트 시스템과 연결 실패 !(10060)
12:47:45:113;IMP;리모트 시스템과 연결 실패 !(10060)
12:48:09:371;IMP;리모트 시스템과 연결 실패 !(10060)
12:48:33:710;IMP;리모트 시스템과 연결 실패 !(10060)
12:48:57:991;IMP;리모트 시스템과 연결 실패 !(10060)
12:49:22:279;IMP;리모트 시스템과 연결 실패 !(10060)
12:49:46:491;IMP;리모트 시스템과 연결 실패 !(10060)
12:50:10:707;IMP;리모트 시스템과 연결 실패 !(10060)
12:50:34:935;IMP;리모트 시스템과 연결 실패 !(10060)
12:50:59:154;IMP;리모트 시스템과 연결 실패 !(10060)
12:51:23:362;IMP;리모트 시스템과 연결 실패 !(10060)
12:51:47:578;IMP;리모트 시스템과 연결 실패 !(10060)
12:52:11:788;IMP;리모트 시스템과 연결 실패 !(10060)
12:52:36:006;IMP;리모트 시스템과 연결 실패 !(10060)
12:53:00:164;IMP;리모트 시스템과 연결 실패 !(10060)
12:53:24:367;IMP;리모트 시스템과 연결 실패 !(10060)
12:53:48:574;IMP;리모트 시스템과 연결 실패 !(10060)
12:54:12:826;IMP;리모트 시스템과 연결 실패 !(10060)
12:54:37:071;IMP;리모트 시스템과 연결 실패 !(10060)
12:55:01:248;IMP;리모트 시스템과 연결 실패 !(10060)
12:55:25:457;IMP;리모트 시스템과 연결 실패 !(10060)
12:55:49:658;IMP;리모트 시스템과 연결 실패 !(10060)
12:56:13:926;IMP;리모트 시스템과 연결 실패 !(10060)
12:56:38:095;IMP;리모트 시스템과 연결 실패 !(10060)
12:57:02:328;IMP;리모트 시스템과 연결 실패 !(10060)
12:57:26:571;IMP;리모트 시스템과 연결 실패 !(10060)
12:57:50:793;IMP;리모트 시스템과 연결 실패 !(10060)
12:58:14:995;IMP;리모트 시스템과 연결 실패 !(10060)
12:58:39:251;IMP;리모트 시스템과 연결 실패 !(10060)
12:58:39:298;ERR;Nested/Concurrent transactions aren't supported.
12:58:39:308;IMP;이상 발생.DB Logout...
12:58:39:339;IMP;통신 쓰레드를 종료합니다.
12:58:39:438;ERR;The Connection is not open.
   UPDATE  HOST_IF_LOG
     SET  SIM_MODE '0'
   WHERE  WH_TYP = '10'
ORDER BY  INS_DT DESC      LIMIT 1             
12:58:43:404;IMP;DB 로그인 중...
12:58:43:425;IMP;DB 로그인 성공.
12:59:06:559;IMP;리모트 시스템과 연결 실패 !(10060)
12:59:30:763;IMP;리모트 시스템과 연결 실패 !(10060)
13:35:00:463;IMP;DB 로그인 중...
13:35:00:476;IMP;DB 로그인 성공.
13:35:28:985;ERR;ERROR: 42601: syntax error at or near "'1'"
   UPDATE  HOST_IF_LOG
     SET  SIM_MODE '1'
   WHERE  WH_TYP = '10'
ORDER BY  INS_DT DESC      LIMIT 1             
13:35:28:998;IMP;리모트 시스템과 연결 실패 !(10060)
13:42:43:847;IMP;DB 로그인 중...
13:42:43:861;IMP;DB 로그인 성공.
13:43:07:281;IMP;리모트 시스템과 연결 실패 !(10060)
13:43:27:229;ERR;ERROR: 42601: syntax error at or near "'1'"
   UPDATE  HOST_IF_LOG
     SET  SIM_MODE '1'
   WHERE  WH_TYP = '10'
ORDER BY  INS_DT DESC      LIMIT 1             
13:43:31:432;IMP;리모트 시스템과 연결 실패 !(10060)
13:43:55:476;IMP;리모트 시스템과 연결 실패 !(10060)
13:44:19:528;IMP;리모트 시스템과 연결 실패 !(10060)
13:44:43:582;IMP;리모트 시스템과 연결 실패 !(10060)
13:45:07:634;IMP;리모트 시스템과 연결 실패 !(10060)
13:45:31:687;IMP;리모트 시스템과 연결 실패 !(10060)
13:45:55:731;IMP;리모트 시스템과 연결 실패 !(10060)
13:46:19:779;IMP;리모트 시스템과 연결 실패 !(10060)
13:46:43:829;IMP;리모트 시스템과 연결 실패 !(10060)
13:47:07:899;IMP;리모트 시스템과 연결 실패 !(10060)
13:47:31:947;IMP;리모트 시스템과 연결 실패 !(10060)
13:47:55:997;IMP;리모트 시스템과 연결 실패 !(10060)
13:48:20:050;IMP;리모트 시스템과 연결 실패 !(10060)
13:48:44:111;IMP;리모트 시스템과 연결 실패 !(10060)
13:49:08:173;IMP;리모트 시스템과 연결 실패 !(10060)
13:49:32:232;IMP;리모트 시스템과 연결 실패 !(10060)
13:49:56:310;IMP;리모트 시스템과 연결 실패 !(10060)
13:50:20:400;IMP;리모트 시스템과 연결 실패 !(10060)
13:50:44:507;IMP;리모트 시스템과 연결 실패 !(10060)
13:51:08:567;IMP;리모트 시스템과 연결 실패 !(10060)
13:51:32:629;IMP;리모트 시스템과 연결 실패 !(10060)
13:51:56:730;IMP;리모트 시스템과 연결 실패 !(10060)
13:52:20:783;IMP;리모트 시스템과 연결 실패 !(10060)
13:52:44:842;IMP;리모트 시스템과 연결 실패 !(10060)
13:53:08:901;IMP;리모트 시스템과 연결 실패 !(10060)
13:53:32:961;IMP;리모트 시스템과 연결 실패 !(10060)
13:53:57:023;IMP;리모트 시스템과 연결 실패 !(10060)
13:54:21:119;IMP;리모트 시스템과 연결 실패 !(10060)
13:54:45:215;IMP;리모트 시스템과 연결 실패 !(10060)
13:55:09:280;IMP;리모트 시스템과 연결 실패 !(10060)
13:55:33:349;IMP;리모트 시스템과 연결 실패 !(10060)
13:55:57:494;IMP;리모트 시스템과 연결 실패 !(10060)
13:56:21:726;IMP;리모트 시스템과 연결 실패 !(10060)
13:56:45:946;IMP;리모트 시스템과 연결 실패 !(10060)
13:57:10:194;IMP;리모트 시스템과 연결 실패 !(10060)
13:57:34:292;IMP;리모트 시스템과 연결 실패 !(10060)
13:57:58:560;IMP;리모트 시스템과 연결 실패 !(10060)
13:58:22:791;IMP;리모트 시스템과 연결 실패 !(10060)
13:58:46:847;IMP;리모트 시스템과 연결 실패 !(10060)
13:59:10:906;IMP;리모트 시스템과 연결 실패 !(10060)
13:59:34:962;IMP;리모트 시스템과 연결 실패 !(10060)
13:59:59:020;IMP;리모트 시스템과 연결 실패 !(10060)
14:00:33:615;IMP;DB 로그인 중...
14:00:33:634;IMP;DB 로그인 성공.
14:00:36:357;ERR;ERROR: 42601: syntax error at or near "ORDER"
   UPDATE  HOST_IF_LOG
     SET  SIM_MODE = '1'
   WHERE  WH_TYP = '10'
ORDER BY  INS_DT DESC      LIMIT 1             
14:00:57:077;IMP;리모트 시스템과 연결 실패 !(10060)
14:01:21:119;IMP;리모트 시스템과 연결 실패 !(10060)
14:01:45:209;IMP;리모트 시스템과 연결 실패 !(10060)
14:02:09:269;IMP;리모트 시스템과 연결 실패 !(10060)
14:02:33:339;IMP;리모트 시스템과 연결 실패 !(10060)
14:02:57:385;IMP;리모트 시스템과 연결 실패 !(10060)
14:03:21:438;IMP;리모트 시스템과 연결 실패 !(10060)
14:03:45:491;IMP;리모트 시스템과 연결 실패 !(10060)
14:04:09:558;IMP;리모트 시스템과 연결 실패 !(10060)
14:04:33:629;IMP;리모트 시스템과 연결 실패 !(10060)
14:04:57:677;IMP;리모트 시스템과 연결 실패 !(10060)
14:05:21:725;IMP;리모트 시스템과 연결 실패 !(10060)
14:05:45:781;IMP;리모트 시스템과 연결 실패 !(10060)
14:06:09:831;IMP;리모트 시스템과 연결 실패 !(10060)
14:06:33:904;IMP;리모트 시스템과 연결 실패 !(10060)
14:06:57:957;IMP;리모트 시스템과 연결 실패 !(10060)
14:07:22:035;IMP;리모트 시스템과 연결 실패 !(10060)
14:07:46:093;IMP;리모트 시스템과 연결 실패 !(10060)
14:08:10:164;IMP;리모트 시스템과 연결 실패 !(10060)
14:08:34:226;IMP;리모트 시스템과 연결 실패 !(10060)
14:08:58:289;IMP;리모트 시스템과 연결 실패 !(10060)
14:09:22:347;IMP;리모트 시스템과 연결 실패 !(10060)
14:09:46:409;IMP;리모트 시스템과 연결 실패 !(10060)
14:10:10:481;IMP;리모트 시스템과 연결 실패 !(10060)
14:10:34:546;IMP;리모트 시스템과 연결 실패 !(10060)
14:10:58:612;IMP;리모트 시스템과 연결 실패 !(10060)
14:11:22:686;IMP;리모트 시스템과 연결 실패 !(10060)
14:11:46:749;IMP;리모트 시스템과 연결 실패 !(10060)
14:13:28:784;IMP;DB 로그인 중...
14:13:28:797;IMP;DB 로그인 성공.
14:13:52:208;IMP;리모트 시스템과 연결 실패 !(10060)
14:14:23:320;IMP;리모트 시스템과 연결 실패 !(10060)
14:16:39:362;IMP;DB 로그인 중...
14:16:39:382;IMP;DB 로그인 성공.
14:17:02:851;IMP;리모트 시스템과 연결 실패 !(10060)
14:17:26:910;IMP;리모트 시스템과 연결 실패 !(10060)
14:17:50:949;IMP;리모트 시스템과 연결 실패 !(10060)
14:18:15:001;IMP;리모트 시스템과 연결 실패 !(10060)
14:19:43:803;IMP;DB 로그인 중...
14:19:43:818;IMP;DB 로그인 성공.
14:19:44:184;ERR;[InsertJobMst] .. 작업 생성에 실패하였습니다. [작업번호:9991][출발지:101][출발LOC:00-000-00][도착지:901][도착LOC:01-001-01][LOT_NO:][SIZE:0][DB Err:ERROR: 23505: duplicate key value violates unique constraint "job_mst_pkey"]
14:20:15:377;IMP;종료 중... 잠시 기다리세요.
14:20:15:389;IMP;통신 쓰레드를 종료합니다.
14:20:16:099;NOR;Write Log Thread 종료.
14:46:53:934;IMP;DB 로그인 중...
14:46:53:948;IMP;DB 로그인 성공.
14:46:54:412;ERR;ERROR: 42703: column "lugg" does not exist
   SELECT  * 
    FROM  JOB_MST
   WHERE  WH_TYP = '10'
     AND  LUGG = '9991'
14:46:54:483;IMP;이상 발생.DB Logout...
14:46:54:512;IMP;통신 쓰레드를 종료합니다.
14:46:58:549;IMP;DB 로그인 중...
14:46:58:565;IMP;DB 로그인 성공.
14:47:25:551;IMP;DB 로그인 중...
14:47:25:566;IMP;DB 로그인 성공.
14:47:59:321;IMP;종료 중... 잠시 기다리세요.
14:47:59:329;IMP;통신 쓰레드를 종료합니다.
14:47:59:841;NOR;Write Log Thread 종료.
14:58:07:483;IMP;DB 로그인 중...
14:58:07:499;IMP;DB 로그인 성공.
15:50:51:051;IMP;DB 로그인 중...
15:50:51:080;IMP;DB 로그인 성공.
15:54:31:700;IMP;DB 로그인 중...
15:54:31:715;IMP;DB 로그인 성공.
16:04:16:524;IMP;[DeleteJobMst] .. 정상 처리되었습니다. 작업번호[9991]
16:04:25:670;IMP;[GetJobCompleteReport] .. SIM MODE 작업 (완료)삭제 성공하였습니다. [작업번호:9991]
16:04:46:380;IMP;[DeleteJobMst] .. 정상 처리되었습니다. 작업번호[9992]
16:04:46:408;IMP;[GetJobCompleteReport] .. SIM MODE 작업 (완료)삭제 성공하였습니다. [작업번호:9992]
16:04:47:621;IMP;[DeleteJobMst] .. 정상 처리되었습니다. 작업번호[9993]
16:04:47:645;IMP;[GetJobCompleteReport] .. SIM MODE 작업 (완료)삭제 성공하였습니다. [작업번호:9993]
16:34:40:472;IMP;DB 로그인 중...
16:34:40:497;IMP;DB 로그인 성공.
16:36:30:442;IMP;[DeleteJobMst] .. 정상 처리되었습니다. 작업번호[9994]
16:36:30:456;IMP;[GetJobCompleteReport] .. SIM MODE 작업 (완료)삭제 성공하였습니다. [작업번호:9994]
16:51:05:101;IMP;[DeleteJobMst] .. 정상 처리되었습니다. 작업번호[9080]
16:51:09:801;IMP;[GetJobCompleteReport] .. SIM MODE 작업 (완료)삭제 성공하였습니다. [작업번호:9080]
16:51:36:569;IMP;[DeleteJobMst] .. 정상 처리되었습니다. 작업번호[9080]
16:51:36:590;IMP;[GetJobCompleteReport] .. SIM MODE 작업 (완료)삭제 성공하였습니다. [작업번호:9080]
16:51:36:774;ERR;[GetJobCompleteReport] .. ERROR: 42703: column "level" does not exist
   SELECT  MAX(BANK) AS MAX_BANK
       ,  MIN(BANK) AS MIN_BANK
       ,  MAX(BAY) AS MAX_BAY
       ,  MAX(LEVEL) AS MAX_LEVEL
    FROM  CELL_MST          
   WHERE  WH_TYP = '10'
     AND  CELL_SC_NO = '901'
ORDER BY  SC_NO             
