09:00:50:236;IMP;DB 로그인 중...
09:00:50:270;IMP;DB 로그인 성공.
09:00:52:663;IMP;통신이 연결되었습니다.
09:00:54:703;IMP;종료 중... 잠시 기다리세요.
09:00:54:719;IMP;통신 쓰레드를 종료합니다.
09:00:55:314;NOR;Write Log Thread 종료.
09:13:06:745;IMP;DB 로그인 중...
09:13:06:756;IMP;DB 로그인 성공.
09:17:39:110;IMP;DB 로그인 중...
09:17:39:122;IMP;DB 로그인 성공.
09:17:41:515;IMP;통신이 연결되었습니다.
09:17:56:278;IMP;종료 중... 잠시 기다리세요.
09:17:56:283;IMP;통신 쓰레드를 종료합니다.
09:17:57:288;NOR;Write Log Thread 종료.
09:19:49:015;IMP;DB 로그인 중...
09:19:49:028;IMP;DB 로그인 성공.
09:19:51:481;IMP;통신이 연결되었습니다.
09:19:54:265;IMP;종료 중... 잠시 기다리세요.
09:19:54:270;IMP;통신 쓰레드를 종료합니다.
09:19:55:110;NOR;Write Log Thread 종료.
