13:57:47:481;IMP;DB 로그인 중...
13:57:47:515;IMP;DB 로그인 성공.
14:16:36:336;IMP;[DeleteJobMst] .. 정상 처리되었습니다. 작업번호[9993]
14:16:36:370;IMP;[GetJobCompleteReport] .. SIM MODE 작업 (완료)삭제 성공하였습니다. [작업번호:9993]
14:38:50:361;IMP;DB 로그인 중...
14:38:50:389;IMP;DB 로그인 성공.
14:42:28:326;IMP;종료 중... 잠시 기다리세요.
14:42:28:356;IMP;통신 쓰레드를 종료합니다.
14:42:28:985;NOR;Write Log Thread 종료.
14:42:39:313;IMP;DB 로그인 중...
14:42:39:336;IMP;DB 로그인 성공.
14:42:57:693;IMP;종료 중... 잠시 기다리세요.
14:42:57:699;IMP;통신 쓰레드를 종료합니다.
14:42:58:500;NOR;Write Log Thread 종료.
14:43:41:606;IMP;DB 로그인 중...
14:43:41:619;IMP;DB 로그인 성공.
14:45:54:248;IMP;DB 로그인 중...
14:45:54:262;IMP;DB 로그인 성공.
14:46:01:316;IMP;리모트 시스템과 연결 실패 !(10061)
14:46:45:843;IMP;리모트 시스템과 연결 실패 !(10061)
14:46:50:061;IMP;리모트 시스템과 연결 실패 !(10061)
14:47:30:251;IMP;리모트 시스템과 연결 실패 !(10061)
14:49:48:482;IMP;DB 로그인 중...
14:49:48:494;IMP;DB 로그인 성공.
14:49:51:937;IMP;리모트 시스템과 연결 실패 !(10061)
14:49:56:145;IMP;리모트 시스템과 연결 실패 !(10061)
14:51:09:478;IMP;[DeleteJobMst] .. 정상 처리되었습니다. 작업번호[9991]
14:51:09:560;IMP;[GetJobCompleteReport] .. SIM MODE 작업 (완료)삭제 성공하였습니다. [작업번호:9991]
14:51:45:493;IMP;[DeleteJobMst] .. 정상 처리되었습니다. 작업번호[9993]
14:51:45:519;IMP;[GetJobCompleteReport] .. SIM MODE 작업 (완료)삭제 성공하였습니다. [작업번호:9993]
14:54:37:477;IMP;[DeleteJobMst] .. 정상 처리되었습니다. 작업번호[9991]
14:54:37:505;IMP;[GetJobCompleteReport] .. SIM MODE 작업 (완료)삭제 성공하였습니다. [작업번호:9991]
14:54:37:579;ERR;[GetJobCompleteReport] .. ERROR: 42703: column "level" does not exist
   SELECT  MAX(BANK) AS MAX_BANK
       ,  MIN(BANK) AS MIN_BANK
       ,  MAX(BAY) AS MAX_BAY
       ,  MAX(LEVEL) AS MAX_LEVEL
    FROM  CELL_MST          
   WHERE  WH_TYP = '10'
     AND  CELL_SC_NO = '901'
ORDER BY  SC_NO             
14:55:13:822;IMP;[DeleteJobMst] .. 정상 처리되었습니다. 작업번호[9993]
14:55:13:888;IMP;[GetJobCompleteReport] .. SIM MODE 작업 (완료)삭제 성공하였습니다. [작업번호:9993]
14:55:13:943;ERR;[GetJobCompleteReport] .. ERROR: 42703: column "level" does not exist
   SELECT  MAX(BANK) AS MAX_BANK
       ,  MIN(BANK) AS MIN_BANK
       ,  MAX(BAY) AS MAX_BAY
       ,  MAX(LEVEL) AS MAX_LEVEL
    FROM  CELL_MST          
   WHERE  WH_TYP = '10'
     AND  CELL_SC_NO = '903'
ORDER BY  SC_NO             
14:55:55:422;IMP;리모트 시스템과 연결 실패 !(10061)
14:55:59:705;IMP;리모트 시스템과 연결 실패 !(10061)
14:56:03:947;IMP;리모트 시스템과 연결 실패 !(10061)
14:56:08:168;IMP;리모트 시스템과 연결 실패 !(10061)
14:56:12:391;IMP;리모트 시스템과 연결 실패 !(10061)
14:56:16:608;IMP;리모트 시스템과 연결 실패 !(10061)
14:56:20:896;IMP;리모트 시스템과 연결 실패 !(10061)
14:56:25:167;IMP;리모트 시스템과 연결 실패 !(10061)
14:56:29:446;IMP;리모트 시스템과 연결 실패 !(10061)
14:56:33:749;IMP;리모트 시스템과 연결 실패 !(10061)
14:56:37:997;IMP;리모트 시스템과 연결 실패 !(10061)
14:56:42:271;IMP;리모트 시스템과 연결 실패 !(10061)
14:56:46:502;IMP;리모트 시스템과 연결 실패 !(10061)
14:56:50:762;IMP;리모트 시스템과 연결 실패 !(10061)
14:56:54:997;IMP;리모트 시스템과 연결 실패 !(10061)
14:56:59:256;IMP;리모트 시스템과 연결 실패 !(10061)
14:57:03:466;IMP;리모트 시스템과 연결 실패 !(10061)
14:57:07:782;IMP;리모트 시스템과 연결 실패 !(10061)
14:57:12:011;IMP;리모트 시스템과 연결 실패 !(10061)
14:57:16:281;IMP;리모트 시스템과 연결 실패 !(10061)
14:57:20:519;IMP;리모트 시스템과 연결 실패 !(10061)
14:57:24:773;IMP;리모트 시스템과 연결 실패 !(10061)
14:57:29:022;IMP;리모트 시스템과 연결 실패 !(10061)
14:57:33:250;IMP;리모트 시스템과 연결 실패 !(10061)
14:57:37:512;IMP;리모트 시스템과 연결 실패 !(10061)
14:57:41:761;IMP;리모트 시스템과 연결 실패 !(10061)
14:57:46:007;IMP;리모트 시스템과 연결 실패 !(10061)
15:07:29:409;IMP;DB 로그인 중...
15:07:29:438;IMP;DB 로그인 성공.
15:07:32:942;IMP;리모트 시스템과 연결 실패 !(10061)
15:07:37:481;IMP;리모트 시스템과 연결 실패 !(10061)
15:07:41:718;IMP;리모트 시스템과 연결 실패 !(10061)
15:17:16:588;IMP;DB 로그인 중...
15:17:16:603;IMP;DB 로그인 성공.
15:17:20:009;IMP;리모트 시스템과 연결 실패 !(10061)
15:17:25:548;IMP;리모트 시스템과 연결 실패 !(10061)
15:18:53:831;IMP;[DeleteJobMst] .. 정상 처리되었습니다. 작업번호[9993]
15:18:53:867;IMP;[GetJobCompleteReport] .. SIM MODE 작업 (완료)삭제 성공하였습니다. [작업번호:9993]
15:19:07:374;IMP;[DeleteJobMst] .. 정상 처리되었습니다. 작업번호[9991]
15:19:07:391;IMP;[GetJobCompleteReport] .. SIM MODE 작업 (완료)삭제 성공하였습니다. [작업번호:9991]
15:20:12:121;IMP;[DeleteJobMst] .. 정상 처리되었습니다. 작업번호[9993]
15:20:12:148;IMP;[GetJobCompleteReport] .. SIM MODE 작업 (완료)삭제 성공하였습니다. [작업번호:9993]
15:20:12:220;ERR;[GetJobCompleteReport] .. ERROR: 42803: column "cell_mst.sc_no" must appear in the GROUP BY clause or be used in an aggregate function
   SELECT  MAX(BANK) AS MAX_BANK
       ,  MIN(BANK) AS MIN_BANK
       ,  MAX(BAY) AS MAX_BAY
       ,  MAX(LEV) AS MAX_LEVEL
    FROM  CELL_MST          
   WHERE  WH_TYP = '10'
     AND  CELL_SC_NO = '903'
ORDER BY  SC_NO             
15:23:06:705;IMP;DB 로그인 중...
15:23:06:735;IMP;DB 로그인 성공.
15:24:25:124;IMP;[DeleteJobMst] .. 정상 처리되었습니다. 작업번호[9993]
15:24:25:155;IMP;[GetJobCompleteReport] .. SIM MODE 작업 (완료)삭제 성공하였습니다. [작업번호:9993]
15:24:29:352;IMP;[DeleteJobMst] .. 정상 처리되었습니다. 작업번호[9991]
15:24:29:367;IMP;[GetJobCompleteReport] .. SIM MODE 작업 (완료)삭제 성공하였습니다. [작업번호:9991]
15:24:29:431;IMP;[GetJobCompleteReport] .. SIM MODE 작업 추가 되었습니다.[작업번호:9991]
15:25:44:231;IMP;[DeleteJobMst] .. 정상 처리되었습니다. 작업번호[9993]
15:25:44:257;IMP;[GetJobCompleteReport] .. SIM MODE 작업 (완료)삭제 성공하였습니다. [작업번호:9993]
15:25:44:328;IMP;[GetJobCompleteReport] .. SIM MODE 작업 추가 되었습니다.[작업번호:9993]
15:26:43:711;IMP;[DeleteJobMst] .. 정상 처리되었습니다. 작업번호[9993]
15:26:43:741;IMP;[GetJobCompleteReport] .. SIM MODE 작업 (완료)삭제 성공하였습니다. [작업번호:9993]
15:28:00:320;IMP;[DeleteJobMst] .. 정상 처리되었습니다. 작업번호[9993]
15:28:00:356;IMP;[GetJobCompleteReport] .. SIM MODE 작업 (완료)삭제 성공하였습니다. [작업번호:9993]
15:28:00:426;IMP;[GetJobCompleteReport] .. SIM MODE 작업 추가 되었습니다.[작업번호:9993]
15:29:01:680;IMP;[DeleteJobMst] .. 정상 처리되었습니다. 작업번호[9993]
15:29:01:717;IMP;[GetJobCompleteReport] .. SIM MODE 작업 (완료)삭제 성공하였습니다. [작업번호:9993]
15:30:23:619;IMP;[DeleteJobMst] .. 정상 처리되었습니다. 작업번호[9993]
15:30:23:665;IMP;[GetJobCompleteReport] .. SIM MODE 작업 (완료)삭제 성공하였습니다. [작업번호:9993]
15:30:23:735;IMP;[GetJobCompleteReport] .. SIM MODE 작업 추가 되었습니다.[작업번호:9993]
15:31:24:727;IMP;[DeleteJobMst] .. 정상 처리되었습니다. 작업번호[9993]
15:31:24:764;IMP;[GetJobCompleteReport] .. SIM MODE 작업 (완료)삭제 성공하였습니다. [작업번호:9993]
15:32:44:495;IMP;[DeleteJobMst] .. 정상 처리되었습니다. 작업번호[9993]
15:32:44:550;IMP;[GetJobCompleteReport] .. SIM MODE 작업 (완료)삭제 성공하였습니다. [작업번호:9993]
15:32:44:637;IMP;[GetJobCompleteReport] .. SIM MODE 작업 추가 되었습니다.[작업번호:9993]
15:33:48:886;IMP;[DeleteJobMst] .. 정상 처리되었습니다. 작업번호[9993]
15:33:48:932;IMP;[GetJobCompleteReport] .. SIM MODE 작업 (완료)삭제 성공하였습니다. [작업번호:9993]
15:35:10:741;IMP;[DeleteJobMst] .. 정상 처리되었습니다. 작업번호[9993]
15:35:10:791;IMP;[GetJobCompleteReport] .. SIM MODE 작업 (완료)삭제 성공하였습니다. [작업번호:9993]
15:35:10:860;IMP;[GetJobCompleteReport] .. SIM MODE 작업 추가 되었습니다.[작업번호:9993]
15:36:14:522;IMP;[DeleteJobMst] .. 정상 처리되었습니다. 작업번호[9993]
15:36:14:572;IMP;[GetJobCompleteReport] .. SIM MODE 작업 (완료)삭제 성공하였습니다. [작업번호:9993]
15:37:40:407;IMP;[DeleteJobMst] .. 정상 처리되었습니다. 작업번호[9993]
15:37:40:522;IMP;[GetJobCompleteReport] .. SIM MODE 작업 (완료)삭제 성공하였습니다. [작업번호:9993]
15:37:40:640;IMP;[GetJobCompleteReport] .. SIM MODE 작업 추가 되었습니다.[작업번호:9993]
15:38:46:222;IMP;[DeleteJobMst] .. 정상 처리되었습니다. 작업번호[9993]
15:38:46:301;IMP;[GetJobCompleteReport] .. SIM MODE 작업 (완료)삭제 성공하였습니다. [작업번호:9993]
15:40:11:924;IMP;[DeleteJobMst] .. 정상 처리되었습니다. 작업번호[9993]
15:40:11:964;IMP;[GetJobCompleteReport] .. SIM MODE 작업 (완료)삭제 성공하였습니다. [작업번호:9993]
15:40:12:037;IMP;[GetJobCompleteReport] .. SIM MODE 작업 추가 되었습니다.[작업번호:9993]
15:41:21:218;IMP;[DeleteJobMst] .. 정상 처리되었습니다. 작업번호[9993]
15:41:21:265;IMP;[GetJobCompleteReport] .. SIM MODE 작업 (완료)삭제 성공하였습니다. [작업번호:9993]
15:42:47:405;IMP;[DeleteJobMst] .. 정상 처리되었습니다. 작업번호[9993]
15:42:47:484;IMP;[GetJobCompleteReport] .. SIM MODE 작업 (완료)삭제 성공하였습니다. [작업번호:9993]
15:42:47:561;IMP;[GetJobCompleteReport] .. SIM MODE 작업 추가 되었습니다.[작업번호:9993]
15:43:51:744;IMP;[DeleteJobMst] .. 정상 처리되었습니다. 작업번호[9993]
15:43:51:799;IMP;[GetJobCompleteReport] .. SIM MODE 작업 (완료)삭제 성공하였습니다. [작업번호:9993]
15:45:17:117;IMP;[DeleteJobMst] .. 정상 처리되었습니다. 작업번호[9993]
15:45:17:166;IMP;[GetJobCompleteReport] .. SIM MODE 작업 (완료)삭제 성공하였습니다. [작업번호:9993]
15:45:17:258;IMP;[GetJobCompleteReport] .. SIM MODE 작업 추가 되었습니다.[작업번호:9993]
15:46:26:594;IMP;[DeleteJobMst] .. 정상 처리되었습니다. 작업번호[9993]
15:46:26:721;IMP;[GetJobCompleteReport] .. SIM MODE 작업 (완료)삭제 성공하였습니다. [작업번호:9993]
15:47:52:972;IMP;[DeleteJobMst] .. 정상 처리되었습니다. 작업번호[9993]
15:47:52:996;IMP;[GetJobCompleteReport] .. SIM MODE 작업 (완료)삭제 성공하였습니다. [작업번호:9993]
15:47:53:063;IMP;[GetJobCompleteReport] .. SIM MODE 작업 추가 되었습니다.[작업번호:9993]
15:48:10:719;IMP;[DeleteJobMst] .. 정상 처리되었습니다. 작업번호[9991]
15:48:10:747;IMP;[GetJobCompleteReport] .. SIM MODE 작업 (완료)삭제 성공하였습니다. [작업번호:9991]
15:49:06:105;IMP;[DeleteJobMst] .. 정상 처리되었습니다. 작업번호[9993]
15:49:06:140;IMP;[GetJobCompleteReport] .. SIM MODE 작업 (완료)삭제 성공하였습니다. [작업번호:9993]
15:50:33:066;IMP;[DeleteJobMst] .. 정상 처리되었습니다. 작업번호[9993]
15:50:33:159;IMP;[GetJobCompleteReport] .. SIM MODE 작업 (완료)삭제 성공하였습니다. [작업번호:9993]
15:50:33:259;IMP;[GetJobCompleteReport] .. SIM MODE 작업 추가 되었습니다.[작업번호:9993]
15:51:44:857;IMP;[DeleteJobMst] .. 정상 처리되었습니다. 작업번호[9993]
15:51:44:904;IMP;[GetJobCompleteReport] .. SIM MODE 작업 (완료)삭제 성공하였습니다. [작업번호:9993]
15:55:49:225;IMP;[DeleteJobMst] .. 정상 처리되었습니다. 작업번호[9991]
15:55:49:265;IMP;[GetJobCompleteReport] .. SIM MODE 작업 (완료)삭제 성공하였습니다. [작업번호:9991]
15:55:49:336;IMP;[GetJobCompleteReport] .. SIM MODE 작업 추가 되었습니다.[작업번호:9991]
15:56:00:756;IMP;[DeleteJobMst] .. 정상 처리되었습니다. 작업번호[9993]
15:56:00:813;IMP;[GetJobCompleteReport] .. SIM MODE 작업 (완료)삭제 성공하였습니다. [작업번호:9993]
15:56:00:894;IMP;[GetJobCompleteReport] .. SIM MODE 작업 추가 되었습니다.[작업번호:9993]
15:56:43:700;IMP;[DeleteJobMst] .. 정상 처리되었습니다. 작업번호[9991]
15:56:43:771;IMP;[GetJobCompleteReport] .. SIM MODE 작업 (완료)삭제 성공하였습니다. [작업번호:9991]
15:57:33:182;IMP;[DeleteJobMst] .. 정상 처리되었습니다. 작업번호[9993]
15:57:33:285;IMP;[GetJobCompleteReport] .. SIM MODE 작업 (완료)삭제 성공하였습니다. [작업번호:9993]
15:57:52:013;IMP;[DeleteJobMst] .. 정상 처리되었습니다. 작업번호[9991]
15:57:52:092;IMP;[GetJobCompleteReport] .. SIM MODE 작업 (완료)삭제 성공하였습니다. [작업번호:9991]
15:57:52:168;IMP;[GetJobCompleteReport] .. SIM MODE 작업 추가 되었습니다.[작업번호:9991]
15:58:50:550;IMP;[DeleteJobMst] .. 정상 처리되었습니다. 작업번호[9991]
15:58:50:599;IMP;[GetJobCompleteReport] .. SIM MODE 작업 (완료)삭제 성공하였습니다. [작업번호:9991]
15:59:03:185;IMP;[DeleteJobMst] .. 정상 처리되었습니다. 작업번호[9993]
15:59:03:233;IMP;[GetJobCompleteReport] .. SIM MODE 작업 (완료)삭제 성공하였습니다. [작업번호:9993]
15:59:03:415;IMP;[GetJobCompleteReport] .. SIM MODE 작업 추가 되었습니다.[작업번호:9993]
16:00:13:955;IMP;[DeleteJobMst] .. 정상 처리되었습니다. 작업번호[9993]
16:00:14:005;IMP;[GetJobCompleteReport] .. SIM MODE 작업 (완료)삭제 성공하였습니다. [작업번호:9993]
16:00:15:167;IMP;[DeleteJobMst] .. 정상 처리되었습니다. 작업번호[9991]
16:00:15:231;IMP;[GetJobCompleteReport] .. SIM MODE 작업 (완료)삭제 성공하였습니다. [작업번호:9991]
16:00:15:334;IMP;[GetJobCompleteReport] .. SIM MODE 작업 추가 되었습니다.[작업번호:9991]
16:01:17:192;IMP;[DeleteJobMst] .. 정상 처리되었습니다. 작업번호[9991]
16:01:17:249;IMP;[GetJobCompleteReport] .. SIM MODE 작업 (완료)삭제 성공하였습니다. [작업번호:9991]
16:02:41:224;IMP;[DeleteJobMst] .. 정상 처리되었습니다. 작업번호[9991]
16:02:41:273;IMP;[GetJobCompleteReport] .. SIM MODE 작업 (완료)삭제 성공하였습니다. [작업번호:9991]
16:02:41:357;IMP;[GetJobCompleteReport] .. SIM MODE 작업 추가 되었습니다.[작업번호:9991]
16:03:41:446;IMP;[DeleteJobMst] .. 정상 처리되었습니다. 작업번호[9991]
16:03:41:560;IMP;[GetJobCompleteReport] .. SIM MODE 작업 (완료)삭제 성공하였습니다. [작업번호:9991]
16:04:22:990;IMP;[DeleteJobMst] .. 정상 처리되었습니다. 작업번호[9993]
16:04:23:030;IMP;[GetJobCompleteReport] .. SIM MODE 작업 (완료)삭제 성공하였습니다. [작업번호:9993]
16:05:06:246;IMP;종료 중... 잠시 기다리세요.
16:05:06:286;IMP;통신 쓰레드를 종료합니다.
16:05:06:382;NOR;Write Log Thread 종료.
16:17:27:567;IMP;DB 로그인 중...
16:17:27:579;IMP;DB 로그인 성공.
16:18:09:916;IMP;[DeleteJobMst] .. 정상 처리되었습니다. 작업번호[9991]
16:18:09:951;IMP;[GetJobCompleteReport] .. SIM MODE 작업 (완료)삭제 성공하였습니다. [작업번호:9991]
16:18:47:311;IMP;[DeleteJobMst] .. 정상 처리되었습니다. 작업번호[9993]
16:18:47:333;IMP;[GetJobCompleteReport] .. SIM MODE 작업 (완료)삭제 성공하였습니다. [작업번호:9993]
16:19:15:349;IMP;[DeleteJobMst] .. 정상 처리되었습니다. 작업번호[9991]
16:19:15:368;IMP;[GetJobCompleteReport] .. SIM MODE 작업 (완료)삭제 성공하였습니다. [작업번호:9991]
16:19:15:429;IMP;[GetJobCompleteReport] .. SIM MODE 작업 추가 되었습니다.[작업번호:9991]
16:20:05:122;IMP;[DeleteJobMst] .. 정상 처리되었습니다. 작업번호[9993]
16:20:05:144;IMP;[GetJobCompleteReport] .. SIM MODE 작업 (완료)삭제 성공하였습니다. [작업번호:9993]
16:20:05:195;IMP;[GetJobCompleteReport] .. SIM MODE 작업 추가 되었습니다.[작업번호:9993]
16:20:14:531;IMP;[DeleteJobMst] .. 정상 처리되었습니다. 작업번호[9991]
16:20:14:559;IMP;[GetJobCompleteReport] .. SIM MODE 작업 (완료)삭제 성공하였습니다. [작업번호:9991]
16:20:59:101;IMP;[DeleteJobMst] .. 정상 처리되었습니다. 작업번호[9993]
16:20:59:128;IMP;[GetJobCompleteReport] .. SIM MODE 작업 (완료)삭제 성공하였습니다. [작업번호:9993]
16:25:23:216;IMP;리모트 시스템과 연결 실패 !(10061)
16:26:04:736;IMP;[DeleteJobMst] .. 정상 처리되었습니다. 작업번호[9993]
16:26:04:771;IMP;[GetJobCompleteReport] .. SIM MODE 작업 (완료)삭제 성공하였습니다. [작업번호:9993]
16:26:19:407;IMP;[DeleteJobMst] .. 정상 처리되었습니다. 작업번호[9991]
16:26:19:457;IMP;[GetJobCompleteReport] .. SIM MODE 작업 (완료)삭제 성공하였습니다. [작업번호:9991]
16:27:22:580;IMP;[DeleteJobMst] .. 정상 처리되었습니다. 작업번호[9993]
16:27:22:626;IMP;[GetJobCompleteReport] .. SIM MODE 작업 (완료)삭제 성공하였습니다. [작업번호:9993]
16:27:22:742;IMP;[GetJobCompleteReport] .. SIM MODE 작업 추가 되었습니다.[작업번호:9993]
16:27:48:675;IMP;[DeleteJobMst] .. 정상 처리되었습니다. 작업번호[9991]
16:27:48:718;IMP;[GetJobCompleteReport] .. SIM MODE 작업 (완료)삭제 성공하였습니다. [작업번호:9991]
16:27:48:803;IMP;[GetJobCompleteReport] .. SIM MODE 작업 추가 되었습니다.[작업번호:9991]
16:28:21:958;IMP;[DeleteJobMst] .. 정상 처리되었습니다. 작업번호[9993]
16:28:22:009;IMP;[GetJobCompleteReport] .. SIM MODE 작업 (완료)삭제 성공하였습니다. [작업번호:9993]
16:28:59:386;IMP;[DeleteJobMst] .. 정상 처리되었습니다. 작업번호[9991]
16:28:59:433;IMP;[GetJobCompleteReport] .. SIM MODE 작업 (완료)삭제 성공하였습니다. [작업번호:9991]
16:29:27:111;IMP;[DeleteJobMst] .. 정상 처리되었습니다. 작업번호[9993]
16:29:27:206;IMP;[GetJobCompleteReport] .. SIM MODE 작업 (완료)삭제 성공하였습니다. [작업번호:9993]
16:29:27:291;IMP;[GetJobCompleteReport] .. SIM MODE 작업 추가 되었습니다.[작업번호:9993]
16:30:21:206;IMP;[DeleteJobMst] .. 정상 처리되었습니다. 작업번호[9991]
16:30:21:551;IMP;[GetJobCompleteReport] .. SIM MODE 작업 (완료)삭제 성공하였습니다. [작업번호:9991]
16:30:21:628;IMP;[GetJobCompleteReport] .. SIM MODE 작업 추가 되었습니다.[작업번호:9991]
16:30:26:840;IMP;[DeleteJobMst] .. 정상 처리되었습니다. 작업번호[9993]
16:30:26:879;IMP;[GetJobCompleteReport] .. SIM MODE 작업 (완료)삭제 성공하였습니다. [작업번호:9993]
16:31:18:031;IMP;[DeleteJobMst] .. 정상 처리되었습니다. 작업번호[9991]
16:31:18:093;IMP;[GetJobCompleteReport] .. SIM MODE 작업 (완료)삭제 성공하였습니다. [작업번호:9991]
16:31:44:017;IMP;[DeleteJobMst] .. 정상 처리되었습니다. 작업번호[9993]
16:31:44:069;IMP;[GetJobCompleteReport] .. SIM MODE 작업 (완료)삭제 성공하였습니다. [작업번호:9993]
16:31:44:159;IMP;[GetJobCompleteReport] .. SIM MODE 작업 추가 되었습니다.[작업번호:9993]
16:32:38:510;IMP;[DeleteJobMst] .. 정상 처리되었습니다. 작업번호[9991]
16:32:38:597;IMP;[GetJobCompleteReport] .. SIM MODE 작업 (완료)삭제 성공하였습니다. [작업번호:9991]
16:32:38:718;IMP;[GetJobCompleteReport] .. SIM MODE 작업 추가 되었습니다.[작업번호:9991]
16:32:47:043;IMP;[DeleteJobMst] .. 정상 처리되었습니다. 작업번호[9993]
16:32:47:132;IMP;[GetJobCompleteReport] .. SIM MODE 작업 (완료)삭제 성공하였습니다. [작업번호:9993]
16:33:20:397;IMP;[DeleteJobMst] .. 정상 처리되었습니다. 작업번호[9991]
16:33:20:459;IMP;[GetJobCompleteReport] .. SIM MODE 작업 (완료)삭제 성공하였습니다. [작업번호:9991]
16:34:25:232;IMP;[DeleteJobMst] .. 정상 처리되었습니다. 작업번호[9991]
16:34:25:249;IMP;[GetJobCompleteReport] .. SIM MODE 작업 (완료)삭제 성공하였습니다. [작업번호:9991]
16:35:11:670;IMP;[GetJobCompleteReport] .. SIM MODE 작업 추가 되었습니다.[작업번호:9991]
16:35:12:730;IMP;[DeleteJobMst] .. 정상 처리되었습니다. 작업번호[9993]
16:35:12:749;IMP;[GetJobCompleteReport] .. SIM MODE 작업 (완료)삭제 성공하였습니다. [작업번호:9993]
16:35:12:836;IMP;[GetJobCompleteReport] .. SIM MODE 작업 추가 되었습니다.[작업번호:9993]
16:35:58:464;IMP;[DeleteJobMst] .. 정상 처리되었습니다. 작업번호[9993]
16:35:58:488;IMP;[GetJobCompleteReport] .. SIM MODE 작업 (완료)삭제 성공하였습니다. [작업번호:9993]
16:36:07:894;IMP;[DeleteJobMst] .. 정상 처리되었습니다. 작업번호[9991]
16:36:07:932;IMP;[GetJobCompleteReport] .. SIM MODE 작업 (완료)삭제 성공하였습니다. [작업번호:9991]
16:37:23:240;IMP;[DeleteJobMst] .. 정상 처리되었습니다. 작업번호[9991]
16:37:23:320;IMP;[GetJobCompleteReport] .. SIM MODE 작업 (완료)삭제 성공하였습니다. [작업번호:9991]
16:37:23:411;IMP;[GetJobCompleteReport] .. SIM MODE 작업 추가 되었습니다.[작업번호:9991]
16:37:34:810;IMP;[DeleteJobMst] .. 정상 처리되었습니다. 작업번호[9993]
16:37:34:848;IMP;[GetJobCompleteReport] .. SIM MODE 작업 (완료)삭제 성공하였습니다. [작업번호:9993]
16:37:34:913;IMP;[GetJobCompleteReport] .. SIM MODE 작업 추가 되었습니다.[작업번호:9993]
16:38:25:784;IMP;[DeleteJobMst] .. 정상 처리되었습니다. 작업번호[9993]
16:38:25:817;IMP;[GetJobCompleteReport] .. SIM MODE 작업 (완료)삭제 성공하였습니다. [작업번호:9993]
16:38:52:826;IMP;[DeleteJobMst] .. 정상 처리되었습니다. 작업번호[9991]
16:38:52:865;IMP;[GetJobCompleteReport] .. SIM MODE 작업 (완료)삭제 성공하였습니다. [작업번호:9991]
16:39:30:190;IMP;[DeleteJobMst] .. 정상 처리되었습니다. 작업번호[9993]
16:39:30:236;IMP;[GetJobCompleteReport] .. SIM MODE 작업 (완료)삭제 성공하였습니다. [작업번호:9993]
16:39:30:305;IMP;[GetJobCompleteReport] .. SIM MODE 작업 추가 되었습니다.[작업번호:9993]
16:40:16:809;IMP;[DeleteJobMst] .. 정상 처리되었습니다. 작업번호[9991]
16:40:16:848;IMP;[GetJobCompleteReport] .. SIM MODE 작업 (완료)삭제 성공하였습니다. [작업번호:9991]
16:40:16:930;IMP;[GetJobCompleteReport] .. SIM MODE 작업 추가 되었습니다.[작업번호:9991]
16:40:33:557;IMP;[DeleteJobMst] .. 정상 처리되었습니다. 작업번호[9993]
16:40:33:600;IMP;[GetJobCompleteReport] .. SIM MODE 작업 (완료)삭제 성공하였습니다. [작업번호:9993]
16:41:15:898;IMP;[DeleteJobMst] .. 정상 처리되었습니다. 작업번호[9991]
16:41:16:021;IMP;[GetJobCompleteReport] .. SIM MODE 작업 (완료)삭제 성공하였습니다. [작업번호:9991]
16:41:54:676;IMP;[DeleteJobMst] .. 정상 처리되었습니다. 작업번호[9993]
16:41:54:754;IMP;[GetJobCompleteReport] .. SIM MODE 작업 (완료)삭제 성공하였습니다. [작업번호:9993]
16:41:54:837;IMP;[GetJobCompleteReport] .. SIM MODE 작업 추가 되었습니다.[작업번호:9993]
16:42:40:890;IMP;[DeleteJobMst] .. 정상 처리되었습니다. 작업번호[9991]
16:42:40:951;IMP;[GetJobCompleteReport] .. SIM MODE 작업 (완료)삭제 성공하였습니다. [작업번호:9991]
16:42:41:035;IMP;[GetJobCompleteReport] .. SIM MODE 작업 추가 되었습니다.[작업번호:9991]
16:42:57:654;IMP;[DeleteJobMst] .. 정상 처리되었습니다. 작업번호[9993]
16:42:57:706;IMP;[GetJobCompleteReport] .. SIM MODE 작업 (완료)삭제 성공하였습니다. [작업번호:9993]
16:43:48:895;IMP;[DeleteJobMst] .. 정상 처리되었습니다. 작업번호[9991]
16:43:48:946;IMP;[GetJobCompleteReport] .. SIM MODE 작업 (완료)삭제 성공하였습니다. [작업번호:9991]
16:44:12:981;IMP;[DeleteJobMst] .. 정상 처리되었습니다. 작업번호[9993]
16:44:13:039;IMP;[GetJobCompleteReport] .. SIM MODE 작업 (완료)삭제 성공하였습니다. [작업번호:9993]
16:44:13:123;IMP;[GetJobCompleteReport] .. SIM MODE 작업 추가 되었습니다.[작업번호:9993]
16:45:18:390;IMP;[DeleteJobMst] .. 정상 처리되었습니다. 작업번호[9991]
16:45:18:506;IMP;[GetJobCompleteReport] .. SIM MODE 작업 (완료)삭제 성공하였습니다. [작업번호:9991]
16:45:18:580;IMP;[GetJobCompleteReport] .. SIM MODE 작업 추가 되었습니다.[작업번호:9991]
16:45:18:693;IMP;[DeleteJobMst] .. 정상 처리되었습니다. 작업번호[9993]
16:45:19:143;IMP;[GetJobCompleteReport] .. SIM MODE 작업 (완료)삭제 성공하였습니다. [작업번호:9993]
16:46:20:355;IMP;[DeleteJobMst] .. 정상 처리되었습니다. 작업번호[9991]
16:46:20:427;IMP;[GetJobCompleteReport] .. SIM MODE 작업 (완료)삭제 성공하였습니다. [작업번호:9991]
16:46:40:201;IMP;[DeleteJobMst] .. 정상 처리되었습니다. 작업번호[9993]
16:46:40:281;IMP;[GetJobCompleteReport] .. SIM MODE 작업 (완료)삭제 성공하였습니다. [작업번호:9993]
16:46:40:320;IMP;[GetJobCompleteReport] .. SIM MODE 작업 추가 되었습니다.[작업번호:9993]
16:47:44:428;IMP;[DeleteJobMst] .. 정상 처리되었습니다. 작업번호[9993]
16:47:44:454;IMP;[GetJobCompleteReport] .. SIM MODE 작업 (완료)삭제 성공하였습니다. [작업번호:9993]
16:47:47:672;IMP;[DeleteJobMst] .. 정상 처리되었습니다. 작업번호[9991]
16:47:47:696;IMP;[GetJobCompleteReport] .. SIM MODE 작업 (완료)삭제 성공하였습니다. [작업번호:9991]
16:47:47:746;IMP;[GetJobCompleteReport] .. SIM MODE 작업 추가 되었습니다.[작업번호:9991]
16:48:50:182;IMP;[DeleteJobMst] .. 정상 처리되었습니다. 작업번호[9991]
16:48:50:237;IMP;[GetJobCompleteReport] .. SIM MODE 작업 (완료)삭제 성공하였습니다. [작업번호:9991]
16:49:07:884;IMP;[DeleteJobMst] .. 정상 처리되었습니다. 작업번호[9993]
16:49:07:917;IMP;[GetJobCompleteReport] .. SIM MODE 작업 (완료)삭제 성공하였습니다. [작업번호:9993]
16:49:07:972;IMP;[GetJobCompleteReport] .. SIM MODE 작업 추가 되었습니다.[작업번호:9993]
16:50:15:286;IMP;[DeleteJobMst] .. 정상 처리되었습니다. 작업번호[9993]
16:50:15:338;IMP;[GetJobCompleteReport] .. SIM MODE 작업 (완료)삭제 성공하였습니다. [작업번호:9993]
16:50:17:522;IMP;[DeleteJobMst] .. 정상 처리되었습니다. 작업번호[9991]
16:50:17:560;IMP;[GetJobCompleteReport] .. SIM MODE 작업 (완료)삭제 성공하였습니다. [작업번호:9991]
16:50:17:639;IMP;[GetJobCompleteReport] .. SIM MODE 작업 추가 되었습니다.[작업번호:9991]
16:51:19:696;IMP;[DeleteJobMst] .. 정상 처리되었습니다. 작업번호[9991]
16:51:19:729;IMP;[GetJobCompleteReport] .. SIM MODE 작업 (완료)삭제 성공하였습니다. [작업번호:9991]
16:51:40:833;IMP;[DeleteJobMst] .. 정상 처리되었습니다. 작업번호[9993]
16:51:40:876;IMP;[GetJobCompleteReport] .. SIM MODE 작업 (완료)삭제 성공하였습니다. [작업번호:9993]
16:51:40:959;IMP;[GetJobCompleteReport] .. SIM MODE 작업 추가 되었습니다.[작업번호:9993]
16:52:49:409;IMP;[DeleteJobMst] .. 정상 처리되었습니다. 작업번호[9993]
16:52:49:501;IMP;[GetJobCompleteReport] .. SIM MODE 작업 (완료)삭제 성공하였습니다. [작업번호:9993]
16:52:50:669;IMP;[DeleteJobMst] .. 정상 처리되었습니다. 작업번호[9991]
16:52:50:718;IMP;[GetJobCompleteReport] .. SIM MODE 작업 (완료)삭제 성공하였습니다. [작업번호:9991]
16:52:50:796;IMP;[GetJobCompleteReport] .. SIM MODE 작업 추가 되었습니다.[작업번호:9991]
16:53:54:951;IMP;[DeleteJobMst] .. 정상 처리되었습니다. 작업번호[9991]
16:53:54:994;IMP;[GetJobCompleteReport] .. SIM MODE 작업 (완료)삭제 성공하였습니다. [작업번호:9991]
16:54:13:985;IMP;[DeleteJobMst] .. 정상 처리되었습니다. 작업번호[9993]
16:54:14:031;IMP;[GetJobCompleteReport] .. SIM MODE 작업 (완료)삭제 성공하였습니다. [작업번호:9993]
16:54:14:099;IMP;[GetJobCompleteReport] .. SIM MODE 작업 추가 되었습니다.[작업번호:9993]
16:55:20:943;IMP;[DeleteJobMst] .. 정상 처리되었습니다. 작업번호[9993]
16:55:21:015;IMP;[GetJobCompleteReport] .. SIM MODE 작업 (완료)삭제 성공하였습니다. [작업번호:9993]
16:55:27:472;IMP;[DeleteJobMst] .. 정상 처리되었습니다. 작업번호[9991]
16:55:27:528;IMP;[GetJobCompleteReport] .. SIM MODE 작업 (완료)삭제 성공하였습니다. [작업번호:9991]
16:55:27:601;IMP;[GetJobCompleteReport] .. SIM MODE 작업 추가 되었습니다.[작업번호:9991]
16:56:32:928;IMP;[DeleteJobMst] .. 정상 처리되었습니다. 작업번호[9991]
16:56:33:006;IMP;[GetJobCompleteReport] .. SIM MODE 작업 (완료)삭제 성공하였습니다. [작업번호:9991]
16:56:48:981;IMP;[DeleteJobMst] .. 정상 처리되었습니다. 작업번호[9993]
16:56:49:022;IMP;[GetJobCompleteReport] .. SIM MODE 작업 (완료)삭제 성공하였습니다. [작업번호:9993]
16:56:49:096;IMP;[GetJobCompleteReport] .. SIM MODE 작업 추가 되었습니다.[작업번호:9993]
16:57:57:690;IMP;[DeleteJobMst] .. 정상 처리되었습니다. 작업번호[9993]
16:57:57:728;IMP;[GetJobCompleteReport] .. SIM MODE 작업 (완료)삭제 성공하였습니다. [작업번호:9993]
16:58:00:267;IMP;[DeleteJobMst] .. 정상 처리되었습니다. 작업번호[9991]
16:58:00:316;IMP;[GetJobCompleteReport] .. SIM MODE 작업 (완료)삭제 성공하였습니다. [작업번호:9991]
16:58:00:398;IMP;[GetJobCompleteReport] .. SIM MODE 작업 추가 되었습니다.[작업번호:9991]
16:59:09:107;IMP;[DeleteJobMst] .. 정상 처리되었습니다. 작업번호[9991]
16:59:09:154;IMP;[GetJobCompleteReport] .. SIM MODE 작업 (완료)삭제 성공하였습니다. [작업번호:9991]
16:59:24:775;IMP;[DeleteJobMst] .. 정상 처리되었습니다. 작업번호[9993]
16:59:24:824;IMP;[GetJobCompleteReport] .. SIM MODE 작업 (완료)삭제 성공하였습니다. [작업번호:9993]
16:59:24:982;ERR;[GetJobCompleteReport] .. 작업 정보를 바르게 가져오지 못했습니다.[작업번호:9993]
17:00:40:050;IMP;[DeleteJobMst] .. 정상 처리되었습니다. 작업번호[9991]
17:00:40:063;IMP;[GetJobCompleteReport] .. SIM MODE 작업 (완료)삭제 성공하였습니다. [작업번호:9991]
17:00:40:116;IMP;[GetJobCompleteReport] .. SIM MODE 작업 추가 되었습니다.[작업번호:9991]
17:01:46:655;IMP;[DeleteJobMst] .. 정상 처리되었습니다. 작업번호[9991]
17:01:46:678;IMP;[GetJobCompleteReport] .. SIM MODE 작업 (완료)삭제 성공하였습니다. [작업번호:9991]
17:03:20:233;IMP;[DeleteJobMst] .. 정상 처리되었습니다. 작업번호[9991]
17:03:20:260;IMP;[GetJobCompleteReport] .. SIM MODE 작업 (완료)삭제 성공하였습니다. [작업번호:9991]
17:03:20:321;IMP;[GetJobCompleteReport] .. SIM MODE 작업 추가 되었습니다.[작업번호:9991]
17:04:27:337;IMP;[DeleteJobMst] .. 정상 처리되었습니다. 작업번호[9991]
17:04:27:366;IMP;[GetJobCompleteReport] .. SIM MODE 작업 (완료)삭제 성공하였습니다. [작업번호:9991]
17:06:01:489;IMP;[DeleteJobMst] .. 정상 처리되었습니다. 작업번호[9991]
17:06:01:513;IMP;[GetJobCompleteReport] .. SIM MODE 작업 (완료)삭제 성공하였습니다. [작업번호:9991]
17:06:01:576;IMP;[GetJobCompleteReport] .. SIM MODE 작업 추가 되었습니다.[작업번호:9991]
17:07:09:285;IMP;[DeleteJobMst] .. 정상 처리되었습니다. 작업번호[9991]
17:07:09:317;IMP;[GetJobCompleteReport] .. SIM MODE 작업 (완료)삭제 성공하였습니다. [작업번호:9991]
17:08:44:019;IMP;[DeleteJobMst] .. 정상 처리되었습니다. 작업번호[9991]
17:08:44:063;IMP;[GetJobCompleteReport] .. SIM MODE 작업 (완료)삭제 성공하였습니다. [작업번호:9991]
17:08:44:166;IMP;[GetJobCompleteReport] .. SIM MODE 작업 추가 되었습니다.[작업번호:9991]
17:09:53:457;IMP;[DeleteJobMst] .. 정상 처리되었습니다. 작업번호[9991]
17:09:53:501;IMP;[GetJobCompleteReport] .. SIM MODE 작업 (완료)삭제 성공하였습니다. [작업번호:9991]
17:11:28:209;IMP;[DeleteJobMst] .. 정상 처리되었습니다. 작업번호[9991]
17:11:28:250;IMP;[GetJobCompleteReport] .. SIM MODE 작업 (완료)삭제 성공하였습니다. [작업번호:9991]
17:11:28:328;IMP;[GetJobCompleteReport] .. SIM MODE 작업 추가 되었습니다.[작업번호:9991]
17:12:40:794;IMP;[DeleteJobMst] .. 정상 처리되었습니다. 작업번호[9991]
17:12:40:852;IMP;[GetJobCompleteReport] .. SIM MODE 작업 (완료)삭제 성공하였습니다. [작업번호:9991]
17:14:18:906;IMP;[DeleteJobMst] .. 정상 처리되었습니다. 작업번호[9991]
17:14:19:071;IMP;[GetJobCompleteReport] .. SIM MODE 작업 (완료)삭제 성공하였습니다. [작업번호:9991]
17:14:19:151;IMP;[GetJobCompleteReport] .. SIM MODE 작업 추가 되었습니다.[작업번호:9991]
17:15:32:121;IMP;[DeleteJobMst] .. 정상 처리되었습니다. 작업번호[9991]
17:15:32:177;IMP;[GetJobCompleteReport] .. SIM MODE 작업 (완료)삭제 성공하였습니다. [작업번호:9991]
17:17:10:295;IMP;[DeleteJobMst] .. 정상 처리되었습니다. 작업번호[9991]
17:17:10:355;IMP;[GetJobCompleteReport] .. SIM MODE 작업 (완료)삭제 성공하였습니다. [작업번호:9991]
17:17:10:453;IMP;[GetJobCompleteReport] .. SIM MODE 작업 추가 되었습니다.[작업번호:9991]
17:18:22:936;IMP;[DeleteJobMst] .. 정상 처리되었습니다. 작업번호[9991]
17:18:23:001;IMP;[GetJobCompleteReport] .. SIM MODE 작업 (완료)삭제 성공하였습니다. [작업번호:9991]
17:20:04:083;IMP;[DeleteJobMst] .. 정상 처리되었습니다. 작업번호[9991]
17:20:04:149;IMP;[GetJobCompleteReport] .. SIM MODE 작업 (완료)삭제 성공하였습니다. [작업번호:9991]
17:20:04:319;IMP;[GetJobCompleteReport] .. SIM MODE 작업 추가 되었습니다.[작업번호:9991]
17:21:16:787;IMP;[DeleteJobMst] .. 정상 처리되었습니다. 작업번호[9991]
17:21:16:870;IMP;[GetJobCompleteReport] .. SIM MODE 작업 (완료)삭제 성공하였습니다. [작업번호:9991]
17:22:56:205;IMP;[DeleteJobMst] .. 정상 처리되었습니다. 작업번호[9991]
17:22:56:298;IMP;[GetJobCompleteReport] .. SIM MODE 작업 (완료)삭제 성공하였습니다. [작업번호:9991]
17:22:56:396;IMP;[GetJobCompleteReport] .. SIM MODE 작업 추가 되었습니다.[작업번호:9991]
17:24:13:049;IMP;[DeleteJobMst] .. 정상 처리되었습니다. 작업번호[9991]
17:24:13:115;IMP;[GetJobCompleteReport] .. SIM MODE 작업 (완료)삭제 성공하였습니다. [작업번호:9991]
17:25:51:980;IMP;[DeleteJobMst] .. 정상 처리되었습니다. 작업번호[9991]
17:25:52:335;IMP;[GetJobCompleteReport] .. SIM MODE 작업 (완료)삭제 성공하였습니다. [작업번호:9991]
17:25:52:435;IMP;[GetJobCompleteReport] .. SIM MODE 작업 추가 되었습니다.[작업번호:9991]
17:27:06:979;IMP;[DeleteJobMst] .. 정상 처리되었습니다. 작업번호[9991]
17:27:07:053;IMP;[GetJobCompleteReport] .. SIM MODE 작업 (완료)삭제 성공하였습니다. [작업번호:9991]
17:28:52:170;IMP;[DeleteJobMst] .. 정상 처리되었습니다. 작업번호[9991]
17:28:52:187;IMP;[GetJobCompleteReport] .. SIM MODE 작업 (완료)삭제 성공하였습니다. [작업번호:9991]
17:28:52:237;IMP;[GetJobCompleteReport] .. SIM MODE 작업 추가 되었습니다.[작업번호:9991]
17:30:07:459;IMP;[DeleteJobMst] .. 정상 처리되었습니다. 작업번호[9991]
17:30:07:480;IMP;[GetJobCompleteReport] .. SIM MODE 작업 (완료)삭제 성공하였습니다. [작업번호:9991]
17:31:50:665;IMP;[DeleteJobMst] .. 정상 처리되었습니다. 작업번호[9991]
17:31:50:696;IMP;[GetJobCompleteReport] .. SIM MODE 작업 (완료)삭제 성공하였습니다. [작업번호:9991]
17:31:50:752;IMP;[GetJobCompleteReport] .. SIM MODE 작업 추가 되었습니다.[작업번호:9991]
17:33:08:666;IMP;[DeleteJobMst] .. 정상 처리되었습니다. 작업번호[9991]
17:33:08:688;IMP;[GetJobCompleteReport] .. SIM MODE 작업 (완료)삭제 성공하였습니다. [작업번호:9991]
17:34:52:175;IMP;[DeleteJobMst] .. 정상 처리되었습니다. 작업번호[9991]
17:34:52:206;IMP;[GetJobCompleteReport] .. SIM MODE 작업 (완료)삭제 성공하였습니다. [작업번호:9991]
17:34:52:261;IMP;[GetJobCompleteReport] .. SIM MODE 작업 추가 되었습니다.[작업번호:9991]
17:36:10:824;IMP;[DeleteJobMst] .. 정상 처리되었습니다. 작업번호[9991]
17:36:10:861;IMP;[GetJobCompleteReport] .. SIM MODE 작업 (완료)삭제 성공하였습니다. [작업번호:9991]
17:37:56:612;IMP;[DeleteJobMst] .. 정상 처리되었습니다. 작업번호[9991]
17:37:56:653;IMP;[GetJobCompleteReport] .. SIM MODE 작업 (완료)삭제 성공하였습니다. [작업번호:9991]
17:37:56:721;IMP;[GetJobCompleteReport] .. SIM MODE 작업 추가 되었습니다.[작업번호:9991]
17:39:17:796;IMP;[DeleteJobMst] .. 정상 처리되었습니다. 작업번호[9991]
17:39:17:864;IMP;[GetJobCompleteReport] .. SIM MODE 작업 (완료)삭제 성공하였습니다. [작업번호:9991]
17:41:01:739;IMP;[DeleteJobMst] .. 정상 처리되었습니다. 작업번호[9991]
17:41:02:095;IMP;[GetJobCompleteReport] .. SIM MODE 작업 (완료)삭제 성공하였습니다. [작업번호:9991]
17:41:02:163;IMP;[GetJobCompleteReport] .. SIM MODE 작업 추가 되었습니다.[작업번호:9991]
17:42:22:951;IMP;[DeleteJobMst] .. 정상 처리되었습니다. 작업번호[9991]
17:42:23:013;IMP;[GetJobCompleteReport] .. SIM MODE 작업 (완료)삭제 성공하였습니다. [작업번호:9991]
17:44:09:482;IMP;[DeleteJobMst] .. 정상 처리되었습니다. 작업번호[9991]
17:44:09:534;IMP;[GetJobCompleteReport] .. SIM MODE 작업 (완료)삭제 성공하였습니다. [작업번호:9991]
17:44:09:614;IMP;[GetJobCompleteReport] .. SIM MODE 작업 추가 되었습니다.[작업번호:9991]
17:45:33:132;IMP;[DeleteJobMst] .. 정상 처리되었습니다. 작업번호[9991]
17:45:33:194;IMP;[GetJobCompleteReport] .. SIM MODE 작업 (완료)삭제 성공하였습니다. [작업번호:9991]
17:47:21:193;IMP;[DeleteJobMst] .. 정상 처리되었습니다. 작업번호[9991]
17:47:21:253;IMP;[GetJobCompleteReport] .. SIM MODE 작업 (완료)삭제 성공하였습니다. [작업번호:9991]
17:47:21:347;IMP;[GetJobCompleteReport] .. SIM MODE 작업 추가 되었습니다.[작업번호:9991]
17:48:43:755;IMP;[DeleteJobMst] .. 정상 처리되었습니다. 작업번호[9991]
17:48:43:894;IMP;[GetJobCompleteReport] .. SIM MODE 작업 (완료)삭제 성공하였습니다. [작업번호:9991]
17:50:31:856;IMP;[DeleteJobMst] .. 정상 처리되었습니다. 작업번호[9991]
17:50:31:939;IMP;[GetJobCompleteReport] .. SIM MODE 작업 (완료)삭제 성공하였습니다. [작업번호:9991]
17:50:32:056;IMP;[GetJobCompleteReport] .. SIM MODE 작업 추가 되었습니다.[작업번호:9991]
17:51:55:333;IMP;[DeleteJobMst] .. 정상 처리되었습니다. 작업번호[9991]
17:51:55:405;IMP;[GetJobCompleteReport] .. SIM MODE 작업 (완료)삭제 성공하였습니다. [작업번호:9991]
17:53:45:768;IMP;[DeleteJobMst] .. 정상 처리되었습니다. 작업번호[9991]
17:53:45:836;IMP;[GetJobCompleteReport] .. SIM MODE 작업 (완료)삭제 성공하였습니다. [작업번호:9991]
17:53:45:963;IMP;[GetJobCompleteReport] .. SIM MODE 작업 추가 되었습니다.[작업번호:9991]
17:55:08:948;IMP;[DeleteJobMst] .. 정상 처리되었습니다. 작업번호[9991]
17:55:09:023;IMP;[GetJobCompleteReport] .. SIM MODE 작업 (완료)삭제 성공하였습니다. [작업번호:9991]
17:56:59:934;IMP;[DeleteJobMst] .. 정상 처리되었습니다. 작업번호[9991]
17:57:00:005;IMP;[GetJobCompleteReport] .. SIM MODE 작업 (완료)삭제 성공하였습니다. [작업번호:9991]
17:57:00:299;IMP;[GetJobCompleteReport] .. SIM MODE 작업 추가 되었습니다.[작업번호:9991]
17:58:25:726;IMP;[DeleteJobMst] .. 정상 처리되었습니다. 작업번호[9991]
17:58:25:867;IMP;[GetJobCompleteReport] .. SIM MODE 작업 (완료)삭제 성공하였습니다. [작업번호:9991]
18:00:19:220;IMP;[DeleteJobMst] .. 정상 처리되었습니다. 작업번호[9991]
18:00:19:410;IMP;[GetJobCompleteReport] .. SIM MODE 작업 (완료)삭제 성공하였습니다. [작업번호:9991]
18:00:19:456;IMP;[GetJobCompleteReport] .. SIM MODE 작업 추가 되었습니다.[작업번호:9991]
18:01:44:639;IMP;[DeleteJobMst] .. 정상 처리되었습니다. 작업번호[9991]
18:01:44:658;IMP;[GetJobCompleteReport] .. SIM MODE 작업 (완료)삭제 성공하였습니다. [작업번호:9991]
18:03:36:961;IMP;[DeleteJobMst] .. 정상 처리되었습니다. 작업번호[9991]
18:03:36:985;IMP;[GetJobCompleteReport] .. SIM MODE 작업 (완료)삭제 성공하였습니다. [작업번호:9991]
18:03:37:037;IMP;[GetJobCompleteReport] .. SIM MODE 작업 추가 되었습니다.[작업번호:9991]
18:05:05:261;IMP;[DeleteJobMst] .. 정상 처리되었습니다. 작업번호[9991]
18:05:05:293;IMP;[GetJobCompleteReport] .. SIM MODE 작업 (완료)삭제 성공하였습니다. [작업번호:9991]
18:06:57:869;IMP;[DeleteJobMst] .. 정상 처리되었습니다. 작업번호[9991]
18:06:57:909;IMP;[GetJobCompleteReport] .. SIM MODE 작업 (완료)삭제 성공하였습니다. [작업번호:9991]
18:06:58:017;IMP;[GetJobCompleteReport] .. SIM MODE 작업 추가 되었습니다.[작업번호:9991]
18:08:27:919;IMP;[DeleteJobMst] .. 정상 처리되었습니다. 작업번호[9991]
18:08:27:965;IMP;[GetJobCompleteReport] .. SIM MODE 작업 (완료)삭제 성공하였습니다. [작업번호:9991]
18:10:20:604;IMP;[DeleteJobMst] .. 정상 처리되었습니다. 작업번호[9991]
18:10:20:645;IMP;[GetJobCompleteReport] .. SIM MODE 작업 (완료)삭제 성공하였습니다. [작업번호:9991]
18:10:20:727;IMP;[GetJobCompleteReport] .. SIM MODE 작업 추가 되었습니다.[작업번호:9991]
18:11:51:042;IMP;[DeleteJobMst] .. 정상 처리되었습니다. 작업번호[9991]
18:11:51:095;IMP;[GetJobCompleteReport] .. SIM MODE 작업 (완료)삭제 성공하였습니다. [작업번호:9991]
18:13:44:280;IMP;[DeleteJobMst] .. 정상 처리되었습니다. 작업번호[9991]
18:13:44:332;IMP;[GetJobCompleteReport] .. SIM MODE 작업 (완료)삭제 성공하였습니다. [작업번호:9991]
18:13:44:405;IMP;[GetJobCompleteReport] .. SIM MODE 작업 추가 되었습니다.[작업번호:9991]
18:15:17:222;IMP;[DeleteJobMst] .. 정상 처리되었습니다. 작업번호[9991]
18:15:17:270;IMP;[GetJobCompleteReport] .. SIM MODE 작업 (완료)삭제 성공하였습니다. [작업번호:9991]
18:17:12:536;IMP;[DeleteJobMst] .. 정상 처리되었습니다. 작업번호[9991]
18:17:12:592;IMP;[GetJobCompleteReport] .. SIM MODE 작업 (완료)삭제 성공하였습니다. [작업번호:9991]
18:17:12:681;IMP;[GetJobCompleteReport] .. SIM MODE 작업 추가 되었습니다.[작업번호:9991]
18:18:45:641;IMP;[DeleteJobMst] .. 정상 처리되었습니다. 작업번호[9991]
18:18:45:711;IMP;[GetJobCompleteReport] .. SIM MODE 작업 (완료)삭제 성공하였습니다. [작업번호:9991]
18:20:42:975;IMP;[DeleteJobMst] .. 정상 처리되었습니다. 작업번호[9991]
18:20:43:041;IMP;[GetJobCompleteReport] .. SIM MODE 작업 (완료)삭제 성공하였습니다. [작업번호:9991]
18:20:43:136;IMP;[GetJobCompleteReport] .. SIM MODE 작업 추가 되었습니다.[작업번호:9991]
18:22:15:018;IMP;[DeleteJobMst] .. 정상 처리되었습니다. 작업번호[9991]
18:22:15:138;IMP;[GetJobCompleteReport] .. SIM MODE 작업 (완료)삭제 성공하였습니다. [작업번호:9991]
18:24:12:548;IMP;[DeleteJobMst] .. 정상 처리되었습니다. 작업번호[9991]
18:24:12:617;IMP;[GetJobCompleteReport] .. SIM MODE 작업 (완료)삭제 성공하였습니다. [작업번호:9991]
18:24:12:715;IMP;[GetJobCompleteReport] .. SIM MODE 작업 추가 되었습니다.[작업번호:9991]
18:25:46:712;IMP;[DeleteJobMst] .. 정상 처리되었습니다. 작업번호[9991]
18:25:46:775;IMP;[GetJobCompleteReport] .. SIM MODE 작업 (완료)삭제 성공하였습니다. [작업번호:9991]
18:27:47:285;IMP;[DeleteJobMst] .. 정상 처리되었습니다. 작업번호[9991]
18:27:47:430;IMP;[GetJobCompleteReport] .. SIM MODE 작업 (완료)삭제 성공하였습니다. [작업번호:9991]
18:27:47:556;IMP;[GetJobCompleteReport] .. SIM MODE 작업 추가 되었습니다.[작업번호:9991]
18:29:22:278;IMP;[DeleteJobMst] .. 정상 처리되었습니다. 작업번호[9991]
18:29:22:659;IMP;[GetJobCompleteReport] .. SIM MODE 작업 (완료)삭제 성공하였습니다. [작업번호:9991]
18:31:23:501;IMP;[DeleteJobMst] .. 정상 처리되었습니다. 작업번호[9991]
18:31:23:655;IMP;[GetJobCompleteReport] .. SIM MODE 작업 (완료)삭제 성공하였습니다. [작업번호:9991]
18:31:23:774;IMP;[GetJobCompleteReport] .. SIM MODE 작업 추가 되었습니다.[작업번호:9991]
18:33:01:313;IMP;[DeleteJobMst] .. 정상 처리되었습니다. 작업번호[9991]
18:33:01:845;IMP;[GetJobCompleteReport] .. SIM MODE 작업 (완료)삭제 성공하였습니다. [작업번호:9991]
18:35:04:865;IMP;[DeleteJobMst] .. 정상 처리되었습니다. 작업번호[9991]
18:35:04:940;IMP;[GetJobCompleteReport] .. SIM MODE 작업 (완료)삭제 성공하였습니다. [작업번호:9991]
18:35:05:201;IMP;[GetJobCompleteReport] .. SIM MODE 작업 추가 되었습니다.[작업번호:9991]
18:36:43:190;IMP;[DeleteJobMst] .. 정상 처리되었습니다. 작업번호[9991]
18:36:43:212;IMP;[GetJobCompleteReport] .. SIM MODE 작업 (완료)삭제 성공하였습니다. [작업번호:9991]
18:38:47:551;IMP;[DeleteJobMst] .. 정상 처리되었습니다. 작업번호[9991]
18:38:47:569;IMP;[GetJobCompleteReport] .. SIM MODE 작업 (완료)삭제 성공하였습니다. [작업번호:9991]
18:38:47:623;IMP;[GetJobCompleteReport] .. SIM MODE 작업 추가 되었습니다.[작업번호:9991]
18:40:25:260;IMP;[DeleteJobMst] .. 정상 처리되었습니다. 작업번호[9991]
18:40:25:286;IMP;[GetJobCompleteReport] .. SIM MODE 작업 (완료)삭제 성공하였습니다. [작업번호:9991]
18:42:27:536;IMP;[DeleteJobMst] .. 정상 처리되었습니다. 작업번호[9991]
18:42:27:561;IMP;[GetJobCompleteReport] .. SIM MODE 작업 (완료)삭제 성공하였습니다. [작업번호:9991]
18:42:27:629;IMP;[GetJobCompleteReport] .. SIM MODE 작업 추가 되었습니다.[작업번호:9991]
18:44:07:363;IMP;[DeleteJobMst] .. 정상 처리되었습니다. 작업번호[9991]
18:44:07:399;IMP;[GetJobCompleteReport] .. SIM MODE 작업 (완료)삭제 성공하였습니다. [작업번호:9991]
18:46:10:812;IMP;[DeleteJobMst] .. 정상 처리되었습니다. 작업번호[9991]
18:46:10:849;IMP;[GetJobCompleteReport] .. SIM MODE 작업 (완료)삭제 성공하였습니다. [작업번호:9991]
18:46:10:922;IMP;[GetJobCompleteReport] .. SIM MODE 작업 추가 되었습니다.[작업번호:9991]
18:47:48:298;IMP;[DeleteJobMst] .. 정상 처리되었습니다. 작업번호[9991]
18:47:48:347;IMP;[GetJobCompleteReport] .. SIM MODE 작업 (완료)삭제 성공하였습니다. [작업번호:9991]
18:49:53:799;IMP;[DeleteJobMst] .. 정상 처리되었습니다. 작업번호[9991]
18:49:53:846;IMP;[GetJobCompleteReport] .. SIM MODE 작업 (완료)삭제 성공하였습니다. [작업번호:9991]
18:49:53:946;IMP;[GetJobCompleteReport] .. SIM MODE 작업 추가 되었습니다.[작업번호:9991]
18:51:32:533;IMP;[DeleteJobMst] .. 정상 처리되었습니다. 작업번호[9991]
18:51:32:602;IMP;[GetJobCompleteReport] .. SIM MODE 작업 (완료)삭제 성공하였습니다. [작업번호:9991]
18:53:39:092;IMP;[DeleteJobMst] .. 정상 처리되었습니다. 작업번호[9991]
18:53:39:193;IMP;[GetJobCompleteReport] .. SIM MODE 작업 (완료)삭제 성공하였습니다. [작업번호:9991]
18:53:39:286;IMP;[GetJobCompleteReport] .. SIM MODE 작업 추가 되었습니다.[작업번호:9991]
18:55:19:791;IMP;[DeleteJobMst] .. 정상 처리되었습니다. 작업번호[9991]
18:55:19:857;IMP;[GetJobCompleteReport] .. SIM MODE 작업 (완료)삭제 성공하였습니다. [작업번호:9991]
18:57:29:309;IMP;[DeleteJobMst] .. 정상 처리되었습니다. 작업번호[9991]
18:57:29:379;IMP;[GetJobCompleteReport] .. SIM MODE 작업 (완료)삭제 성공하였습니다. [작업번호:9991]
18:57:29:483;IMP;[GetJobCompleteReport] .. SIM MODE 작업 추가 되었습니다.[작업번호:9991]
18:59:11:764;IMP;[DeleteJobMst] .. 정상 처리되었습니다. 작업번호[9991]
18:59:11:830;IMP;[GetJobCompleteReport] .. SIM MODE 작업 (완료)삭제 성공하였습니다. [작업번호:9991]
19:01:19:844;IMP;[DeleteJobMst] .. 정상 처리되었습니다. 작업번호[9991]
19:01:19:921;IMP;[GetJobCompleteReport] .. SIM MODE 작업 (완료)삭제 성공하였습니다. [작업번호:9991]
19:01:20:029;IMP;[GetJobCompleteReport] .. SIM MODE 작업 추가 되었습니다.[작업번호:9991]
19:02:18:141;IMP;[DeleteJobMst] .. 정상 처리되었습니다. 작업번호[9991]
19:02:18:699;IMP;[GetJobCompleteReport] .. SIM MODE 작업 (완료)삭제 성공하였습니다. [작업번호:9991]
19:03:41:914;IMP;[DeleteJobMst] .. 정상 처리되었습니다. 작업번호[9991]
19:03:42:029;IMP;[GetJobCompleteReport] .. SIM MODE 작업 (완료)삭제 성공하였습니다. [작업번호:9991]
19:03:42:348;IMP;[GetJobCompleteReport] .. SIM MODE 작업 추가 되었습니다.[작업번호:9991]
19:04:37:423;IMP;[DeleteJobMst] .. 정상 처리되었습니다. 작업번호[9991]
19:04:37:561;IMP;[GetJobCompleteReport] .. SIM MODE 작업 (완료)삭제 성공하였습니다. [작업번호:9991]
19:05:58:878;IMP;[DeleteJobMst] .. 정상 처리되었습니다. 작업번호[9991]
19:05:58:948;IMP;[GetJobCompleteReport] .. SIM MODE 작업 (완료)삭제 성공하였습니다. [작업번호:9991]
19:05:59:175;IMP;[GetJobCompleteReport] .. SIM MODE 작업 추가 되었습니다.[작업번호:9991]
19:06:56:564;IMP;[DeleteJobMst] .. 정상 처리되었습니다. 작업번호[9991]
19:06:56:653;IMP;[GetJobCompleteReport] .. SIM MODE 작업 (완료)삭제 성공하였습니다. [작업번호:9991]
19:08:20:188;IMP;[DeleteJobMst] .. 정상 처리되었습니다. 작업번호[9991]
19:08:20:281;IMP;[GetJobCompleteReport] .. SIM MODE 작업 (완료)삭제 성공하였습니다. [작업번호:9991]
19:08:20:387;IMP;[GetJobCompleteReport] .. SIM MODE 작업 추가 되었습니다.[작업번호:9991]
19:09:20:955;IMP;[DeleteJobMst] .. 정상 처리되었습니다. 작업번호[9991]
19:09:20:967;IMP;[GetJobCompleteReport] .. SIM MODE 작업 (완료)삭제 성공하였습니다. [작업번호:9991]
19:10:46:303;IMP;[DeleteJobMst] .. 정상 처리되었습니다. 작업번호[9991]
19:10:46:324;IMP;[GetJobCompleteReport] .. SIM MODE 작업 (완료)삭제 성공하였습니다. [작업번호:9991]
19:10:46:379;IMP;[GetJobCompleteReport] .. SIM MODE 작업 추가 되었습니다.[작업번호:9991]
19:11:46:476;IMP;[DeleteJobMst] .. 정상 처리되었습니다. 작업번호[9991]
19:11:46:513;IMP;[GetJobCompleteReport] .. SIM MODE 작업 (완료)삭제 성공하였습니다. [작업번호:9991]
19:13:10:118;IMP;[DeleteJobMst] .. 정상 처리되었습니다. 작업번호[9991]
19:13:10:151;IMP;[GetJobCompleteReport] .. SIM MODE 작업 (완료)삭제 성공하였습니다. [작업번호:9991]
19:13:10:215;IMP;[GetJobCompleteReport] .. SIM MODE 작업 추가 되었습니다.[작업번호:9991]
19:14:12:029;IMP;[DeleteJobMst] .. 정상 처리되었습니다. 작업번호[9991]
19:14:12:052;IMP;[GetJobCompleteReport] .. SIM MODE 작업 (완료)삭제 성공하였습니다. [작업번호:9991]
19:15:36:042;IMP;[DeleteJobMst] .. 정상 처리되었습니다. 작업번호[9991]
19:15:36:082;IMP;[GetJobCompleteReport] .. SIM MODE 작업 (완료)삭제 성공하였습니다. [작업번호:9991]
19:15:36:160;IMP;[GetJobCompleteReport] .. SIM MODE 작업 추가 되었습니다.[작업번호:9991]
19:16:38:756;IMP;[DeleteJobMst] .. 정상 처리되었습니다. 작업번호[9991]
19:16:38:798;IMP;[GetJobCompleteReport] .. SIM MODE 작업 (완료)삭제 성공하였습니다. [작업번호:9991]
19:18:07:388;IMP;[DeleteJobMst] .. 정상 처리되었습니다. 작업번호[9991]
19:18:07:448;IMP;[GetJobCompleteReport] .. SIM MODE 작업 (완료)삭제 성공하였습니다. [작업번호:9991]
19:18:07:560;IMP;[GetJobCompleteReport] .. SIM MODE 작업 추가 되었습니다.[작업번호:9991]
19:19:11:848;IMP;[DeleteJobMst] .. 정상 처리되었습니다. 작업번호[9991]
19:19:11:902;IMP;[GetJobCompleteReport] .. SIM MODE 작업 (완료)삭제 성공하였습니다. [작업번호:9991]
19:20:39:490;IMP;[DeleteJobMst] .. 정상 처리되었습니다. 작업번호[9991]
19:20:39:541;IMP;[GetJobCompleteReport] .. SIM MODE 작업 (완료)삭제 성공하였습니다. [작업번호:9991]
19:20:39:632;IMP;[GetJobCompleteReport] .. SIM MODE 작업 추가 되었습니다.[작업번호:9991]
19:21:42:376;IMP;[DeleteJobMst] .. 정상 처리되었습니다. 작업번호[9991]
19:21:42:421;IMP;[GetJobCompleteReport] .. SIM MODE 작업 (완료)삭제 성공하였습니다. [작업번호:9991]
19:23:09:430;IMP;[DeleteJobMst] .. 정상 처리되었습니다. 작업번호[9991]
19:23:09:483;IMP;[GetJobCompleteReport] .. SIM MODE 작업 (완료)삭제 성공하였습니다. [작업번호:9991]
19:23:09:615;IMP;[GetJobCompleteReport] .. SIM MODE 작업 추가 되었습니다.[작업번호:9991]
19:24:14:944;IMP;[DeleteJobMst] .. 정상 처리되었습니다. 작업번호[9991]
19:24:15:062;IMP;[GetJobCompleteReport] .. SIM MODE 작업 (완료)삭제 성공하였습니다. [작업번호:9991]
19:25:45:608;IMP;[DeleteJobMst] .. 정상 처리되었습니다. 작업번호[9991]
19:25:45:667;IMP;[GetJobCompleteReport] .. SIM MODE 작업 (완료)삭제 성공하였습니다. [작업번호:9991]
19:25:45:759;IMP;[GetJobCompleteReport] .. SIM MODE 작업 추가 되었습니다.[작업번호:9991]
19:26:53:570;IMP;[DeleteJobMst] .. 정상 처리되었습니다. 작업번호[9991]
19:26:53:633;IMP;[GetJobCompleteReport] .. SIM MODE 작업 (완료)삭제 성공하였습니다. [작업번호:9991]
19:28:26:503;IMP;[DeleteJobMst] .. 정상 처리되었습니다. 작업번호[9991]
19:28:26:580;IMP;[GetJobCompleteReport] .. SIM MODE 작업 (완료)삭제 성공하였습니다. [작업번호:9991]
19:28:26:684;IMP;[GetJobCompleteReport] .. SIM MODE 작업 추가 되었습니다.[작업번호:9991]
19:29:31:539;IMP;[DeleteJobMst] .. 정상 처리되었습니다. 작업번호[9991]
19:29:31:622;IMP;[GetJobCompleteReport] .. SIM MODE 작업 (완료)삭제 성공하였습니다. [작업번호:9991]
19:31:05:684;IMP;[DeleteJobMst] .. 정상 처리되었습니다. 작업번호[9991]
19:31:05:751;IMP;[GetJobCompleteReport] .. SIM MODE 작업 (완료)삭제 성공하였습니다. [작업번호:9991]
19:31:05:956;IMP;[GetJobCompleteReport] .. SIM MODE 작업 추가 되었습니다.[작업번호:9991]
19:32:13:372;IMP;[DeleteJobMst] .. 정상 처리되었습니다. 작업번호[9991]
19:32:13:444;IMP;[GetJobCompleteReport] .. SIM MODE 작업 (완료)삭제 성공하였습니다. [작업번호:9991]
19:33:45:772;IMP;[DeleteJobMst] .. 정상 처리되었습니다. 작업번호[9991]
19:33:46:373;IMP;[GetJobCompleteReport] .. SIM MODE 작업 (완료)삭제 성공하였습니다. [작업번호:9991]
19:33:46:473;IMP;[GetJobCompleteReport] .. SIM MODE 작업 추가 되었습니다.[작업번호:9991]
19:34:56:008;IMP;[DeleteJobMst] .. 정상 처리되었습니다. 작업번호[9991]
19:34:56:107;IMP;[GetJobCompleteReport] .. SIM MODE 작업 (완료)삭제 성공하였습니다. [작업번호:9991]
19:36:33:959;IMP;[DeleteJobMst] .. 정상 처리되었습니다. 작업번호[9991]
19:36:33:971;IMP;[GetJobCompleteReport] .. SIM MODE 작업 (완료)삭제 성공하였습니다. [작업번호:9991]
19:36:34:013;IMP;[GetJobCompleteReport] .. SIM MODE 작업 추가 되었습니다.[작업번호:9991]
19:37:44:447;IMP;[DeleteJobMst] .. 정상 처리되었습니다. 작업번호[9991]
19:37:44:465;IMP;[GetJobCompleteReport] .. SIM MODE 작업 (완료)삭제 성공하였습니다. [작업번호:9991]
19:39:18:535;IMP;[DeleteJobMst] .. 정상 처리되었습니다. 작업번호[9991]
19:39:18:574;IMP;[GetJobCompleteReport] .. SIM MODE 작업 (완료)삭제 성공하였습니다. [작업번호:9991]
19:39:18:626;IMP;[GetJobCompleteReport] .. SIM MODE 작업 추가 되었습니다.[작업번호:9991]
19:40:31:151;IMP;[DeleteJobMst] .. 정상 처리되었습니다. 작업번호[9991]
19:40:31:184;IMP;[GetJobCompleteReport] .. SIM MODE 작업 (완료)삭제 성공하였습니다. [작업번호:9991]
19:42:05:833;IMP;[DeleteJobMst] .. 정상 처리되었습니다. 작업번호[9991]
19:42:05:888;IMP;[GetJobCompleteReport] .. SIM MODE 작업 (완료)삭제 성공하였습니다. [작업번호:9991]
19:42:05:966;IMP;[GetJobCompleteReport] .. SIM MODE 작업 추가 되었습니다.[작업번호:9991]
19:43:18:545;IMP;[DeleteJobMst] .. 정상 처리되었습니다. 작업번호[9991]
19:43:18:586;IMP;[GetJobCompleteReport] .. SIM MODE 작업 (완료)삭제 성공하였습니다. [작업번호:9991]
19:44:55:855;IMP;[DeleteJobMst] .. 정상 처리되었습니다. 작업번호[9991]
19:44:55:904;IMP;[GetJobCompleteReport] .. SIM MODE 작업 (완료)삭제 성공하였습니다. [작업번호:9991]
19:44:55:983;IMP;[GetJobCompleteReport] .. SIM MODE 작업 추가 되었습니다.[작업번호:9991]
19:46:09:477;IMP;[DeleteJobMst] .. 정상 처리되었습니다. 작업번호[9991]
19:46:09:582;IMP;[GetJobCompleteReport] .. SIM MODE 작업 (완료)삭제 성공하였습니다. [작업번호:9991]
19:47:45:402;IMP;[DeleteJobMst] .. 정상 처리되었습니다. 작업번호[9991]
19:47:45:470;IMP;[GetJobCompleteReport] .. SIM MODE 작업 (완료)삭제 성공하였습니다. [작업번호:9991]
19:47:45:568;IMP;[GetJobCompleteReport] .. SIM MODE 작업 추가 되었습니다.[작업번호:9991]
19:49:00:134;IMP;[DeleteJobMst] .. 정상 처리되었습니다. 작업번호[9991]
19:49:00:186;IMP;[GetJobCompleteReport] .. SIM MODE 작업 (완료)삭제 성공하였습니다. [작업번호:9991]
19:50:39:539;IMP;[DeleteJobMst] .. 정상 처리되었습니다. 작업번호[9991]
19:50:39:665;IMP;[GetJobCompleteReport] .. SIM MODE 작업 (완료)삭제 성공하였습니다. [작업번호:9991]
19:50:39:752;IMP;[GetJobCompleteReport] .. SIM MODE 작업 추가 되었습니다.[작업번호:9991]
19:51:57:070;IMP;[DeleteJobMst] .. 정상 처리되었습니다. 작업번호[9991]
19:51:57:138;IMP;[GetJobCompleteReport] .. SIM MODE 작업 (완료)삭제 성공하였습니다. [작업번호:9991]
19:53:39:331;IMP;[DeleteJobMst] .. 정상 처리되었습니다. 작업번호[9991]
19:53:39:394;IMP;[GetJobCompleteReport] .. SIM MODE 작업 (완료)삭제 성공하였습니다. [작업번호:9991]
19:53:39:504;IMP;[GetJobCompleteReport] .. SIM MODE 작업 추가 되었습니다.[작업번호:9991]
19:54:53:781;IMP;[DeleteJobMst] .. 정상 처리되었습니다. 작업번호[9991]
19:54:53:848;IMP;[GetJobCompleteReport] .. SIM MODE 작업 (완료)삭제 성공하였습니다. [작업번호:9991]
19:56:35:510;IMP;[DeleteJobMst] .. 정상 처리되었습니다. 작업번호[9991]
19:56:35:575;IMP;[GetJobCompleteReport] .. SIM MODE 작업 (완료)삭제 성공하였습니다. [작업번호:9991]
19:56:35:683;IMP;[GetJobCompleteReport] .. SIM MODE 작업 추가 되었습니다.[작업번호:9991]
19:57:52:042;IMP;[DeleteJobMst] .. 정상 처리되었습니다. 작업번호[9991]
19:57:52:127;IMP;[GetJobCompleteReport] .. SIM MODE 작업 (완료)삭제 성공하였습니다. [작업번호:9991]
19:59:36:719;IMP;[DeleteJobMst] .. 정상 처리되었습니다. 작업번호[9991]
19:59:36:793;IMP;[GetJobCompleteReport] .. SIM MODE 작업 (완료)삭제 성공하였습니다. [작업번호:9991]
19:59:36:905;IMP;[GetJobCompleteReport] .. SIM MODE 작업 추가 되었습니다.[작업번호:9991]
20:00:56:383;IMP;[DeleteJobMst] .. 정상 처리되었습니다. 작업번호[9991]
20:00:56:457;IMP;[GetJobCompleteReport] .. SIM MODE 작업 (완료)삭제 성공하였습니다. [작업번호:9991]
20:02:40:368;IMP;[DeleteJobMst] .. 정상 처리되었습니다. 작업번호[9991]
20:02:40:460;IMP;[GetJobCompleteReport] .. SIM MODE 작업 (완료)삭제 성공하였습니다. [작업번호:9991]
20:02:40:556;IMP;[GetJobCompleteReport] .. SIM MODE 작업 추가 되었습니다.[작업번호:9991]
20:03:59:492;IMP;[DeleteJobMst] .. 정상 처리되었습니다. 작업번호[9991]
20:03:59:560;IMP;[GetJobCompleteReport] .. SIM MODE 작업 (완료)삭제 성공하였습니다. [작업번호:9991]
20:05:44:715;IMP;[DeleteJobMst] .. 정상 처리되었습니다. 작업번호[9991]
20:05:44:730;IMP;[GetJobCompleteReport] .. SIM MODE 작업 (완료)삭제 성공하였습니다. [작업번호:9991]
20:05:44:772;IMP;[GetJobCompleteReport] .. SIM MODE 작업 추가 되었습니다.[작업번호:9991]
20:07:04:846;IMP;[DeleteJobMst] .. 정상 처리되었습니다. 작업번호[9991]
20:07:04:860;IMP;[GetJobCompleteReport] .. SIM MODE 작업 (완료)삭제 성공하였습니다. [작업번호:9991]
20:08:48:455;IMP;[DeleteJobMst] .. 정상 처리되었습니다. 작업번호[9991]
20:08:48:477;IMP;[GetJobCompleteReport] .. SIM MODE 작업 (완료)삭제 성공하였습니다. [작업번호:9991]
20:08:48:542;IMP;[GetJobCompleteReport] .. SIM MODE 작업 추가 되었습니다.[작업번호:9991]
20:10:09:382;IMP;[DeleteJobMst] .. 정상 처리되었습니다. 작업번호[9991]
20:10:09:405;IMP;[GetJobCompleteReport] .. SIM MODE 작업 (완료)삭제 성공하였습니다. [작업번호:9991]
20:11:56:686;IMP;[DeleteJobMst] .. 정상 처리되었습니다. 작업번호[9991]
20:11:56:713;IMP;[GetJobCompleteReport] .. SIM MODE 작업 (완료)삭제 성공하였습니다. [작업번호:9991]
20:11:56:768;IMP;[GetJobCompleteReport] .. SIM MODE 작업 추가 되었습니다.[작업번호:9991]
20:13:19:600;IMP;[DeleteJobMst] .. 정상 처리되었습니다. 작업번호[9991]
20:13:19:631;IMP;[GetJobCompleteReport] .. SIM MODE 작업 (완료)삭제 성공하였습니다. [작업번호:9991]
20:15:06:657;IMP;[DeleteJobMst] .. 정상 처리되었습니다. 작업번호[9991]
20:15:06:696;IMP;[GetJobCompleteReport] .. SIM MODE 작업 (완료)삭제 성공하였습니다. [작업번호:9991]
20:15:06:791;IMP;[GetJobCompleteReport] .. SIM MODE 작업 추가 되었습니다.[작업번호:9991]
20:16:30:083;IMP;[DeleteJobMst] .. 정상 처리되었습니다. 작업번호[9991]
20:16:30:125;IMP;[GetJobCompleteReport] .. SIM MODE 작업 (완료)삭제 성공하였습니다. [작업번호:9991]
20:18:17:721;IMP;[DeleteJobMst] .. 정상 처리되었습니다. 작업번호[9991]
20:18:17:763;IMP;[GetJobCompleteReport] .. SIM MODE 작업 (완료)삭제 성공하였습니다. [작업번호:9991]
20:18:17:852;IMP;[GetJobCompleteReport] .. SIM MODE 작업 추가 되었습니다.[작업번호:9991]
20:19:40:153;IMP;[DeleteJobMst] .. 정상 처리되었습니다. 작업번호[9991]
20:19:40:194;IMP;[GetJobCompleteReport] .. SIM MODE 작업 (완료)삭제 성공하였습니다. [작업번호:9991]
20:21:30:048;IMP;[DeleteJobMst] .. 정상 처리되었습니다. 작업번호[9991]
20:21:30:105;IMP;[GetJobCompleteReport] .. SIM MODE 작업 (완료)삭제 성공하였습니다. [작업번호:9991]
20:21:30:201;IMP;[GetJobCompleteReport] .. SIM MODE 작업 추가 되었습니다.[작업번호:9991]
20:22:57:294;IMP;[DeleteJobMst] .. 정상 처리되었습니다. 작업번호[9991]
20:22:57:349;IMP;[GetJobCompleteReport] .. SIM MODE 작업 (완료)삭제 성공하였습니다. [작업번호:9991]
20:24:48:637;IMP;[DeleteJobMst] .. 정상 처리되었습니다. 작업번호[9991]
20:24:48:698;IMP;[GetJobCompleteReport] .. SIM MODE 작업 (완료)삭제 성공하였습니다. [작업번호:9991]
20:24:48:798;IMP;[GetJobCompleteReport] .. SIM MODE 작업 추가 되었습니다.[작업번호:9991]
20:26:13:446;IMP;[DeleteJobMst] .. 정상 처리되었습니다. 작업번호[9991]
20:26:13:515;IMP;[GetJobCompleteReport] .. SIM MODE 작업 (완료)삭제 성공하였습니다. [작업번호:9991]
20:28:04:750;IMP;[DeleteJobMst] .. 정상 처리되었습니다. 작업번호[9991]
20:28:04:820;IMP;[GetJobCompleteReport] .. SIM MODE 작업 (완료)삭제 성공하였습니다. [작업번호:9991]
20:28:04:943;IMP;[GetJobCompleteReport] .. SIM MODE 작업 추가 되었습니다.[작업번호:9991]
20:29:33:451;IMP;[DeleteJobMst] .. 정상 처리되었습니다. 작업번호[9991]
20:29:33:885;IMP;[GetJobCompleteReport] .. SIM MODE 작업 (완료)삭제 성공하였습니다. [작업번호:9991]
20:31:27:418;IMP;[DeleteJobMst] .. 정상 처리되었습니다. 작업번호[9991]
20:31:27:700;IMP;[GetJobCompleteReport] .. SIM MODE 작업 (완료)삭제 성공하였습니다. [작업번호:9991]
20:31:27:809;IMP;[GetJobCompleteReport] .. SIM MODE 작업 추가 되었습니다.[작업번호:9991]
20:32:55:990;IMP;[DeleteJobMst] .. 정상 처리되었습니다. 작업번호[9991]
20:32:56:067;IMP;[GetJobCompleteReport] .. SIM MODE 작업 (완료)삭제 성공하였습니다. [작업번호:9991]
20:34:49:660;IMP;[DeleteJobMst] .. 정상 처리되었습니다. 작업번호[9991]
20:34:49:731;IMP;[GetJobCompleteReport] .. SIM MODE 작업 (완료)삭제 성공하였습니다. [작업번호:9991]
20:34:49:932;IMP;[GetJobCompleteReport] .. SIM MODE 작업 추가 되었습니다.[작업번호:9991]
20:36:20:781;IMP;[DeleteJobMst] .. 정상 처리되었습니다. 작업번호[9991]
20:36:20:863;IMP;[GetJobCompleteReport] .. SIM MODE 작업 (완료)삭제 성공하였습니다. [작업번호:9991]
20:38:14:924;IMP;[DeleteJobMst] .. 정상 처리되었습니다. 작업번호[9991]
20:38:15:091;IMP;[GetJobCompleteReport] .. SIM MODE 작업 (완료)삭제 성공하였습니다. [작업번호:9991]
20:38:15:165;IMP;[GetJobCompleteReport] .. SIM MODE 작업 추가 되었습니다.[작업번호:9991]
20:39:43:142;IMP;[DeleteJobMst] .. 정상 처리되었습니다. 작업번호[9991]
20:39:43:157;IMP;[GetJobCompleteReport] .. SIM MODE 작업 (완료)삭제 성공하였습니다. [작업번호:9991]
20:41:36:942;IMP;[DeleteJobMst] .. 정상 처리되었습니다. 작업번호[9991]
20:41:36:961;IMP;[GetJobCompleteReport] .. SIM MODE 작업 (완료)삭제 성공하였습니다. [작업번호:9991]
20:41:37:017;IMP;[GetJobCompleteReport] .. SIM MODE 작업 추가 되었습니다.[작업번호:9991]
20:43:06:851;IMP;[DeleteJobMst] .. 정상 처리되었습니다. 작업번호[9991]
20:43:06:892;IMP;[GetJobCompleteReport] .. SIM MODE 작업 (완료)삭제 성공하였습니다. [작업번호:9991]
20:45:02:150;IMP;[DeleteJobMst] .. 정상 처리되었습니다. 작업번호[9991]
20:45:02:214;IMP;[GetJobCompleteReport] .. SIM MODE 작업 (완료)삭제 성공하였습니다. [작업번호:9991]
20:45:02:459;IMP;[GetJobCompleteReport] .. SIM MODE 작업 추가 되었습니다.[작업번호:9991]
20:46:34:424;IMP;[DeleteJobMst] .. 정상 처리되었습니다. 작업번호[9991]
20:46:34:454;IMP;[GetJobCompleteReport] .. SIM MODE 작업 (완료)삭제 성공하였습니다. [작업번호:9991]
20:48:30:619;IMP;[DeleteJobMst] .. 정상 처리되었습니다. 작업번호[9991]
20:48:30:658;IMP;[GetJobCompleteReport] .. SIM MODE 작업 (완료)삭제 성공하였습니다. [작업번호:9991]
20:48:30:724;IMP;[GetJobCompleteReport] .. SIM MODE 작업 추가 되었습니다.[작업번호:9991]
20:50:06:354;IMP;[DeleteJobMst] .. 정상 처리되었습니다. 작업번호[9991]
20:50:06:403;IMP;[GetJobCompleteReport] .. SIM MODE 작업 (완료)삭제 성공하였습니다. [작업번호:9991]
20:52:02:930;IMP;[DeleteJobMst] .. 정상 처리되었습니다. 작업번호[9991]
20:52:03:044;IMP;[GetJobCompleteReport] .. SIM MODE 작업 (완료)삭제 성공하였습니다. [작업번호:9991]
20:52:03:120;IMP;[GetJobCompleteReport] .. SIM MODE 작업 추가 되었습니다.[작업번호:9991]
20:53:37:805;IMP;[DeleteJobMst] .. 정상 처리되었습니다. 작업번호[9991]
20:53:37:855;IMP;[GetJobCompleteReport] .. SIM MODE 작업 (완료)삭제 성공하였습니다. [작업번호:9991]
20:55:35:713;IMP;[DeleteJobMst] .. 정상 처리되었습니다. 작업번호[9991]
20:55:35:771;IMP;[GetJobCompleteReport] .. SIM MODE 작업 (완료)삭제 성공하였습니다. [작업번호:9991]
20:55:35:858;IMP;[GetJobCompleteReport] .. SIM MODE 작업 추가 되었습니다.[작업번호:9991]
20:57:10:828;IMP;[DeleteJobMst] .. 정상 처리되었습니다. 작업번호[9991]
20:57:10:894;IMP;[GetJobCompleteReport] .. SIM MODE 작업 (완료)삭제 성공하였습니다. [작업번호:9991]
20:59:10:884;IMP;[DeleteJobMst] .. 정상 처리되었습니다. 작업번호[9991]
20:59:10:941;IMP;[GetJobCompleteReport] .. SIM MODE 작업 (완료)삭제 성공하였습니다. [작업번호:9991]
20:59:11:043;IMP;[GetJobCompleteReport] .. SIM MODE 작업 추가 되었습니다.[작업번호:9991]
21:00:45:358;IMP;[DeleteJobMst] .. 정상 처리되었습니다. 작업번호[9991]
21:00:45:418;IMP;[GetJobCompleteReport] .. SIM MODE 작업 (완료)삭제 성공하였습니다. [작업번호:9991]
21:02:46:094;IMP;[DeleteJobMst] .. 정상 처리되었습니다. 작업번호[9991]
21:02:46:162;IMP;[GetJobCompleteReport] .. SIM MODE 작업 (완료)삭제 성공하였습니다. [작업번호:9991]
21:02:46:329;IMP;[GetJobCompleteReport] .. SIM MODE 작업 추가 되었습니다.[작업번호:9991]
21:04:23:350;IMP;[DeleteJobMst] .. 정상 처리되었습니다. 작업번호[9991]
21:04:23:457;IMP;[GetJobCompleteReport] .. SIM MODE 작업 (완료)삭제 성공하였습니다. [작업번호:9991]
21:06:23:685;IMP;[DeleteJobMst] .. 정상 처리되었습니다. 작업번호[9991]
21:06:23:766;IMP;[GetJobCompleteReport] .. SIM MODE 작업 (완료)삭제 성공하였습니다. [작업번호:9991]
21:06:23:877;IMP;[GetJobCompleteReport] .. SIM MODE 작업 추가 되었습니다.[작업번호:9991]
21:08:03:065;IMP;[DeleteJobMst] .. 정상 처리되었습니다. 작업번호[9991]
21:08:03:137;IMP;[GetJobCompleteReport] .. SIM MODE 작업 (완료)삭제 성공하였습니다. [작업번호:9991]
21:10:06:904;IMP;[DeleteJobMst] .. 정상 처리되었습니다. 작업번호[9991]
21:10:07:042;IMP;[GetJobCompleteReport] .. SIM MODE 작업 (완료)삭제 성공하였습니다. [작업번호:9991]
21:10:07:137;IMP;[GetJobCompleteReport] .. SIM MODE 작업 추가 되었습니다.[작업번호:9991]
21:11:45:014;IMP;[DeleteJobMst] .. 정상 처리되었습니다. 작업번호[9991]
21:11:45:083;IMP;[GetJobCompleteReport] .. SIM MODE 작업 (완료)삭제 성공하였습니다. [작업번호:9991]
21:13:49:120;IMP;[DeleteJobMst] .. 정상 처리되었습니다. 작업번호[9991]
21:13:49:193;IMP;[GetJobCompleteReport] .. SIM MODE 작업 (완료)삭제 성공하였습니다. [작업번호:9991]
21:13:49:332;IMP;[GetJobCompleteReport] .. SIM MODE 작업 추가 되었습니다.[작업번호:9991]
21:15:30:845;IMP;[DeleteJobMst] .. 정상 처리되었습니다. 작업번호[9991]
21:15:30:856;IMP;[GetJobCompleteReport] .. SIM MODE 작업 (완료)삭제 성공하였습니다. [작업번호:9991]
21:17:37:945;IMP;[DeleteJobMst] .. 정상 처리되었습니다. 작업번호[9991]
21:17:37:966;IMP;[GetJobCompleteReport] .. SIM MODE 작업 (완료)삭제 성공하였습니다. [작업번호:9991]
21:17:38:022;IMP;[GetJobCompleteReport] .. SIM MODE 작업 추가 되었습니다.[작업번호:9991]
21:19:19:955;IMP;[DeleteJobMst] .. 정상 처리되었습니다. 작업번호[9991]
21:19:19:974;IMP;[GetJobCompleteReport] .. SIM MODE 작업 (완료)삭제 성공하였습니다. [작업번호:9991]
21:21:27:170;IMP;[DeleteJobMst] .. 정상 처리되었습니다. 작업번호[9991]
21:21:27:211;IMP;[GetJobCompleteReport] .. SIM MODE 작업 (완료)삭제 성공하였습니다. [작업번호:9991]
21:21:27:266;IMP;[GetJobCompleteReport] .. SIM MODE 작업 추가 되었습니다.[작업번호:9991]
21:23:08:769;IMP;[DeleteJobMst] .. 정상 처리되었습니다. 작업번호[9991]
21:23:08:807;IMP;[GetJobCompleteReport] .. SIM MODE 작업 (완료)삭제 성공하였습니다. [작업번호:9991]
21:25:18:087;IMP;[DeleteJobMst] .. 정상 처리되었습니다. 작업번호[9991]
21:25:18:127;IMP;[GetJobCompleteReport] .. SIM MODE 작업 (완료)삭제 성공하였습니다. [작업번호:9991]
21:25:18:223;IMP;[GetJobCompleteReport] .. SIM MODE 작업 추가 되었습니다.[작업번호:9991]
21:27:01:772;IMP;[DeleteJobMst] .. 정상 처리되었습니다. 작업번호[9991]
21:27:01:809;IMP;[GetJobCompleteReport] .. SIM MODE 작업 (완료)삭제 성공하였습니다. [작업번호:9991]
21:29:11:099;IMP;[DeleteJobMst] .. 정상 처리되었습니다. 작업번호[9991]
21:29:11:141;IMP;[GetJobCompleteReport] .. SIM MODE 작업 (완료)삭제 성공하였습니다. [작업번호:9991]
21:29:11:208;IMP;[GetJobCompleteReport] .. SIM MODE 작업 추가 되었습니다.[작업번호:9991]
21:30:10:912;IMP;[DeleteJobMst] .. 정상 처리되었습니다. 작업번호[9991]
21:30:10:955;IMP;[GetJobCompleteReport] .. SIM MODE 작업 (완료)삭제 성공하였습니다. [작업번호:9991]
21:31:33:478;IMP;[DeleteJobMst] .. 정상 처리되었습니다. 작업번호[9991]
21:31:33:523;IMP;[GetJobCompleteReport] .. SIM MODE 작업 (완료)삭제 성공하였습니다. [작업번호:9991]
21:31:33:633;IMP;[GetJobCompleteReport] .. SIM MODE 작업 추가 되었습니다.[작업번호:9991]
21:32:29:809;IMP;[DeleteJobMst] .. 정상 처리되었습니다. 작업번호[9991]
21:32:29:859;IMP;[GetJobCompleteReport] .. SIM MODE 작업 (완료)삭제 성공하였습니다. [작업번호:9991]
21:33:53:604;IMP;[DeleteJobMst] .. 정상 처리되었습니다. 작업번호[9991]
21:33:53:660;IMP;[GetJobCompleteReport] .. SIM MODE 작업 (완료)삭제 성공하였습니다. [작업번호:9991]
21:33:53:755;IMP;[GetJobCompleteReport] .. SIM MODE 작업 추가 되었습니다.[작업번호:9991]
21:34:53:521;IMP;[DeleteJobMst] .. 정상 처리되었습니다. 작업번호[9991]
21:34:53:572;IMP;[GetJobCompleteReport] .. SIM MODE 작업 (완료)삭제 성공하였습니다. [작업번호:9991]
21:36:16:271;IMP;[DeleteJobMst] .. 정상 처리되었습니다. 작업번호[9991]
21:36:16:329;IMP;[GetJobCompleteReport] .. SIM MODE 작업 (완료)삭제 성공하였습니다. [작업번호:9991]
21:36:16:454;IMP;[GetJobCompleteReport] .. SIM MODE 작업 추가 되었습니다.[작업번호:9991]
21:37:15:977;IMP;[DeleteJobMst] .. 정상 처리되었습니다. 작업번호[9991]
21:37:16:067;IMP;[GetJobCompleteReport] .. SIM MODE 작업 (완료)삭제 성공하였습니다. [작업번호:9991]
21:38:41:595;IMP;[DeleteJobMst] .. 정상 처리되었습니다. 작업번호[9991]
21:38:41:663;IMP;[GetJobCompleteReport] .. SIM MODE 작업 (완료)삭제 성공하였습니다. [작업번호:9991]
21:38:41:775;IMP;[GetJobCompleteReport] .. SIM MODE 작업 추가 되었습니다.[작업번호:9991]
21:39:42:122;IMP;[DeleteJobMst] .. 정상 처리되었습니다. 작업번호[9991]
21:39:42:201;IMP;[GetJobCompleteReport] .. SIM MODE 작업 (완료)삭제 성공하였습니다. [작업번호:9991]
21:41:06:355;IMP;[DeleteJobMst] .. 정상 처리되었습니다. 작업번호[9991]
21:41:06:427;IMP;[GetJobCompleteReport] .. SIM MODE 작업 (완료)삭제 성공하였습니다. [작업번호:9991]
21:41:06:532;IMP;[GetJobCompleteReport] .. SIM MODE 작업 추가 되었습니다.[작업번호:9991]
21:42:08:104;IMP;[DeleteJobMst] .. 정상 처리되었습니다. 작업번호[9991]
21:42:08:177;IMP;[GetJobCompleteReport] .. SIM MODE 작업 (완료)삭제 성공하였습니다. [작업번호:9991]
21:43:35:701;IMP;[DeleteJobMst] .. 정상 처리되었습니다. 작업번호[9991]
21:43:35:777;IMP;[GetJobCompleteReport] .. SIM MODE 작업 (완료)삭제 성공하였습니다. [작업번호:9991]
21:43:35:899;IMP;[GetJobCompleteReport] .. SIM MODE 작업 추가 되었습니다.[작업번호:9991]
21:44:38:859;IMP;[DeleteJobMst] .. 정상 처리되었습니다. 작업번호[9991]
21:44:38:872;IMP;[GetJobCompleteReport] .. SIM MODE 작업 (완료)삭제 성공하였습니다. [작업번호:9991]
21:46:06:675;IMP;[DeleteJobMst] .. 정상 처리되었습니다. 작업번호[9991]
21:46:06:699;IMP;[GetJobCompleteReport] .. SIM MODE 작업 (완료)삭제 성공하였습니다. [작업번호:9991]
21:46:06:744;IMP;[GetJobCompleteReport] .. SIM MODE 작업 추가 되었습니다.[작업번호:9991]
21:47:11:172;IMP;[DeleteJobMst] .. 정상 처리되었습니다. 작업번호[9991]
21:47:11:193;IMP;[GetJobCompleteReport] .. SIM MODE 작업 (완료)삭제 성공하였습니다. [작업번호:9991]
21:48:39:604;IMP;[DeleteJobMst] .. 정상 처리되었습니다. 작업번호[9991]
21:48:39:629;IMP;[GetJobCompleteReport] .. SIM MODE 작업 (완료)삭제 성공하였습니다. [작업번호:9991]
21:48:39:680;IMP;[GetJobCompleteReport] .. SIM MODE 작업 추가 되었습니다.[작업번호:9991]
21:49:45:346;IMP;[DeleteJobMst] .. 정상 처리되었습니다. 작업번호[9991]
21:49:45:378;IMP;[GetJobCompleteReport] .. SIM MODE 작업 (완료)삭제 성공하였습니다. [작업번호:9991]
21:51:14:962;IMP;[DeleteJobMst] .. 정상 처리되었습니다. 작업번호[9991]
21:51:14:989;IMP;[GetJobCompleteReport] .. SIM MODE 작업 (완료)삭제 성공하였습니다. [작업번호:9991]
21:51:15:053;IMP;[GetJobCompleteReport] .. SIM MODE 작업 추가 되었습니다.[작업번호:9991]
21:52:21:513;IMP;[DeleteJobMst] .. 정상 처리되었습니다. 작업번호[9991]
21:52:21:547;IMP;[GetJobCompleteReport] .. SIM MODE 작업 (완료)삭제 성공하였습니다. [작업번호:9991]
21:53:50:853;IMP;[DeleteJobMst] .. 정상 처리되었습니다. 작업번호[9991]
21:53:50:924;IMP;[GetJobCompleteReport] .. SIM MODE 작업 (완료)삭제 성공하였습니다. [작업번호:9991]
21:53:51:010;IMP;[GetJobCompleteReport] .. SIM MODE 작업 추가 되었습니다.[작업번호:9991]
21:54:55:451;IMP;[DeleteJobMst] .. 정상 처리되었습니다. 작업번호[9991]
21:54:55:489;IMP;[GetJobCompleteReport] .. SIM MODE 작업 (완료)삭제 성공하였습니다. [작업번호:9991]
21:56:27:701;IMP;[DeleteJobMst] .. 정상 처리되었습니다. 작업번호[9991]
21:56:27:743;IMP;[GetJobCompleteReport] .. SIM MODE 작업 (완료)삭제 성공하였습니다. [작업번호:9991]
21:56:27:816;IMP;[GetJobCompleteReport] .. SIM MODE 작업 추가 되었습니다.[작업번호:9991]
21:57:33:796;IMP;[DeleteJobMst] .. 정상 처리되었습니다. 작업번호[9991]
21:57:33:859;IMP;[GetJobCompleteReport] .. SIM MODE 작업 (완료)삭제 성공하였습니다. [작업번호:9991]
21:59:06:775;IMP;[DeleteJobMst] .. 정상 처리되었습니다. 작업번호[9991]
21:59:06:830;IMP;[GetJobCompleteReport] .. SIM MODE 작업 (완료)삭제 성공하였습니다. [작업번호:9991]
21:59:06:941;IMP;[GetJobCompleteReport] .. SIM MODE 작업 추가 되었습니다.[작업번호:9991]
22:00:15:791;IMP;[DeleteJobMst] .. 정상 처리되었습니다. 작업번호[9991]
22:00:15:854;IMP;[GetJobCompleteReport] .. SIM MODE 작업 (완료)삭제 성공하였습니다. [작업번호:9991]
22:01:50:043;IMP;[DeleteJobMst] .. 정상 처리되었습니다. 작업번호[9991]
22:01:50:127;IMP;[GetJobCompleteReport] .. SIM MODE 작업 (완료)삭제 성공하였습니다. [작업번호:9991]
22:01:50:290;IMP;[GetJobCompleteReport] .. SIM MODE 작업 추가 되었습니다.[작업번호:9991]
22:02:59:364;IMP;[DeleteJobMst] .. 정상 처리되었습니다. 작업번호[9991]
22:02:59:447;IMP;[GetJobCompleteReport] .. SIM MODE 작업 (완료)삭제 성공하였습니다. [작업번호:9991]
22:04:31:932;IMP;[DeleteJobMst] .. 정상 처리되었습니다. 작업번호[9991]
22:04:32:006;IMP;[GetJobCompleteReport] .. SIM MODE 작업 (완료)삭제 성공하였습니다. [작업번호:9991]
22:04:32:124;IMP;[GetJobCompleteReport] .. SIM MODE 작업 추가 되었습니다.[작업번호:9991]
22:05:40:593;IMP;[DeleteJobMst] .. 정상 처리되었습니다. 작업번호[9991]
22:05:40:662;IMP;[GetJobCompleteReport] .. SIM MODE 작업 (완료)삭제 성공하였습니다. [작업번호:9991]
22:07:16:460;IMP;[DeleteJobMst] .. 정상 처리되었습니다. 작업번호[9991]
22:07:16:522;IMP;[GetJobCompleteReport] .. SIM MODE 작업 (완료)삭제 성공하였습니다. [작업번호:9991]
22:07:16:628;IMP;[GetJobCompleteReport] .. SIM MODE 작업 추가 되었습니다.[작업번호:9991]
22:08:30:347;IMP;[DeleteJobMst] .. 정상 처리되었습니다. 작업번호[9991]
22:08:30:411;IMP;[GetJobCompleteReport] .. SIM MODE 작업 (완료)삭제 성공하였습니다. [작업번호:9991]
22:10:08:834;IMP;[DeleteJobMst] .. 정상 처리되었습니다. 작업번호[9991]
22:10:08:907;IMP;[GetJobCompleteReport] .. SIM MODE 작업 (완료)삭제 성공하였습니다. [작업번호:9991]
22:10:08:996;IMP;[GetJobCompleteReport] .. SIM MODE 작업 추가 되었습니다.[작업번호:9991]
22:11:22:039;IMP;[DeleteJobMst] .. 정상 처리되었습니다. 작업번호[9991]
22:11:22:124;IMP;[GetJobCompleteReport] .. SIM MODE 작업 (완료)삭제 성공하였습니다. [작업번호:9991]
22:13:00:896;IMP;[DeleteJobMst] .. 정상 처리되었습니다. 작업번호[9991]
22:13:00:908;IMP;[GetJobCompleteReport] .. SIM MODE 작업 (완료)삭제 성공하였습니다. [작업번호:9991]
22:13:00:963;IMP;[GetJobCompleteReport] .. SIM MODE 작업 추가 되었습니다.[작업번호:9991]
22:14:14:564;IMP;[DeleteJobMst] .. 정상 처리되었습니다. 작업번호[9991]
22:14:14:599;IMP;[GetJobCompleteReport] .. SIM MODE 작업 (완료)삭제 성공하였습니다. [작업번호:9991]
22:15:53:273;IMP;[DeleteJobMst] .. 정상 처리되었습니다. 작업번호[9991]
22:15:53:315;IMP;[GetJobCompleteReport] .. SIM MODE 작업 (완료)삭제 성공하였습니다. [작업번호:9991]
22:15:53:380;IMP;[GetJobCompleteReport] .. SIM MODE 작업 추가 되었습니다.[작업번호:9991]
22:17:06:936;IMP;[DeleteJobMst] .. 정상 처리되었습니다. 작업번호[9991]
22:17:06:978;IMP;[GetJobCompleteReport] .. SIM MODE 작업 (완료)삭제 성공하였습니다. [작업번호:9991]
22:18:45:869;IMP;[DeleteJobMst] .. 정상 처리되었습니다. 작업번호[9991]
22:18:45:910;IMP;[GetJobCompleteReport] .. SIM MODE 작업 (완료)삭제 성공하였습니다. [작업번호:9991]
22:18:45:975;IMP;[GetJobCompleteReport] .. SIM MODE 작업 추가 되었습니다.[작업번호:9991]
22:20:01:905;IMP;[DeleteJobMst] .. 정상 처리되었습니다. 작업번호[9991]
22:20:01:939;IMP;[GetJobCompleteReport] .. SIM MODE 작업 (완료)삭제 성공하였습니다. [작업번호:9991]
22:21:42:678;IMP;[DeleteJobMst] .. 정상 처리되었습니다. 작업번호[9991]
22:21:42:711;IMP;[GetJobCompleteReport] .. SIM MODE 작업 (완료)삭제 성공하였습니다. [작업번호:9991]
22:21:42:776;IMP;[GetJobCompleteReport] .. SIM MODE 작업 추가 되었습니다.[작업번호:9991]
22:22:57:654;IMP;[DeleteJobMst] .. 정상 처리되었습니다. 작업번호[9991]
22:22:57:698;IMP;[GetJobCompleteReport] .. SIM MODE 작업 (완료)삭제 성공하였습니다. [작업번호:9991]
22:24:40:983;IMP;[DeleteJobMst] .. 정상 처리되었습니다. 작업번호[9991]
22:24:41:024;IMP;[GetJobCompleteReport] .. SIM MODE 작업 (완료)삭제 성공하였습니다. [작업번호:9991]
22:24:41:089;IMP;[GetJobCompleteReport] .. SIM MODE 작업 추가 되었습니다.[작업번호:9991]
22:25:58:227;IMP;[DeleteJobMst] .. 정상 처리되었습니다. 작업번호[9991]
22:25:58:286;IMP;[GetJobCompleteReport] .. SIM MODE 작업 (완료)삭제 성공하였습니다. [작업번호:9991]
22:27:39:928;IMP;[DeleteJobMst] .. 정상 처리되었습니다. 작업번호[9991]
22:27:40:000;IMP;[GetJobCompleteReport] .. SIM MODE 작업 (완료)삭제 성공하였습니다. [작업번호:9991]
22:27:40:099;IMP;[GetJobCompleteReport] .. SIM MODE 작업 추가 되었습니다.[작업번호:9991]
22:28:58:053;IMP;[DeleteJobMst] .. 정상 처리되었습니다. 작업번호[9991]
22:28:58:105;IMP;[GetJobCompleteReport] .. SIM MODE 작업 (완료)삭제 성공하였습니다. [작업번호:9991]
22:30:41:284;IMP;[DeleteJobMst] .. 정상 처리되었습니다. 작업번호[9991]
22:30:41:350;IMP;[GetJobCompleteReport] .. SIM MODE 작업 (완료)삭제 성공하였습니다. [작업번호:9991]
22:30:41:494;IMP;[GetJobCompleteReport] .. SIM MODE 작업 추가 되었습니다.[작업번호:9991]
22:32:02:649;IMP;[DeleteJobMst] .. 정상 처리되었습니다. 작업번호[9991]
22:32:02:725;IMP;[GetJobCompleteReport] .. SIM MODE 작업 (완료)삭제 성공하였습니다. [작업번호:9991]
22:33:49:022;IMP;[DeleteJobMst] .. 정상 처리되었습니다. 작업번호[9991]
22:33:49:086;IMP;[GetJobCompleteReport] .. SIM MODE 작업 (완료)삭제 성공하였습니다. [작업번호:9991]
22:33:49:223;IMP;[GetJobCompleteReport] .. SIM MODE 작업 추가 되었습니다.[작업번호:9991]
22:35:10:199;IMP;[DeleteJobMst] .. 정상 처리되었습니다. 작업번호[9991]
22:35:10:352;IMP;[GetJobCompleteReport] .. SIM MODE 작업 (완료)삭제 성공하였습니다. [작업번호:9991]
22:36:55:193;IMP;[DeleteJobMst] .. 정상 처리되었습니다. 작업번호[9991]
22:36:55:271;IMP;[GetJobCompleteReport] .. SIM MODE 작업 (완료)삭제 성공하였습니다. [작업번호:9991]
22:36:55:381;IMP;[GetJobCompleteReport] .. SIM MODE 작업 추가 되었습니다.[작업번호:9991]
22:38:14:275;IMP;[DeleteJobMst] .. 정상 처리되었습니다. 작업번호[9991]
22:38:14:343;IMP;[GetJobCompleteReport] .. SIM MODE 작업 (완료)삭제 성공하였습니다. [작업번호:9991]
22:40:00:360;IMP;[DeleteJobMst] .. 정상 처리되었습니다. 작업번호[9991]
22:40:00:437;IMP;[GetJobCompleteReport] .. SIM MODE 작업 (완료)삭제 성공하였습니다. [작업번호:9991]
22:40:00:553;IMP;[GetJobCompleteReport] .. SIM MODE 작업 추가 되었습니다.[작업번호:9991]
22:41:20:832;IMP;[DeleteJobMst] .. 정상 처리되었습니다. 작업번호[9991]
22:41:20:911;IMP;[GetJobCompleteReport] .. SIM MODE 작업 (완료)삭제 성공하였습니다. [작업번호:9991]
22:43:07:669;IMP;[DeleteJobMst] .. 정상 처리되었습니다. 작업번호[9991]
22:43:07:687;IMP;[GetJobCompleteReport] .. SIM MODE 작업 (완료)삭제 성공하였습니다. [작업번호:9991]
22:43:07:741;IMP;[GetJobCompleteReport] .. SIM MODE 작업 추가 되었습니다.[작업번호:9991]
22:44:29:219;IMP;[DeleteJobMst] .. 정상 처리되었습니다. 작업번호[9991]
22:44:29:243;IMP;[GetJobCompleteReport] .. SIM MODE 작업 (완료)삭제 성공하였습니다. [작업번호:9991]
22:46:18:150;IMP;[DeleteJobMst] .. 정상 처리되었습니다. 작업번호[9991]
22:46:18:168;IMP;[GetJobCompleteReport] .. SIM MODE 작업 (완료)삭제 성공하였습니다. [작업번호:9991]
22:46:18:222;IMP;[GetJobCompleteReport] .. SIM MODE 작업 추가 되었습니다.[작업번호:9991]
22:47:42:416;IMP;[DeleteJobMst] .. 정상 처리되었습니다. 작업번호[9991]
22:47:42:442;IMP;[GetJobCompleteReport] .. SIM MODE 작업 (완료)삭제 성공하였습니다. [작업번호:9991]
22:49:34:357;IMP;[DeleteJobMst] .. 정상 처리되었습니다. 작업번호[9991]
22:49:34:395;IMP;[GetJobCompleteReport] .. SIM MODE 작업 (완료)삭제 성공하였습니다. [작업번호:9991]
22:49:34:463;IMP;[GetJobCompleteReport] .. SIM MODE 작업 추가 되었습니다.[작업번호:9991]
22:50:57:451;IMP;[DeleteJobMst] .. 정상 처리되었습니다. 작업번호[9991]
22:50:57:479;IMP;[GetJobCompleteReport] .. SIM MODE 작업 (완료)삭제 성공하였습니다. [작업번호:9991]
22:52:49:274;IMP;[DeleteJobMst] .. 정상 처리되었습니다. 작업번호[9991]
22:52:49:314;IMP;[GetJobCompleteReport] .. SIM MODE 작업 (완료)삭제 성공하였습니다. [작업번호:9991]
22:52:49:383;IMP;[GetJobCompleteReport] .. SIM MODE 작업 추가 되었습니다.[작업번호:9991]
22:54:11:277;IMP;[DeleteJobMst] .. 정상 처리되었습니다. 작업번호[9991]
22:54:11:317;IMP;[GetJobCompleteReport] .. SIM MODE 작업 (완료)삭제 성공하였습니다. [작업번호:9991]
22:56:02:408;IMP;[DeleteJobMst] .. 정상 처리되었습니다. 작업번호[9991]
22:56:02:464;IMP;[GetJobCompleteReport] .. SIM MODE 작업 (완료)삭제 성공하였습니다. [작업번호:9991]
22:56:02:542;IMP;[GetJobCompleteReport] .. SIM MODE 작업 추가 되었습니다.[작업번호:9991]
22:57:29:559;IMP;[DeleteJobMst] .. 정상 처리되었습니다. 작업번호[9991]
22:57:29:629;IMP;[GetJobCompleteReport] .. SIM MODE 작업 (완료)삭제 성공하였습니다. [작업번호:9991]
22:59:23:164;IMP;[DeleteJobMst] .. 정상 처리되었습니다. 작업번호[9991]
22:59:23:525;IMP;[GetJobCompleteReport] .. SIM MODE 작업 (완료)삭제 성공하였습니다. [작업번호:9991]
22:59:23:652;IMP;[GetJobCompleteReport] .. SIM MODE 작업 추가 되었습니다.[작업번호:9991]
23:00:49:303;IMP;[DeleteJobMst] .. 정상 처리되었습니다. 작업번호[9991]
23:00:49:367;IMP;[GetJobCompleteReport] .. SIM MODE 작업 (완료)삭제 성공하였습니다. [작업번호:9991]
23:02:42:448;IMP;[DeleteJobMst] .. 정상 처리되었습니다. 작업번호[9991]
23:02:42:508;IMP;[GetJobCompleteReport] .. SIM MODE 작업 (완료)삭제 성공하였습니다. [작업번호:9991]
23:02:42:611;IMP;[GetJobCompleteReport] .. SIM MODE 작업 추가 되었습니다.[작업번호:9991]
23:04:12:890;IMP;[DeleteJobMst] .. 정상 처리되었습니다. 작업번호[9991]
23:04:12:949;IMP;[GetJobCompleteReport] .. SIM MODE 작업 (완료)삭제 성공하였습니다. [작업번호:9991]
23:06:07:094;IMP;[DeleteJobMst] .. 정상 처리되었습니다. 작업번호[9991]
23:06:07:169;IMP;[GetJobCompleteReport] .. SIM MODE 작업 (완료)삭제 성공하였습니다. [작업번호:9991]
23:06:07:267;IMP;[GetJobCompleteReport] .. SIM MODE 작업 추가 되었습니다.[작업번호:9991]
23:07:38:570;IMP;[DeleteJobMst] .. 정상 처리되었습니다. 작업번호[9991]
23:07:38:645;IMP;[GetJobCompleteReport] .. SIM MODE 작업 (완료)삭제 성공하였습니다. [작업번호:9991]
23:09:34:421;IMP;[DeleteJobMst] .. 정상 처리되었습니다. 작업번호[9991]
23:09:34:500;IMP;[GetJobCompleteReport] .. SIM MODE 작업 (완료)삭제 성공하였습니다. [작업번호:9991]
23:09:34:623;IMP;[GetJobCompleteReport] .. SIM MODE 작업 추가 되었습니다.[작업번호:9991]
23:11:06:892;IMP;[DeleteJobMst] .. 정상 처리되었습니다. 작업번호[9991]
23:11:06:965;IMP;[GetJobCompleteReport] .. SIM MODE 작업 (완료)삭제 성공하였습니다. [작업번호:9991]
23:13:03:161;IMP;[DeleteJobMst] .. 정상 처리되었습니다. 작업번호[9991]
23:13:03:326;IMP;[GetJobCompleteReport] .. SIM MODE 작업 (완료)삭제 성공하였습니다. [작업번호:9991]
23:13:03:428;IMP;[GetJobCompleteReport] .. SIM MODE 작업 추가 되었습니다.[작업번호:9991]
23:14:35:691;IMP;[DeleteJobMst] .. 정상 처리되었습니다. 작업번호[9991]
23:14:35:765;IMP;[GetJobCompleteReport] .. SIM MODE 작업 (완료)삭제 성공하였습니다. [작업번호:9991]
23:16:34:982;IMP;[DeleteJobMst] .. 정상 처리되었습니다. 작업번호[9991]
23:16:35:074;IMP;[GetJobCompleteReport] .. SIM MODE 작업 (완료)삭제 성공하였습니다. [작업번호:9991]
23:16:35:117;IMP;[GetJobCompleteReport] .. SIM MODE 작업 추가 되었습니다.[작업번호:9991]
23:18:07:970;IMP;[DeleteJobMst] .. 정상 처리되었습니다. 작업번호[9991]
23:18:07:988;IMP;[GetJobCompleteReport] .. SIM MODE 작업 (완료)삭제 성공하였습니다. [작업번호:9991]
23:20:05:057;IMP;[DeleteJobMst] .. 정상 처리되었습니다. 작업번호[9991]
23:20:05:094;IMP;[GetJobCompleteReport] .. SIM MODE 작업 (완료)삭제 성공하였습니다. [작업번호:9991]
23:20:05:153;IMP;[GetJobCompleteReport] .. SIM MODE 작업 추가 되었습니다.[작업번호:9991]
23:21:39:326;IMP;[DeleteJobMst] .. 정상 처리되었습니다. 작업번호[9991]
23:21:39:368;IMP;[GetJobCompleteReport] .. SIM MODE 작업 (완료)삭제 성공하였습니다. [작업번호:9991]
23:23:37:865;IMP;[DeleteJobMst] .. 정상 처리되었습니다. 작업번호[9991]
23:23:37:897;IMP;[GetJobCompleteReport] .. SIM MODE 작업 (완료)삭제 성공하였습니다. [작업번호:9991]
23:23:37:978;IMP;[GetJobCompleteReport] .. SIM MODE 작업 추가 되었습니다.[작업번호:9991]
23:25:14:684;IMP;[DeleteJobMst] .. 정상 처리되었습니다. 작업번호[9991]
23:25:14:728;IMP;[GetJobCompleteReport] .. SIM MODE 작업 (완료)삭제 성공하였습니다. [작업번호:9991]
23:27:17:775;IMP;[DeleteJobMst] .. 정상 처리되었습니다. 작업번호[9991]
23:27:17:817;IMP;[GetJobCompleteReport] .. SIM MODE 작업 (완료)삭제 성공하였습니다. [작업번호:9991]
23:27:17:918;IMP;[GetJobCompleteReport] .. SIM MODE 작업 추가 되었습니다.[작업번호:9991]
23:28:54:454;IMP;[DeleteJobMst] .. 정상 처리되었습니다. 작업번호[9991]
23:28:54:491;IMP;[GetJobCompleteReport] .. SIM MODE 작업 (완료)삭제 성공하였습니다. [작업번호:9991]
23:30:55:359;IMP;[DeleteJobMst] .. 정상 처리되었습니다. 작업번호[9991]
23:30:55:394;IMP;[GetJobCompleteReport] .. SIM MODE 작업 (완료)삭제 성공하였습니다. [작업번호:9991]
23:30:55:483;IMP;[GetJobCompleteReport] .. SIM MODE 작업 추가 되었습니다.[작업번호:9991]
23:32:30:761;IMP;[DeleteJobMst] .. 정상 처리되었습니다. 작업번호[9991]
23:32:30:810;IMP;[GetJobCompleteReport] .. SIM MODE 작업 (완료)삭제 성공하였습니다. [작업번호:9991]
23:34:34:382;IMP;[DeleteJobMst] .. 정상 처리되었습니다. 작업번호[9991]
23:34:34:446;IMP;[GetJobCompleteReport] .. SIM MODE 작업 (완료)삭제 성공하였습니다. [작업번호:9991]
23:34:34:554;IMP;[GetJobCompleteReport] .. SIM MODE 작업 추가 되었습니다.[작업번호:9991]
23:36:13:081;IMP;[DeleteJobMst] .. 정상 처리되었습니다. 작업번호[9991]
23:36:13:136;IMP;[GetJobCompleteReport] .. SIM MODE 작업 (완료)삭제 성공하였습니다. [작업번호:9991]
23:38:18:391;IMP;[DeleteJobMst] .. 정상 처리되었습니다. 작업번호[9991]
23:38:18:496;IMP;[GetJobCompleteReport] .. SIM MODE 작업 (완료)삭제 성공하였습니다. [작업번호:9991]
23:38:18:598;IMP;[GetJobCompleteReport] .. SIM MODE 작업 추가 되었습니다.[작업번호:9991]
23:39:55:959;IMP;[DeleteJobMst] .. 정상 처리되었습니다. 작업번호[9991]
23:39:56:015;IMP;[GetJobCompleteReport] .. SIM MODE 작업 (완료)삭제 성공하였습니다. [작업번호:9991]
23:41:59:298;IMP;[DeleteJobMst] .. 정상 처리되었습니다. 작업번호[9991]
23:41:59:360;IMP;[GetJobCompleteReport] .. SIM MODE 작업 (완료)삭제 성공하였습니다. [작업번호:9991]
23:41:59:474;IMP;[GetJobCompleteReport] .. SIM MODE 작업 추가 되었습니다.[작업번호:9991]
23:43:38:384;IMP;[DeleteJobMst] .. 정상 처리되었습니다. 작업번호[9991]
23:43:38:463;IMP;[GetJobCompleteReport] .. SIM MODE 작업 (완료)삭제 성공하였습니다. [작업번호:9991]
23:45:45:594;IMP;[DeleteJobMst] .. 정상 처리되었습니다. 작업번호[9991]
23:45:45:668;IMP;[GetJobCompleteReport] .. SIM MODE 작업 (완료)삭제 성공하였습니다. [작업번호:9991]
23:45:45:764;IMP;[GetJobCompleteReport] .. SIM MODE 작업 추가 되었습니다.[작업번호:9991]
23:47:27:109;IMP;[DeleteJobMst] .. 정상 처리되었습니다. 작업번호[9991]
23:47:27:183;IMP;[GetJobCompleteReport] .. SIM MODE 작업 (완료)삭제 성공하였습니다. [작업번호:9991]
23:49:34:370;IMP;[DeleteJobMst] .. 정상 처리되었습니다. 작업번호[9991]
23:49:34:536;IMP;[GetJobCompleteReport] .. SIM MODE 작업 (완료)삭제 성공하였습니다. [작업번호:9991]
23:49:34:645;IMP;[GetJobCompleteReport] .. SIM MODE 작업 추가 되었습니다.[작업번호:9991]
23:51:16:010;IMP;[DeleteJobMst] .. 정상 처리되었습니다. 작업번호[9991]
23:51:16:089;IMP;[GetJobCompleteReport] .. SIM MODE 작업 (완료)삭제 성공하였습니다. [작업번호:9991]
23:53:22:975;IMP;[DeleteJobMst] .. 정상 처리되었습니다. 작업번호[9991]
23:53:23:075;IMP;[GetJobCompleteReport] .. SIM MODE 작업 (완료)삭제 성공하였습니다. [작업번호:9991]
23:53:23:237;IMP;[GetJobCompleteReport] .. SIM MODE 작업 추가 되었습니다.[작업번호:9991]
23:55:04:330;IMP;[DeleteJobMst] .. 정상 처리되었습니다. 작업번호[9991]
23:55:04:364;IMP;[GetJobCompleteReport] .. SIM MODE 작업 (완료)삭제 성공하였습니다. [작업번호:9991]
23:57:14:992;IMP;[DeleteJobMst] .. 정상 처리되었습니다. 작업번호[9991]
23:57:15:025;IMP;[GetJobCompleteReport] .. SIM MODE 작업 (완료)삭제 성공하였습니다. [작업번호:9991]
23:57:15:088;IMP;[GetJobCompleteReport] .. SIM MODE 작업 추가 되었습니다.[작업번호:9991]
23:58:13:102;IMP;[DeleteJobMst] .. 정상 처리되었습니다. 작업번호[9991]
23:58:13:128;IMP;[GetJobCompleteReport] .. SIM MODE 작업 (완료)삭제 성공하였습니다. [작업번호:9991]
23:59:37:822;IMP;[DeleteJobMst] .. 정상 처리되었습니다. 작업번호[9991]
23:59:37:851;IMP;[GetJobCompleteReport] .. SIM MODE 작업 (완료)삭제 성공하였습니다. [작업번호:9991]
23:59:37:930;IMP;[GetJobCompleteReport] .. SIM MODE 작업 추가 되었습니다.[작업번호:9991]
