13:29:58:986;IMP;DB 로그인 중...
13:29:59:016;IMP;DB 로그인 성공.
13:29:59:207;ERR;시뮬레이션 모드 정보를 가져오지 못했습니다.
13:29:59:263;ERR;위치 0에 행이 없습니다.
13:29:59:279;IMP;이상 발생.DB Logout...
13:29:59:291;IMP;통신 쓰레드를 종료합니다.
13:30:03:334;IMP;DB 로그인 중...
13:30:03:346;IMP;DB 로그인 성공.
13:30:03:504;ERR;시뮬레이션 모드 정보를 가져오지 못했습니다.
13:30:03:517;ERR;위치 0에 행이 없습니다.
13:30:03:524;IMP;이상 발생.DB Logout...
13:30:03:534;IMP;통신 쓰레드를 종료합니다.
13:30:07:568;IMP;DB 로그인 중...
13:30:07:578;IMP;DB 로그인 성공.
13:30:08:608;IMP;리모트 시스템과 연결 실패 !(10061)
13:30:08:754;ERR;시뮬레이션 모드 정보를 가져오지 못했습니다.
13:30:08:761;ERR;위치 0에 행이 없습니다.
13:30:08:761;IMP;이상 발생.DB Logout...
13:30:08:761;IMP;통신 쓰레드를 종료합니다.
13:30:12:785;IMP;DB 로그인 중...
13:30:12:794;IMP;DB 로그인 성공.
13:30:12:921;ERR;시뮬레이션 모드 정보를 가져오지 못했습니다.
13:30:12:928;ERR;위치 0에 행이 없습니다.
13:30:12:928;IMP;이상 발생.DB Logout...
13:30:12:929;IMP;통신 쓰레드를 종료합니다.
13:30:16:952;IMP;DB 로그인 중...
13:30:16:959;IMP;DB 로그인 성공.
13:30:17:091;ERR;시뮬레이션 모드 정보를 가져오지 못했습니다.
13:30:17:099;ERR;위치 0에 행이 없습니다.
13:30:17:100;IMP;이상 발생.DB Logout...
13:30:17:100;IMP;통신 쓰레드를 종료합니다.
13:30:21:123;IMP;DB 로그인 중...
13:30:21:127;IMP;DB 로그인 성공.
13:30:22:136;IMP;리모트 시스템과 연결 실패 !(10061)
13:30:22:292;ERR;시뮬레이션 모드 정보를 가져오지 못했습니다.
13:30:22:299;ERR;위치 0에 행이 없습니다.
13:30:22:299;IMP;이상 발생.DB Logout...
13:30:22:299;IMP;통신 쓰레드를 종료합니다.
13:30:23:081;IMP;종료 중... 잠시 기다리세요.
13:30:23:203;NOR;Write Log Thread 종료.
13:34:45:811;IMP;DB 로그인 중...
13:34:45:822;IMP;DB 로그인 성공.
13:34:46:004;ERR;시뮬레이션 모드 정보를 가져오지 못했습니다.
13:34:46:018;ERR;위치 0에 행이 없습니다.
13:34:46:022;IMP;이상 발생.DB Logout...
13:34:46:029;IMP;통신 쓰레드를 종료합니다.
13:34:50:063;IMP;DB 로그인 중...
13:34:50:077;IMP;DB 로그인 성공.
13:34:50:212;ERR;시뮬레이션 모드 정보를 가져오지 못했습니다.
13:34:50:227;ERR;위치 0에 행이 없습니다.
13:34:50:234;IMP;이상 발생.DB Logout...
13:34:50:243;IMP;통신 쓰레드를 종료합니다.
13:34:54:275;IMP;DB 로그인 중...
13:34:54:315;IMP;DB 로그인 성공.
13:34:55:345;IMP;리모트 시스템과 연결 실패 !(10061)
13:34:55:491;ERR;시뮬레이션 모드 정보를 가져오지 못했습니다.
13:34:55:519;ERR;위치 0에 행이 없습니다.
13:34:55:529;IMP;이상 발생.DB Logout...
13:34:55:541;IMP;통신 쓰레드를 종료합니다.
13:34:59:583;IMP;DB 로그인 중...
13:34:59:602;IMP;DB 로그인 성공.
13:34:59:768;ERR;시뮬레이션 모드 정보를 가져오지 못했습니다.
13:34:59:807;ERR;위치 0에 행이 없습니다.
13:34:59:835;IMP;이상 발생.DB Logout...
13:34:59:855;IMP;통신 쓰레드를 종료합니다.
13:35:03:892;IMP;DB 로그인 중...
13:35:03:945;IMP;DB 로그인 성공.
13:35:04:090;ERR;시뮬레이션 모드 정보를 가져오지 못했습니다.
13:35:04:113;ERR;위치 0에 행이 없습니다.
13:35:04:126;IMP;이상 발생.DB Logout...
13:35:04:141;IMP;통신 쓰레드를 종료합니다.
13:35:08:177;IMP;DB 로그인 중...
13:35:08:207;IMP;DB 로그인 성공.
13:35:09:245;IMP;리모트 시스템과 연결 실패 !(10061)
13:35:09:426;ERR;시뮬레이션 모드 정보를 가져오지 못했습니다.
13:35:09:448;ERR;위치 0에 행이 없습니다.
13:35:09:460;IMP;이상 발생.DB Logout...
13:35:09:475;IMP;통신 쓰레드를 종료합니다.
13:35:12:617;IMP;종료 중... 잠시 기다리세요.
13:35:12:636;IMP;통신 쓰레드를 종료합니다.
13:35:13:048;NOR;Write Log Thread 종료.
13:36:40:512;IMP;DB 로그인 중...
13:36:40:536;IMP;DB 로그인 성공.
13:36:40:720;ERR;시뮬레이션 모드 정보를 가져오지 못했습니다.
13:36:40:733;ERR;위치 0에 행이 없습니다.
13:36:40:737;IMP;이상 발생.DB Logout...
13:36:40:744;IMP;통신 쓰레드를 종료합니다.
13:36:44:774;IMP;DB 로그인 중...
13:36:44:790;IMP;DB 로그인 성공.
13:36:44:944;ERR;시뮬레이션 모드 정보를 가져오지 못했습니다.
13:36:44:964;ERR;위치 0에 행이 없습니다.
13:36:44:971;IMP;이상 발생.DB Logout...
13:36:44:979;IMP;통신 쓰레드를 종료합니다.
13:36:49:011;IMP;DB 로그인 중...
13:36:49:026;IMP;DB 로그인 성공.
13:36:50:058;IMP;리모트 시스템과 연결 실패 !(10061)
13:36:50:208;ERR;시뮬레이션 모드 정보를 가져오지 못했습니다.
13:36:50:236;ERR;위치 0에 행이 없습니다.
13:36:50:246;IMP;이상 발생.DB Logout...
13:36:50:274;IMP;통신 쓰레드를 종료합니다.
13:36:54:310;IMP;DB 로그인 중...
13:36:54:328;IMP;DB 로그인 성공.
13:36:54:483;ERR;시뮬레이션 모드 정보를 가져오지 못했습니다.
13:36:54:508;ERR;위치 0에 행이 없습니다.
13:36:54:521;IMP;이상 발생.DB Logout...
13:36:54:536;IMP;통신 쓰레드를 종료합니다.
13:36:57:260;IMP;종료 중... 잠시 기다리세요.
13:36:57:576;IMP;통신 쓰레드를 종료합니다.
13:36:57:668;NOR;Write Log Thread 종료.
13:45:08:960;IMP;DB 로그인 중...
13:45:08:972;IMP;DB 로그인 성공.
13:45:09:151;ERR;시뮬레이션 모드 정보를 가져오지 못했습니다.
13:45:09:200;ERR;위치 0에 행이 없습니다.
13:45:09:209;IMP;이상 발생.DB Logout...
13:45:09:221;IMP;통신 쓰레드를 종료합니다.
13:45:13:256;IMP;DB 로그인 중...
13:45:13:271;IMP;DB 로그인 성공.
13:45:13:415;ERR;시뮬레이션 모드 정보를 가져오지 못했습니다.
13:45:13:434;ERR;위치 0에 행이 없습니다.
13:45:13:440;IMP;이상 발생.DB Logout...
13:45:13:448;IMP;통신 쓰레드를 종료합니다.
13:45:17:486;IMP;DB 로그인 중...
13:45:17:507;IMP;DB 로그인 성공.
13:45:18:541;IMP;리모트 시스템과 연결 실패 !(10061)
13:45:18:676;ERR;시뮬레이션 모드 정보를 가져오지 못했습니다.
13:45:18:701;ERR;위치 0에 행이 없습니다.
13:45:18:711;IMP;이상 발생.DB Logout...
13:45:18:733;IMP;통신 쓰레드를 종료합니다.
13:45:22:779;IMP;DB 로그인 중...
13:45:22:810;IMP;DB 로그인 성공.
13:45:22:966;ERR;시뮬레이션 모드 정보를 가져오지 못했습니다.
13:45:22:989;ERR;위치 0에 행이 없습니다.
13:45:23:002;IMP;이상 발생.DB Logout...
13:45:23:028;IMP;통신 쓰레드를 종료합니다.
13:45:27:065;IMP;DB 로그인 중...
13:45:27:083;IMP;DB 로그인 성공.
13:45:27:259;ERR;시뮬레이션 모드 정보를 가져오지 못했습니다.
13:45:27:280;ERR;위치 0에 행이 없습니다.
13:45:27:296;IMP;이상 발생.DB Logout...
13:45:27:327;IMP;통신 쓰레드를 종료합니다.
13:45:28:991;IMP;종료 중... 잠시 기다리세요.
13:45:29:175;NOR;Write Log Thread 종료.
13:45:44:668;IMP;DB 로그인 중...
13:45:44:679;IMP;DB 로그인 성공.
13:45:44:847;ERR;시뮬레이션 모드 정보를 가져오지 못했습니다.
13:45:44:859;ERR;위치 0에 행이 없습니다.
13:45:44:862;IMP;이상 발생.DB Logout...
13:45:44:869;IMP;통신 쓰레드를 종료합니다.
13:45:48:897;IMP;DB 로그인 중...
13:45:48:912;IMP;DB 로그인 성공.
13:45:49:052;ERR;시뮬레이션 모드 정보를 가져오지 못했습니다.
13:45:49:073;ERR;위치 0에 행이 없습니다.
13:45:49:080;IMP;이상 발생.DB Logout...
13:45:49:094;IMP;통신 쓰레드를 종료합니다.
13:45:53:125;IMP;DB 로그인 중...
13:45:53:153;IMP;DB 로그인 성공.
13:45:54:229;IMP;리모트 시스템과 연결 실패 !(10061)
13:45:54:427;ERR;시뮬레이션 모드 정보를 가져오지 못했습니다.
13:45:54:443;ERR;위치 0에 행이 없습니다.
13:45:54:453;IMP;이상 발생.DB Logout...
13:45:54:464;IMP;통신 쓰레드를 종료합니다.
13:45:58:498;IMP;DB 로그인 중...
13:45:58:548;IMP;DB 로그인 성공.
13:45:58:702;ERR;시뮬레이션 모드 정보를 가져오지 못했습니다.
13:45:58:725;ERR;위치 0에 행이 없습니다.
13:45:58:737;IMP;이상 발생.DB Logout...
13:45:58:753;IMP;통신 쓰레드를 종료합니다.
13:46:02:344;IMP;종료 중... 잠시 기다리세요.
13:46:02:358;IMP;통신 쓰레드를 종료합니다.
13:46:02:849;NOR;Write Log Thread 종료.
13:46:31:300;IMP;DB 로그인 중...
13:46:31:311;IMP;DB 로그인 성공.
13:46:31:482;ERR;시뮬레이션 모드 정보를 가져오지 못했습니다.
13:46:31:494;ERR;위치 0에 행이 없습니다.
13:46:31:497;IMP;이상 발생.DB Logout...
13:46:31:504;IMP;통신 쓰레드를 종료합니다.
13:46:35:535;IMP;DB 로그인 중...
13:46:35:552;IMP;DB 로그인 성공.
13:46:35:699;ERR;시뮬레이션 모드 정보를 가져오지 못했습니다.
13:46:35:720;ERR;위치 0에 행이 없습니다.
13:46:35:727;IMP;이상 발생.DB Logout...
13:46:35:735;IMP;통신 쓰레드를 종료합니다.
13:46:39:774;IMP;DB 로그인 중...
13:46:39:786;IMP;DB 로그인 성공.
13:46:40:824;IMP;리모트 시스템과 연결 실패 !(10061)
13:46:40:967;ERR;시뮬레이션 모드 정보를 가져오지 못했습니다.
13:46:40:996;ERR;위치 0에 행이 없습니다.
13:46:41:008;IMP;이상 발생.DB Logout...
13:46:41:030;IMP;통신 쓰레드를 종료합니다.
13:46:45:065;IMP;DB 로그인 중...
13:46:45:096;IMP;DB 로그인 성공.
13:46:45:263;ERR;시뮬레이션 모드 정보를 가져오지 못했습니다.
13:46:45:291;ERR;위치 0에 행이 없습니다.
13:46:45:311;IMP;이상 발생.DB Logout...
13:46:45:329;IMP;통신 쓰레드를 종료합니다.
13:46:49:371;IMP;DB 로그인 중...
13:46:49:391;IMP;DB 로그인 성공.
13:46:49:553;ERR;시뮬레이션 모드 정보를 가져오지 못했습니다.
13:46:49:575;ERR;위치 0에 행이 없습니다.
13:46:49:590;IMP;이상 발생.DB Logout...
13:46:49:605;IMP;통신 쓰레드를 종료합니다.
13:46:53:656;IMP;DB 로그인 중...
13:46:53:677;IMP;DB 로그인 성공.
13:46:54:723;IMP;리모트 시스템과 연결 실패 !(10061)
13:46:54:888;ERR;시뮬레이션 모드 정보를 가져오지 못했습니다.
13:46:54:910;ERR;위치 0에 행이 없습니다.
13:46:54:922;IMP;이상 발생.DB Logout...
13:46:54:938;IMP;통신 쓰레드를 종료합니다.
13:46:58:974;IMP;DB 로그인 중...
13:46:59:011;IMP;DB 로그인 성공.
13:46:59:196;ERR;시뮬레이션 모드 정보를 가져오지 못했습니다.
13:46:59:216;ERR;위치 0에 행이 없습니다.
13:46:59:233;IMP;이상 발생.DB Logout...
13:46:59:254;IMP;통신 쓰레드를 종료합니다.
13:47:03:296;IMP;DB 로그인 중...
13:47:03:316;IMP;DB 로그인 성공.
13:47:03:483;ERR;시뮬레이션 모드 정보를 가져오지 못했습니다.
13:47:03:538;ERR;위치 0에 행이 없습니다.
13:47:03:567;IMP;이상 발생.DB Logout...
13:47:03:592;IMP;통신 쓰레드를 종료합니다.
13:47:07:638;IMP;DB 로그인 중...
13:47:07:702;IMP;DB 로그인 성공.
13:47:08:715;IMP;리모트 시스템과 연결 실패 !(10061)
13:47:08:863;ERR;시뮬레이션 모드 정보를 가져오지 못했습니다.
13:47:08:873;ERR;위치 0에 행이 없습니다.
13:47:08:877;IMP;이상 발생.DB Logout...
13:47:08:881;IMP;통신 쓰레드를 종료합니다.
13:47:12:910;IMP;DB 로그인 중...
13:47:12:926;IMP;DB 로그인 성공.
13:47:13:078;ERR;시뮬레이션 모드 정보를 가져오지 못했습니다.
13:47:13:093;ERR;위치 0에 행이 없습니다.
13:47:13:100;IMP;이상 발생.DB Logout...
13:47:13:116;IMP;통신 쓰레드를 종료합니다.
13:47:17:173;IMP;DB 로그인 중...
13:47:17:186;IMP;DB 로그인 성공.
13:47:17:331;ERR;시뮬레이션 모드 정보를 가져오지 못했습니다.
13:47:17:354;ERR;위치 0에 행이 없습니다.
13:47:17:364;IMP;이상 발생.DB Logout...
13:47:17:379;IMP;통신 쓰레드를 종료합니다.
13:47:21:413;IMP;DB 로그인 중...
13:47:21:430;IMP;DB 로그인 성공.
13:47:22:457;IMP;리모트 시스템과 연결 실패 !(10061)
13:47:22:608;ERR;시뮬레이션 모드 정보를 가져오지 못했습니다.
13:47:22:633;ERR;위치 0에 행이 없습니다.
13:47:22:647;IMP;이상 발생.DB Logout...
13:47:22:662;IMP;통신 쓰레드를 종료합니다.
13:47:26:711;IMP;DB 로그인 중...
13:47:26:732;IMP;DB 로그인 성공.
13:47:26:901;ERR;시뮬레이션 모드 정보를 가져오지 못했습니다.
13:47:43:881;IMP;DB 로그인 중...
13:47:43:891;IMP;DB 로그인 성공.
13:47:44:052;ERR;시뮬레이션 모드 정보를 가져오지 못했습니다.
13:47:44:066;ERR;위치 0에 행이 없습니다.
13:47:44:070;IMP;이상 발생.DB Logout...
13:47:44:076;IMP;통신 쓰레드를 종료합니다.
13:47:48:108;IMP;DB 로그인 중...
13:47:48:127;IMP;DB 로그인 성공.
13:47:48:275;ERR;시뮬레이션 모드 정보를 가져오지 못했습니다.
13:47:48:296;ERR;위치 0에 행이 없습니다.
13:47:48:304;IMP;이상 발생.DB Logout...
13:47:48:315;IMP;통신 쓰레드를 종료합니다.
13:47:52:347;IMP;DB 로그인 중...
13:47:52:367;IMP;DB 로그인 성공.
13:47:53:397;IMP;리모트 시스템과 연결 실패 !(10061)
13:47:53:543;ERR;시뮬레이션 모드 정보를 가져오지 못했습니다.
13:47:53:562;ERR;위치 0에 행이 없습니다.
13:47:53:573;IMP;이상 발생.DB Logout...
13:47:53:596;IMP;통신 쓰레드를 종료합니다.
13:47:57:635;IMP;DB 로그인 중...
13:47:57:666;IMP;DB 로그인 성공.
13:47:57:846;ERR;시뮬레이션 모드 정보를 가져오지 못했습니다.
13:47:57:870;ERR;위치 0에 행이 없습니다.
13:47:57:884;IMP;이상 발생.DB Logout...
13:47:57:903;IMP;통신 쓰레드를 종료합니다.
13:48:01:945;IMP;DB 로그인 중...
13:48:01:968;IMP;DB 로그인 성공.
13:48:02:140;ERR;시뮬레이션 모드 정보를 가져오지 못했습니다.
13:48:02:162;ERR;위치 0에 행이 없습니다.
13:48:02:178;IMP;이상 발생.DB Logout...
13:48:02:193;IMP;통신 쓰레드를 종료합니다.
13:48:06:229;IMP;DB 로그인 중...
13:48:06:250;IMP;DB 로그인 성공.
13:48:07:286;IMP;리모트 시스템과 연결 실패 !(10061)
13:48:07:489;ERR;시뮬레이션 모드 정보를 가져오지 못했습니다.
13:48:07:534;ERR;위치 0에 행이 없습니다.
13:48:07:548;IMP;이상 발생.DB Logout...
13:48:07:562;IMP;통신 쓰레드를 종료합니다.
13:48:11:614;IMP;DB 로그인 중...
13:48:11:634;IMP;DB 로그인 성공.
13:48:11:783;ERR;시뮬레이션 모드 정보를 가져오지 못했습니다.
13:48:11:807;ERR;위치 0에 행이 없습니다.
13:48:11:821;IMP;이상 발생.DB Logout...
13:48:11:839;IMP;통신 쓰레드를 종료합니다.
13:48:15:880;IMP;DB 로그인 중...
13:48:15:915;IMP;DB 로그인 성공.
13:48:16:060;ERR;시뮬레이션 모드 정보를 가져오지 못했습니다.
13:48:16:099;ERR;위치 0에 행이 없습니다.
13:48:16:112;IMP;이상 발생.DB Logout...
13:48:16:130;IMP;통신 쓰레드를 종료합니다.
13:48:20:165;IMP;DB 로그인 중...
13:48:20:217;IMP;DB 로그인 성공.
13:48:21:229;IMP;리모트 시스템과 연결 실패 !(10061)
13:48:21:377;ERR;시뮬레이션 모드 정보를 가져오지 못했습니다.
13:48:21:388;ERR;위치 0에 행이 없습니다.
13:48:21:392;IMP;이상 발생.DB Logout...
13:48:21:396;IMP;통신 쓰레드를 종료합니다.
13:48:25:429;IMP;DB 로그인 중...
13:48:25:438;IMP;DB 로그인 성공.
13:48:25:594;ERR;시뮬레이션 모드 정보를 가져오지 못했습니다.
13:48:25:611;ERR;위치 0에 행이 없습니다.
13:48:25:618;IMP;이상 발생.DB Logout...
13:48:25:628;IMP;통신 쓰레드를 종료합니다.
13:49:34:539;IMP;DB 로그인 중...
13:49:34:550;IMP;DB 로그인 성공.
13:49:34:774;ERR;시뮬레이션 모드 정보를 가져오지 못했습니다.
13:49:34:787;ERR;위치 0에 행이 없습니다.
13:49:34:791;IMP;이상 발생.DB Logout...
13:49:34:797;IMP;통신 쓰레드를 종료합니다.
13:49:38:827;IMP;DB 로그인 중...
13:49:38:857;IMP;DB 로그인 성공.
13:49:39:002;ERR;시뮬레이션 모드 정보를 가져오지 못했습니다.
13:49:39:018;ERR;위치 0에 행이 없습니다.
13:49:39:024;IMP;이상 발생.DB Logout...
13:49:39:034;IMP;통신 쓰레드를 종료합니다.
13:49:43:066;IMP;DB 로그인 중...
13:49:43:088;IMP;DB 로그인 성공.
13:49:44:119;IMP;리모트 시스템과 연결 실패 !(10061)
13:49:44:272;ERR;시뮬레이션 모드 정보를 가져오지 못했습니다.
13:49:44:298;ERR;위치 0에 행이 없습니다.
13:49:44:321;IMP;이상 발생.DB Logout...
13:49:44:336;IMP;통신 쓰레드를 종료합니다.
13:49:48:374;IMP;DB 로그인 중...
13:49:48:403;IMP;DB 로그인 성공.
13:49:48:554;ERR;시뮬레이션 모드 정보를 가져오지 못했습니다.
13:49:48:579;ERR;위치 0에 행이 없습니다.
13:49:48:594;IMP;이상 발생.DB Logout...
13:49:48:610;IMP;통신 쓰레드를 종료합니다.
13:49:52:648;IMP;DB 로그인 중...
13:49:52:682;IMP;DB 로그인 성공.
13:49:52:838;ERR;시뮬레이션 모드 정보를 가져오지 못했습니다.
13:49:52:860;ERR;위치 0에 행이 없습니다.
13:49:52:874;IMP;이상 발생.DB Logout...
13:49:52:900;IMP;통신 쓰레드를 종료합니다.
13:49:56:952;IMP;DB 로그인 중...
13:49:56:993;IMP;DB 로그인 성공.
13:49:58:016;IMP;리모트 시스템과 연결 실패 !(10061)
13:49:58:159;ERR;시뮬레이션 모드 정보를 가져오지 못했습니다.
13:49:58:182;ERR;위치 0에 행이 없습니다.
13:49:58:195;IMP;이상 발생.DB Logout...
13:49:58:210;IMP;통신 쓰레드를 종료합니다.
13:50:02:259;IMP;DB 로그인 중...
13:50:02:283;IMP;DB 로그인 성공.
13:50:02:456;ERR;시뮬레이션 모드 정보를 가져오지 못했습니다.
13:50:02:479;ERR;위치 0에 행이 없습니다.
13:50:02:492;IMP;이상 발생.DB Logout...
13:50:02:510;IMP;통신 쓰레드를 종료합니다.
13:50:06:550;IMP;DB 로그인 중...
13:50:06:570;IMP;DB 로그인 성공.
13:50:06:742;ERR;시뮬레이션 모드 정보를 가져오지 못했습니다.
13:50:06:763;ERR;위치 0에 행이 없습니다.
13:50:06:778;IMP;이상 발생.DB Logout...
13:50:06:806;IMP;통신 쓰레드를 종료합니다.
13:50:10:864;IMP;DB 로그인 중...
13:50:10:865;IMP;종료 중... 잠시 기다리세요.
13:50:10:919;IMP;DB 로그인 성공.
13:50:11:876;NOR;Write Log Thread 종료.
