16:27:15:905;IMP;DB 로그인 중...
16:27:15:989;ERR;DB 연결 실패-key=value argument incorrect in ConnectionString
매개 변수 이름: trusted_connection
16:27:20:032;IMP;DB 로그인 중...
16:27:20:066;ERR;DB 연결 실패-key=value argument incorrect in ConnectionString
매개 변수 이름: trusted_connection
16:27:24:100;IMP;DB 로그인 중...
16:27:24:140;ERR;DB 연결 실패-key=value argument incorrect in ConnectionString
매개 변수 이름: trusted_connection
16:27:28:180;IMP;DB 로그인 중...
16:27:28:221;ERR;DB 연결 실패-key=value argument incorrect in ConnectionString
매개 변수 이름: trusted_connection
16:27:32:255;IMP;DB 로그인 중...
16:27:32:323;ERR;DB 연결 실패-key=value argument incorrect in ConnectionString
매개 변수 이름: trusted_connection
16:27:36:361;IMP;DB 로그인 중...
16:27:36:413;ERR;DB 연결 실패-key=value argument incorrect in ConnectionString
매개 변수 이름: trusted_connection
16:27:40:448;IMP;DB 로그인 중...
16:27:40:496;ERR;DB 연결 실패-key=value argument incorrect in ConnectionString
매개 변수 이름: trusted_connection
16:27:44:551;IMP;DB 로그인 중...
16:27:44:598;ERR;DB 연결 실패-key=value argument incorrect in ConnectionString
매개 변수 이름: trusted_connection
16:27:48:660;IMP;DB 로그인 중...
16:27:48:727;ERR;DB 연결 실패-key=value argument incorrect in ConnectionString
매개 변수 이름: trusted_connection
16:27:52:799;IMP;DB 로그인 중...
16:27:52:880;ERR;DB 연결 실패-key=value argument incorrect in ConnectionString
매개 변수 이름: trusted_connection
16:27:56:955;IMP;DB 로그인 중...
16:27:57:034;ERR;DB 연결 실패-key=value argument incorrect in ConnectionString
매개 변수 이름: trusted_connection
16:28:01:084;IMP;DB 로그인 중...
16:28:01:142;ERR;DB 연결 실패-key=value argument incorrect in ConnectionString
매개 변수 이름: trusted_connection
16:28:05:192;IMP;DB 로그인 중...
16:28:05:266;ERR;DB 연결 실패-key=value argument incorrect in ConnectionString
매개 변수 이름: trusted_connection
16:28:09:316;IMP;DB 로그인 중...
16:28:09:397;ERR;DB 연결 실패-key=value argument incorrect in ConnectionString
매개 변수 이름: trusted_connection
16:28:13:466;IMP;DB 로그인 중...
16:28:13:518;ERR;DB 연결 실패-key=value argument incorrect in ConnectionString
매개 변수 이름: trusted_connection
16:28:17:568;IMP;DB 로그인 중...
16:28:17:652;ERR;DB 연결 실패-key=value argument incorrect in ConnectionString
매개 변수 이름: trusted_connection
16:28:21:726;IMP;DB 로그인 중...
16:28:21:785;ERR;DB 연결 실패-key=value argument incorrect in ConnectionString
매개 변수 이름: trusted_connection
16:28:25:835;IMP;DB 로그인 중...
16:28:25:897;ERR;DB 연결 실패-key=value argument incorrect in ConnectionString
매개 변수 이름: trusted_connection
16:28:29:973;IMP;DB 로그인 중...
16:28:30:027;ERR;DB 연결 실패-key=value argument incorrect in ConnectionString
매개 변수 이름: trusted_connection
16:28:34:075;IMP;DB 로그인 중...
16:28:34:155;ERR;DB 연결 실패-key=value argument incorrect in ConnectionString
매개 변수 이름: trusted_connection
16:28:38:224;IMP;DB 로그인 중...
16:28:38:280;ERR;DB 연결 실패-key=value argument incorrect in ConnectionString
매개 변수 이름: trusted_connection
16:28:42:333;IMP;DB 로그인 중...
16:28:42:387;ERR;DB 연결 실패-key=value argument incorrect in ConnectionString
매개 변수 이름: trusted_connection
16:28:46:432;IMP;DB 로그인 중...
16:28:46:485;ERR;DB 연결 실패-key=value argument incorrect in ConnectionString
매개 변수 이름: trusted_connection
16:28:50:531;IMP;DB 로그인 중...
16:28:50:589;ERR;DB 연결 실패-key=value argument incorrect in ConnectionString
매개 변수 이름: trusted_connection
16:28:54:662;IMP;DB 로그인 중...
16:28:54:716;ERR;DB 연결 실패-key=value argument incorrect in ConnectionString
매개 변수 이름: trusted_connection
16:28:58:765;IMP;DB 로그인 중...
16:28:58:865;ERR;DB 연결 실패-key=value argument incorrect in ConnectionString
매개 변수 이름: trusted_connection
16:29:02:892;IMP;DB 로그인 중...
16:29:02:924;ERR;DB 연결 실패-key=value argument incorrect in ConnectionString
매개 변수 이름: trusted_connection
16:29:06:956;IMP;DB 로그인 중...
16:29:06:997;ERR;DB 연결 실패-key=value argument incorrect in ConnectionString
매개 변수 이름: trusted_connection
16:29:11:027;IMP;DB 로그인 중...
16:29:11:092;ERR;DB 연결 실패-key=value argument incorrect in ConnectionString
매개 변수 이름: trusted_connection
16:29:15:131;IMP;DB 로그인 중...
16:29:15:184;ERR;DB 연결 실패-key=value argument incorrect in ConnectionString
매개 변수 이름: trusted_connection
16:29:19:220;IMP;DB 로그인 중...
16:29:19:300;ERR;DB 연결 실패-key=value argument incorrect in ConnectionString
매개 변수 이름: trusted_connection
16:29:23:336;IMP;DB 로그인 중...
16:29:23:380;ERR;DB 연결 실패-key=value argument incorrect in ConnectionString
매개 변수 이름: trusted_connection
16:29:27:418;IMP;DB 로그인 중...
16:29:27:489;ERR;DB 연결 실패-key=value argument incorrect in ConnectionString
매개 변수 이름: trusted_connection
16:29:31:543;IMP;DB 로그인 중...
16:29:31:613;ERR;DB 연결 실패-key=value argument incorrect in ConnectionString
매개 변수 이름: trusted_connection
16:29:35:675;IMP;DB 로그인 중...
16:29:35:765;ERR;DB 연결 실패-key=value argument incorrect in ConnectionString
매개 변수 이름: trusted_connection
16:29:39:817;IMP;DB 로그인 중...
16:29:39:893;ERR;DB 연결 실패-key=value argument incorrect in ConnectionString
매개 변수 이름: trusted_connection
16:29:43:942;IMP;DB 로그인 중...
16:29:43:998;ERR;DB 연결 실패-key=value argument incorrect in ConnectionString
매개 변수 이름: trusted_connection
16:29:48:048;IMP;DB 로그인 중...
16:29:48:103;ERR;DB 연결 실패-key=value argument incorrect in ConnectionString
매개 변수 이름: trusted_connection
16:29:52:153;IMP;DB 로그인 중...
16:29:52:207;ERR;DB 연결 실패-key=value argument incorrect in ConnectionString
매개 변수 이름: trusted_connection
16:29:56:258;IMP;DB 로그인 중...
16:29:56:342;ERR;DB 연결 실패-key=value argument incorrect in ConnectionString
매개 변수 이름: trusted_connection
16:30:00:396;IMP;DB 로그인 중...
16:30:00:468;ERR;DB 연결 실패-key=value argument incorrect in ConnectionString
매개 변수 이름: trusted_connection
16:30:04:537;IMP;DB 로그인 중...
16:30:04:594;ERR;DB 연결 실패-key=value argument incorrect in ConnectionString
매개 변수 이름: trusted_connection
16:30:08:642;IMP;DB 로그인 중...
16:30:08:705;ERR;DB 연결 실패-key=value argument incorrect in ConnectionString
매개 변수 이름: trusted_connection
16:30:12:752;IMP;DB 로그인 중...
16:30:12:832;ERR;DB 연결 실패-key=value argument incorrect in ConnectionString
매개 변수 이름: trusted_connection
16:30:16:882;IMP;DB 로그인 중...
16:30:16:939;ERR;DB 연결 실패-key=value argument incorrect in ConnectionString
매개 변수 이름: trusted_connection
16:30:20:988;IMP;DB 로그인 중...
16:30:21:042;ERR;DB 연결 실패-key=value argument incorrect in ConnectionString
매개 변수 이름: trusted_connection
16:30:25:119;IMP;DB 로그인 중...
16:30:25:171;ERR;DB 연결 실패-key=value argument incorrect in ConnectionString
매개 변수 이름: trusted_connection
16:30:29:243;IMP;DB 로그인 중...
16:30:29:294;ERR;DB 연결 실패-key=value argument incorrect in ConnectionString
매개 변수 이름: trusted_connection
16:30:33:345;IMP;DB 로그인 중...
16:30:33:426;ERR;DB 연결 실패-key=value argument incorrect in ConnectionString
매개 변수 이름: trusted_connection
16:30:37:479;IMP;DB 로그인 중...
16:30:37:532;ERR;DB 연결 실패-key=value argument incorrect in ConnectionString
매개 변수 이름: trusted_connection
16:30:41:600;IMP;DB 로그인 중...
16:30:41:711;ERR;DB 연결 실패-key=value argument incorrect in ConnectionString
매개 변수 이름: trusted_connection
16:30:45:839;IMP;DB 로그인 중...
16:30:45:869;ERR;DB 연결 실패-key=value argument incorrect in ConnectionString
매개 변수 이름: trusted_connection
16:30:49:899;IMP;DB 로그인 중...
16:30:49:934;ERR;DB 연결 실패-key=value argument incorrect in ConnectionString
매개 변수 이름: trusted_connection
16:30:53:965;IMP;DB 로그인 중...
16:30:54:000;ERR;DB 연결 실패-key=value argument incorrect in ConnectionString
매개 변수 이름: trusted_connection
16:30:58:032;IMP;DB 로그인 중...
16:30:58:074;ERR;DB 연결 실패-key=value argument incorrect in ConnectionString
매개 변수 이름: trusted_connection
16:31:02:118;IMP;DB 로그인 중...
16:31:02:194;ERR;DB 연결 실패-key=value argument incorrect in ConnectionString
매개 변수 이름: trusted_connection
16:31:06:259;IMP;DB 로그인 중...
16:31:06:332;ERR;DB 연결 실패-key=value argument incorrect in ConnectionString
매개 변수 이름: trusted_connection
16:31:10:381;IMP;DB 로그인 중...
16:31:10:433;ERR;DB 연결 실패-key=value argument incorrect in ConnectionString
매개 변수 이름: trusted_connection
16:31:14:472;IMP;DB 로그인 중...
16:31:14:536;ERR;DB 연결 실패-key=value argument incorrect in ConnectionString
매개 변수 이름: trusted_connection
16:31:18:592;IMP;DB 로그인 중...
16:31:18:663;ERR;DB 연결 실패-key=value argument incorrect in ConnectionString
매개 변수 이름: trusted_connection
16:31:22:712;IMP;DB 로그인 중...
16:31:22:779;ERR;DB 연결 실패-key=value argument incorrect in ConnectionString
매개 변수 이름: trusted_connection
16:31:26:866;IMP;DB 로그인 중...
16:31:26:931;ERR;DB 연결 실패-key=value argument incorrect in ConnectionString
매개 변수 이름: trusted_connection
16:31:30:987;IMP;DB 로그인 중...
16:31:31:046;ERR;DB 연결 실패-key=value argument incorrect in ConnectionString
매개 변수 이름: trusted_connection
16:31:35:098;IMP;DB 로그인 중...
16:31:35:180;ERR;DB 연결 실패-key=value argument incorrect in ConnectionString
매개 변수 이름: trusted_connection
16:37:21:885;IMP;DB 로그인 중...
16:39:18:205;IMP;DB 로그인 중...
16:39:18:216;IMP;DB 로그인 성공.
16:39:42:931;IMP;종료 중... 잠시 기다리세요.
16:39:43:437;NOR;Write Log Thread 종료.
