11:02:16:264;IMP;DB 로그인 중...
11:02:16:289;IMP;DB 로그인 성공.
11:02:51:723;IMP;리모트 시스템과 연결 실패 !(10060)
11:03:28:172;IMP;리모트 시스템과 연결 실패 !(10060)
11:05:00:625;IMP;리모트 시스템과 연결 실패 !(10060)
11:05:36:758;IMP;리모트 시스템과 연결 실패 !(10060)
11:06:12:900;IMP;리모트 시스템과 연결 실패 !(10060)
11:07:05:740;IMP;리모트 시스템과 연결 실패 !(10060)
11:07:39:999;IMP;DB 로그인 중...
11:07:40:016;IMP;DB 로그인 성공.
11:09:38:565;IMP;DB 로그인 중...
11:09:38:586;IMP;DB 로그인 성공.
11:10:43:397;IMP;DB 로그인 중...
11:10:43:406;IMP;DB 로그인 성공.
11:11:24:327;IMP;리모트 시스템과 연결 실패 !(10060)
11:12:00:486;IMP;리모트 시스템과 연결 실패 !(10060)
11:12:55:601;IMP;DB 로그인 중...
11:12:55:611;IMP;DB 로그인 성공.
11:17:10:498;IMP;리모트 시스템과 연결 실패 !(10060)
11:18:07:568;IMP;DB 로그인 중...
11:18:07:579;IMP;DB 로그인 성공.
11:22:55:193;IMP;DB 로그인 중...
11:22:55:204;IMP;DB 로그인 성공.
11:23:43:174;IMP;리모트 시스템과 연결 실패 !(10060)
11:25:03:400;IMP;리모트 시스템과 연결 실패 !(10060)
11:25:39:524;IMP;리모트 시스템과 연결 실패 !(10060)
11:26:15:663;IMP;리모트 시스템과 연결 실패 !(10060)
11:28:16:648;IMP;DB 로그인 중...
11:28:16:658;IMP;DB 로그인 성공.
11:30:20:445;IMP;리모트 시스템과 연결 실패 !(10060)
11:30:56:699;IMP;리모트 시스템과 연결 실패 !(10060)
11:32:40:838;IMP;DB 로그인 중...
11:32:40:849;IMP;DB 로그인 성공.
11:33:30:054;IMP;리모트 시스템과 연결 실패 !(10060)
11:34:14:181;IMP;리모트 시스템과 연결 실패 !(10060)
11:40:43:920;IMP;DB 로그인 중...
11:40:43:930;IMP;DB 로그인 성공.
11:53:25:379;IMP;DB 로그인 중...
11:53:25:412;IMP;DB 로그인 성공.
11:54:00:815;IMP;리모트 시스템과 연결 실패 !(10060)
11:55:34:303;IMP;DB 로그인 중...
11:55:34:313;IMP;DB 로그인 성공.
11:56:11:284;IMP;리모트 시스템과 연결 실패 !(10060)
12:05:17:178;IMP;DB 로그인 중...
12:05:17:192;IMP;DB 로그인 성공.
12:05:52:564;IMP;리모트 시스템과 연결 실패 !(10060)
12:06:28:992;IMP;리모트 시스템과 연결 실패 !(10060)
12:07:05:126;IMP;리모트 시스템과 연결 실패 !(10060)
12:07:44:814;IMP;리모트 시스템과 연결 실패 !(10060)
12:09:58:930;IMP;DB 로그인 중...
12:09:58:941;IMP;DB 로그인 성공.
12:11:17:954;IMP;DB 로그인 중...
12:11:17:967;IMP;DB 로그인 성공.
12:12:31:949;IMP;리모트 시스템과 연결 실패 !(10060)
12:13:08:096;IMP;리모트 시스템과 연결 실패 !(10060)
12:13:44:254;IMP;리모트 시스템과 연결 실패 !(10060)
12:14:20:506;IMP;리모트 시스템과 연결 실패 !(10060)
12:14:56:638;IMP;리모트 시스템과 연결 실패 !(10060)
12:14:59:065;IMP;종료 중... 잠시 기다리세요.
12:14:59:074;IMP;통신 쓰레드를 종료합니다.
15:12:28:896;IMP;DB 로그인 중...
15:12:28:921;IMP;DB 로그인 성공.
15:13:03:830;IMP;DB 로그인 중...
15:13:03:841;IMP;DB 로그인 성공.
15:13:39:255;IMP;리모트 시스템과 연결 실패 !(10060)
15:14:15:393;IMP;리모트 시스템과 연결 실패 !(10060)
15:15:30:803;IMP;리모트 시스템과 연결 실패 !(10060)
15:16:59:312;IMP;DB 로그인 중...
15:16:59:329;IMP;DB 로그인 성공.
15:17:34:831;IMP;리모트 시스템과 연결 실패 !(10060)
15:18:47:026;IMP;리모트 시스템과 연결 실패 !(10060)
15:19:23:184;IMP;리모트 시스템과 연결 실패 !(10060)
15:20:26:848;IMP;리모트 시스템과 연결 실패 !(10060)
15:21:39:976;IMP;종료 중... 잠시 기다리세요.
15:21:40:606;NOR;Write Log Thread 종료.
15:22:47:800;IMP;DB 로그인 중...
15:22:47:814;IMP;DB 로그인 성공.
15:23:27:054;IMP;리모트 시스템과 연결 실패 !(10060)
15:24:12:297;IMP;리모트 시스템과 연결 실패 !(10060)
15:25:12:781;IMP;DB 로그인 중...
15:25:12:808;IMP;DB 로그인 성공.
15:25:49:555;IMP;리모트 시스템과 연결 실패 !(10060)
15:27:12:160;IMP;리모트 시스템과 연결 실패 !(10060)
15:30:40:690;IMP;DB 로그인 중...
15:30:40:701;IMP;DB 로그인 성공.
15:31:32:355;IMP;리모트 시스템과 연결 실패 !(10060)
15:33:00:824;IMP;DB 로그인 중...
15:33:00:834;IMP;DB 로그인 성공.
15:34:47:374;IMP;DB 로그인 중...
15:34:47:383;IMP;DB 로그인 성공.
15:35:56:305;IMP;DB 로그인 중...
15:35:56:315;IMP;DB 로그인 성공.
15:39:40:077;IMP;DB 로그인 중...
15:39:40:090;IMP;DB 로그인 성공.
