10:50:49:915;IMP;DB 로그인 중...
10:50:49:946;IMP;DB 로그인 성공.
11:25:20:180;IMP;[DeleteJobMst] .. 정상 처리되었습니다. 작업번호[9991]
11:25:20:211;IMP;[GetJobCompleteReport] .. SIM MODE 작업 (완료)삭제 성공하였습니다. [작업번호:9991]
11:25:20:243;IMP;[GetJobCompleteReport] .. SIM MODE 작업 추가 되었습니다.[작업번호:9991]
11:51:32:004;IMP;[DeleteJobMst] .. 정상 처리되었습니다. 작업번호[9993]
11:51:32:019;IMP;[GetJobCompleteReport] .. SIM MODE 작업 (완료)삭제 성공하였습니다. [작업번호:9993]
11:51:32:051;IMP;[GetJobCompleteReport] .. SIM MODE 작업 추가 되었습니다.[작업번호:9993]
12:06:18:582;IMP;[DeleteJobMst] .. 정상 처리되었습니다. 작업번호[9991]
12:06:18:600;IMP;[GetJobCompleteReport] .. SIM MODE 작업 (완료)삭제 성공하였습니다. [작업번호:9991]
12:12:00:050;IMP;[DeleteJobMst] .. 정상 처리되었습니다. 작업번호[9993]
12:12:00:066;IMP;[GetJobCompleteReport] .. SIM MODE 작업 (완료)삭제 성공하였습니다. [작업번호:9993]
13:57:07:366;IMP;[DeleteJobMst] .. 정상 처리되었습니다. 작업번호[9993]
13:57:07:399;IMP;[GetJobCompleteReport] .. SIM MODE 작업 (완료)삭제 성공하였습니다. [작업번호:9993]
13:57:07:446;IMP;[GetJobCompleteReport] .. SIM MODE 작업 추가 되었습니다.[작업번호:9993]
14:01:21:375;IMP;[DeleteJobMst] .. 정상 처리되었습니다. 작업번호[9993]
14:01:21:403;IMP;[GetJobCompleteReport] .. SIM MODE 작업 (완료)삭제 성공하였습니다. [작업번호:9993]
14:02:05:926;IMP;[DeleteJobMst] .. 정상 처리되었습니다. 작업번호[9991]
14:02:05:983;IMP;[GetJobCompleteReport] .. SIM MODE 작업 (완료)삭제 성공하였습니다. [작업번호:9991]
14:02:06:032;IMP;[GetJobCompleteReport] .. SIM MODE 작업 추가 되었습니다.[작업번호:9991]
14:03:17:078;IMP;[DeleteJobMst] .. 정상 처리되었습니다. 작업번호[9991]
14:03:17:140;IMP;[GetJobCompleteReport] .. SIM MODE 작업 (완료)삭제 성공하였습니다. [작업번호:9991]
14:03:22:524;IMP;[DeleteJobMst] .. 정상 처리되었습니다. 작업번호[9993]
14:03:22:559;IMP;[GetJobCompleteReport] .. SIM MODE 작업 (완료)삭제 성공하였습니다. [작업번호:9993]
14:03:22:618;IMP;[GetJobCompleteReport] .. SIM MODE 작업 추가 되었습니다.[작업번호:9993]
14:04:50:074;IMP;[DeleteJobMst] .. 정상 처리되었습니다. 작업번호[9991]
14:04:50:109;IMP;[GetJobCompleteReport] .. SIM MODE 작업 (완료)삭제 성공하였습니다. [작업번호:9991]
14:04:50:190;IMP;[GetJobCompleteReport] .. SIM MODE 작업 추가 되었습니다.[작업번호:9991]
14:05:06:162;IMP;[DeleteJobMst] .. 정상 처리되었습니다. 작업번호[9993]
14:05:06:237;IMP;[GetJobCompleteReport] .. SIM MODE 작업 (완료)삭제 성공하였습니다. [작업번호:9993]
14:05:48:332;IMP;[DeleteJobMst] .. 정상 처리되었습니다. 작업번호[9991]
14:05:48:367;IMP;[GetJobCompleteReport] .. SIM MODE 작업 (완료)삭제 성공하였습니다. [작업번호:9991]
14:07:17:160;IMP;[DeleteJobMst] .. 정상 처리되었습니다. 작업번호[9991]
14:07:17:196;IMP;[GetJobCompleteReport] .. SIM MODE 작업 (완료)삭제 성공하였습니다. [작업번호:9991]
14:07:17:244;IMP;[GetJobCompleteReport] .. SIM MODE 작업 추가 되었습니다.[작업번호:9991]
14:07:28:735;IMP;[DeleteJobMst] .. 정상 처리되었습니다. 작업번호[9993]
14:07:28:806;IMP;[GetJobCompleteReport] .. SIM MODE 작업 (완료)삭제 성공하였습니다. [작업번호:9993]
14:07:28:891;IMP;[GetJobCompleteReport] .. SIM MODE 작업 추가 되었습니다.[작업번호:9993]
14:08:28:385;IMP;[DeleteJobMst] .. 정상 처리되었습니다. 작업번호[9991]
14:08:28:422;IMP;[GetJobCompleteReport] .. SIM MODE 작업 (완료)삭제 성공하였습니다. [작업번호:9991]
14:09:18:867;IMP;[DeleteJobMst] .. 정상 처리되었습니다. 작업번호[9993]
14:09:18:950;IMP;[GetJobCompleteReport] .. SIM MODE 작업 (완료)삭제 성공하였습니다. [작업번호:9993]
14:10:00:696;IMP;[DeleteJobMst] .. 정상 처리되었습니다. 작업번호[9991]
14:10:00:741;IMP;[GetJobCompleteReport] .. SIM MODE 작업 (완료)삭제 성공하였습니다. [작업번호:9991]
14:10:00:805;IMP;[GetJobCompleteReport] .. SIM MODE 작업 추가 되었습니다.[작업번호:9991]
14:11:14:027;IMP;[DeleteJobMst] .. 정상 처리되었습니다. 작업번호[9991]
14:11:14:069;IMP;[GetJobCompleteReport] .. SIM MODE 작업 (완료)삭제 성공하였습니다. [작업번호:9991]
14:11:21:481;IMP;[DeleteJobMst] .. 정상 처리되었습니다. 작업번호[9993]
14:11:21:522;IMP;[GetJobCompleteReport] .. SIM MODE 작업 (완료)삭제 성공하였습니다. [작업번호:9993]
14:11:21:586;IMP;[GetJobCompleteReport] .. SIM MODE 작업 추가 되었습니다.[작업번호:9993]
14:12:51:365;IMP;[DeleteJobMst] .. 정상 처리되었습니다. 작업번호[9991]
14:12:51:476;IMP;[GetJobCompleteReport] .. SIM MODE 작업 (완료)삭제 성공하였습니다. [작업번호:9991]
14:12:51:492;IMP;[GetJobCompleteReport] .. SIM MODE 작업 추가 되었습니다.[작업번호:9991]
14:13:08:172;IMP;[DeleteJobMst] .. 정상 처리되었습니다. 작업번호[9993]
14:13:08:185;IMP;[GetJobCompleteReport] .. SIM MODE 작업 (완료)삭제 성공하였습니다. [작업번호:9993]
14:14:04:606;IMP;[DeleteJobMst] .. 정상 처리되었습니다. 작업번호[9991]
14:14:04:626;IMP;[GetJobCompleteReport] .. SIM MODE 작업 (완료)삭제 성공하였습니다. [작업번호:9991]
14:15:05:324;IMP;[DeleteJobMst] .. 정상 처리되었습니다. 작업번호[9993]
14:15:05:351;IMP;[GetJobCompleteReport] .. SIM MODE 작업 (완료)삭제 성공하였습니다. [작업번호:9993]
14:15:05:388;IMP;[GetJobCompleteReport] .. SIM MODE 작업 추가 되었습니다.[작업번호:9993]
14:15:48:558;IMP;[DeleteJobMst] .. 정상 처리되었습니다. 작업번호[9991]
14:15:48:578;IMP;[GetJobCompleteReport] .. SIM MODE 작업 (완료)삭제 성공하였습니다. [작업번호:9991]
14:15:48:637;IMP;[GetJobCompleteReport] .. SIM MODE 작업 추가 되었습니다.[작업번호:9991]
14:16:49:053;IMP;[DeleteJobMst] .. 정상 처리되었습니다. 작업번호[9993]
14:16:49:096;IMP;[GetJobCompleteReport] .. SIM MODE 작업 (완료)삭제 성공하였습니다. [작업번호:9993]
14:17:08:328;IMP;[DeleteJobMst] .. 정상 처리되었습니다. 작업번호[9991]
14:17:08:374;IMP;[GetJobCompleteReport] .. SIM MODE 작업 (완료)삭제 성공하였습니다. [작업번호:9991]
14:18:41:574;IMP;[DeleteJobMst] .. 정상 처리되었습니다. 작업번호[9993]
14:18:41:614;IMP;[GetJobCompleteReport] .. SIM MODE 작업 (완료)삭제 성공하였습니다. [작업번호:9993]
14:18:41:698;IMP;[GetJobCompleteReport] .. SIM MODE 작업 추가 되었습니다.[작업번호:9993]
14:18:53:180;IMP;[DeleteJobMst] .. 정상 처리되었습니다. 작업번호[9991]
14:18:53:254;IMP;[GetJobCompleteReport] .. SIM MODE 작업 (완료)삭제 성공하였습니다. [작업번호:9991]
14:18:53:364;IMP;[GetJobCompleteReport] .. SIM MODE 작업 추가 되었습니다.[작업번호:9991]
14:19:59:014;IMP;[DeleteJobMst] .. 정상 처리되었습니다. 작업번호[9991]
14:19:59:058;IMP;[GetJobCompleteReport] .. SIM MODE 작업 (완료)삭제 성공하였습니다. [작업번호:9991]
14:20:48:375;IMP;[DeleteJobMst] .. 정상 처리되었습니다. 작업번호[9993]
14:20:48:448;IMP;[GetJobCompleteReport] .. SIM MODE 작업 (완료)삭제 성공하였습니다. [작업번호:9993]
14:21:30:165;IMP;[DeleteJobMst] .. 정상 처리되었습니다. 작업번호[9991]
14:21:30:203;IMP;[GetJobCompleteReport] .. SIM MODE 작업 (완료)삭제 성공하였습니다. [작업번호:9991]
14:21:30:254;IMP;[GetJobCompleteReport] .. SIM MODE 작업 추가 되었습니다.[작업번호:9991]
14:22:46:505;IMP;[DeleteJobMst] .. 정상 처리되었습니다. 작업번호[9991]
14:22:46:541;IMP;[GetJobCompleteReport] .. SIM MODE 작업 (완료)삭제 성공하였습니다. [작업번호:9991]
14:22:54:063;IMP;[DeleteJobMst] .. 정상 처리되었습니다. 작업번호[9993]
14:22:54:109;IMP;[GetJobCompleteReport] .. SIM MODE 작업 (완료)삭제 성공하였습니다. [작업번호:9993]
14:22:54:194;IMP;[GetJobCompleteReport] .. SIM MODE 작업 추가 되었습니다.[작업번호:9993]
14:23:58:779;IMP;[DeleteJobMst] .. 정상 처리되었습니다. 작업번호[9993]
14:23:58:822;IMP;[GetJobCompleteReport] .. SIM MODE 작업 (완료)삭제 성공하였습니다. [작업번호:9993]
14:24:24:994;IMP;[DeleteJobMst] .. 정상 처리되었습니다. 작업번호[9991]
14:24:25:070;IMP;[GetJobCompleteReport] .. SIM MODE 작업 (완료)삭제 성공하였습니다. [작업번호:9991]
14:24:25:162;IMP;[GetJobCompleteReport] .. SIM MODE 작업 추가 되었습니다.[작업번호:9991]
14:25:21:478;IMP;[DeleteJobMst] .. 정상 처리되었습니다. 작업번호[9993]
14:25:21:554;IMP;[GetJobCompleteReport] .. SIM MODE 작업 (완료)삭제 성공하였습니다. [작업번호:9993]
14:25:21:632;IMP;[GetJobCompleteReport] .. SIM MODE 작업 추가 되었습니다.[작업번호:9993]
14:25:42:573;IMP;[DeleteJobMst] .. 정상 처리되었습니다. 작업번호[9991]
14:25:42:613;IMP;[GetJobCompleteReport] .. SIM MODE 작업 (완료)삭제 성공하였습니다. [작업번호:9991]
14:25:51:124;IMP;리모트 시스템과 연결 실패 !(10061)
14:25:55:424;IMP;리모트 시스템과 연결 실패 !(10061)
14:25:59:704;IMP;리모트 시스템과 연결 실패 !(10061)
14:26:03:984;IMP;리모트 시스템과 연결 실패 !(10061)
14:26:04:061;ERR;[GetJobCompleteReport] .. 작업정보는 존재하지만 온라인 작업이 아닙니다. [작업 번호:9993]
14:26:05:170;ERR;[GetJobCompleteReport] .. 작업정보는 존재하지만 온라인 작업이 아닙니다. [작업 번호:9993]
14:26:06:303;ERR;[GetJobCompleteReport] .. 작업정보는 존재하지만 온라인 작업이 아닙니다. [작업 번호:9993]
14:26:08:392;IMP;리모트 시스템과 연결 실패 !(10061)
14:26:08:480;ERR;[GetJobCompleteReport] .. 작업정보는 존재하지만 온라인 작업이 아닙니다. [작업 번호:9993]
14:26:09:598;ERR;[GetJobCompleteReport] .. 작업정보는 존재하지만 온라인 작업이 아닙니다. [작업 번호:9993]
14:26:10:702;ERR;[GetJobCompleteReport] .. 작업정보는 존재하지만 온라인 작업이 아닙니다. [작업 번호:9993]
14:26:12:736;IMP;리모트 시스템과 연결 실패 !(10061)
14:26:12:788;ERR;[GetJobCompleteReport] .. 작업정보는 존재하지만 온라인 작업이 아닙니다. [작업 번호:9993]
14:26:13:879;ERR;[GetJobCompleteReport] .. 작업정보는 존재하지만 온라인 작업이 아닙니다. [작업 번호:9993]
14:26:14:954;ERR;[GetJobCompleteReport] .. 작업정보는 존재하지만 온라인 작업이 아닙니다. [작업 번호:9993]
14:26:17:000;IMP;리모트 시스템과 연결 실패 !(10061)
14:26:17:057;ERR;[GetJobCompleteReport] .. 작업정보는 존재하지만 온라인 작업이 아닙니다. [작업 번호:9993]
14:26:18:154;ERR;[GetJobCompleteReport] .. 작업정보는 존재하지만 온라인 작업이 아닙니다. [작업 번호:9993]
14:26:19:279;ERR;[GetJobCompleteReport] .. 작업정보는 존재하지만 온라인 작업이 아닙니다. [작업 번호:9993]
14:26:21:334;IMP;리모트 시스템과 연결 실패 !(10061)
14:26:21:423;ERR;[GetJobCompleteReport] .. 작업정보는 존재하지만 온라인 작업이 아닙니다. [작업 번호:9993]
14:26:22:560;ERR;[GetJobCompleteReport] .. 작업정보는 존재하지만 온라인 작업이 아닙니다. [작업 번호:9993]
14:26:23:686;ERR;[GetJobCompleteReport] .. 작업정보는 존재하지만 온라인 작업이 아닙니다. [작업 번호:9993]
14:26:25:754;IMP;리모트 시스템과 연결 실패 !(10061)
14:26:25:838;ERR;[GetJobCompleteReport] .. 작업정보는 존재하지만 온라인 작업이 아닙니다. [작업 번호:9993]
14:26:26:992;ERR;[GetJobCompleteReport] .. 작업정보는 존재하지만 온라인 작업이 아닙니다. [작업 번호:9993]
14:26:28:120;ERR;[GetJobCompleteReport] .. 작업정보는 존재하지만 온라인 작업이 아닙니다. [작업 번호:9993]
14:26:30:206;IMP;리모트 시스템과 연결 실패 !(10061)
14:26:30:290;ERR;[GetJobCompleteReport] .. 작업정보는 존재하지만 온라인 작업이 아닙니다. [작업 번호:9993]
14:26:31:388;ERR;[GetJobCompleteReport] .. 작업정보는 존재하지만 온라인 작업이 아닙니다. [작업 번호:9993]
14:26:32:523;ERR;[GetJobCompleteReport] .. 작업정보는 존재하지만 온라인 작업이 아닙니다. [작업 번호:9993]
14:26:34:586;IMP;리모트 시스템과 연결 실패 !(10061)
14:26:34:666;ERR;[GetJobCompleteReport] .. 작업정보는 존재하지만 온라인 작업이 아닙니다. [작업 번호:9993]
14:26:35:780;ERR;[GetJobCompleteReport] .. 작업정보는 존재하지만 온라인 작업이 아닙니다. [작업 번호:9993]
14:26:36:927;ERR;[GetJobCompleteReport] .. 작업정보는 존재하지만 온라인 작업이 아닙니다. [작업 번호:9993]
14:26:39:048;IMP;리모트 시스템과 연결 실패 !(10061)
14:26:39:151;ERR;[GetJobCompleteReport] .. 작업정보는 존재하지만 온라인 작업이 아닙니다. [작업 번호:9993]
14:26:40:291;ERR;[GetJobCompleteReport] .. 작업정보는 존재하지만 온라인 작업이 아닙니다. [작업 번호:9993]
14:26:41:425;ERR;[GetJobCompleteReport] .. 작업정보는 존재하지만 온라인 작업이 아닙니다. [작업 번호:9993]
14:26:43:501;IMP;리모트 시스템과 연결 실패 !(10061)
14:26:43:602;ERR;[GetJobCompleteReport] .. 작업정보는 존재하지만 온라인 작업이 아닙니다. [작업 번호:9993]
14:26:44:772;ERR;[GetJobCompleteReport] .. 작업정보는 존재하지만 온라인 작업이 아닙니다. [작업 번호:9993]
14:26:45:931;ERR;[GetJobCompleteReport] .. 작업정보는 존재하지만 온라인 작업이 아닙니다. [작업 번호:9993]
14:26:48:036;IMP;리모트 시스템과 연결 실패 !(10061)
14:26:48:162;ERR;[GetJobCompleteReport] .. 작업정보는 존재하지만 온라인 작업이 아닙니다. [작업 번호:9993]
14:26:49:313;ERR;[GetJobCompleteReport] .. 작업정보는 존재하지만 온라인 작업이 아닙니다. [작업 번호:9993]
14:26:50:451;ERR;[GetJobCompleteReport] .. 작업정보는 존재하지만 온라인 작업이 아닙니다. [작업 번호:9993]
14:26:52:553;IMP;리모트 시스템과 연결 실패 !(10061)
14:26:52:662;ERR;[GetJobCompleteReport] .. 작업정보는 존재하지만 온라인 작업이 아닙니다. [작업 번호:9993]
14:26:53:822;ERR;[GetJobCompleteReport] .. 작업정보는 존재하지만 온라인 작업이 아닙니다. [작업 번호:9993]
14:26:54:960;ERR;[GetJobCompleteReport] .. 작업정보는 존재하지만 온라인 작업이 아닙니다. [작업 번호:9993]
14:26:57:068;IMP;리모트 시스템과 연결 실패 !(10061)
14:26:57:174;ERR;[GetJobCompleteReport] .. 작업정보는 존재하지만 온라인 작업이 아닙니다. [작업 번호:9993]
14:26:58:322;ERR;[GetJobCompleteReport] .. 작업정보는 존재하지만 온라인 작업이 아닙니다. [작업 번호:9993]
14:26:59:443;ERR;[GetJobCompleteReport] .. 작업정보는 존재하지만 온라인 작업이 아닙니다. [작업 번호:9993]
14:27:01:542;IMP;리모트 시스템과 연결 실패 !(10061)
14:27:01:612;ERR;[GetJobCompleteReport] .. 작업정보는 존재하지만 온라인 작업이 아닙니다. [작업 번호:9993]
14:27:02:725;ERR;[GetJobCompleteReport] .. 작업정보는 존재하지만 온라인 작업이 아닙니다. [작업 번호:9993]
14:27:03:848;ERR;[GetJobCompleteReport] .. 작업정보는 존재하지만 온라인 작업이 아닙니다. [작업 번호:9993]
14:27:05:877;IMP;리모트 시스템과 연결 실패 !(10061)
14:27:05:932;ERR;[GetJobCompleteReport] .. 작업정보는 존재하지만 온라인 작업이 아닙니다. [작업 번호:9993]
14:27:07:023;ERR;[GetJobCompleteReport] .. 작업정보는 존재하지만 온라인 작업이 아닙니다. [작업 번호:9993]
14:27:08:078;ERR;[GetJobCompleteReport] .. 작업정보는 존재하지만 온라인 작업이 아닙니다. [작업 번호:9993]
14:27:10:143;IMP;리모트 시스템과 연결 실패 !(10061)
14:27:10:203;ERR;[GetJobCompleteReport] .. 작업정보는 존재하지만 온라인 작업이 아닙니다. [작업 번호:9993]
14:27:11:300;ERR;[GetJobCompleteReport] .. 작업정보는 존재하지만 온라인 작업이 아닙니다. [작업 번호:9993]
14:27:12:375;ERR;[GetJobCompleteReport] .. 작업정보는 존재하지만 온라인 작업이 아닙니다. [작업 번호:9993]
14:27:14:433;IMP;리모트 시스템과 연결 실패 !(10061)
14:27:14:486;ERR;[GetJobCompleteReport] .. 작업정보는 존재하지만 온라인 작업이 아닙니다. [작업 번호:9993]
14:27:15:601;ERR;[GetJobCompleteReport] .. 작업정보는 존재하지만 온라인 작업이 아닙니다. [작업 번호:9993]
14:27:16:726;ERR;[GetJobCompleteReport] .. 작업정보는 존재하지만 온라인 작업이 아닙니다. [작업 번호:9993]
14:27:18:774;IMP;리모트 시스템과 연결 실패 !(10061)
14:27:18:839;ERR;[GetJobCompleteReport] .. 작업정보는 존재하지만 온라인 작업이 아닙니다. [작업 번호:9993]
14:27:19:939;ERR;[GetJobCompleteReport] .. 작업정보는 존재하지만 온라인 작업이 아닙니다. [작업 번호:9993]
14:27:21:057;ERR;[GetJobCompleteReport] .. 작업정보는 존재하지만 온라인 작업이 아닙니다. [작업 번호:9993]
14:27:23:152;IMP;리모트 시스템과 연결 실패 !(10061)
14:27:23:213;ERR;[GetJobCompleteReport] .. 작업정보는 존재하지만 온라인 작업이 아닙니다. [작업 번호:9993]
14:27:24:334;ERR;[GetJobCompleteReport] .. 작업정보는 존재하지만 온라인 작업이 아닙니다. [작업 번호:9993]
14:27:25:467;ERR;[GetJobCompleteReport] .. 작업정보는 존재하지만 온라인 작업이 아닙니다. [작업 번호:9993]
14:27:27:549;IMP;리모트 시스템과 연결 실패 !(10061)
14:27:27:626;ERR;[GetJobCompleteReport] .. 작업정보는 존재하지만 온라인 작업이 아닙니다. [작업 번호:9993]
14:27:28:744;ERR;[GetJobCompleteReport] .. 작업정보는 존재하지만 온라인 작업이 아닙니다. [작업 번호:9993]
14:27:29:869;ERR;[GetJobCompleteReport] .. 작업정보는 존재하지만 온라인 작업이 아닙니다. [작업 번호:9993]
14:27:31:967;IMP;리모트 시스템과 연결 실패 !(10061)
14:27:32:079;ERR;[GetJobCompleteReport] .. 작업정보는 존재하지만 온라인 작업이 아닙니다. [작업 번호:9993]
14:27:33:166;ERR;[GetJobCompleteReport] .. 작업정보는 존재하지만 온라인 작업이 아닙니다. [작업 번호:9993]
14:27:34:299;ERR;[GetJobCompleteReport] .. 작업정보는 존재하지만 온라인 작업이 아닙니다. [작업 번호:9993]
14:27:36:409;IMP;리모트 시스템과 연결 실패 !(10061)
14:27:36:538;ERR;[GetJobCompleteReport] .. 작업정보는 존재하지만 온라인 작업이 아닙니다. [작업 번호:9993]
14:27:37:639;ERR;[GetJobCompleteReport] .. 작업정보는 존재하지만 온라인 작업이 아닙니다. [작업 번호:9993]
14:27:38:770;ERR;[GetJobCompleteReport] .. 작업정보는 존재하지만 온라인 작업이 아닙니다. [작업 번호:9993]
14:27:40:862;IMP;리모트 시스템과 연결 실패 !(10061)
14:27:40:935;ERR;[GetJobCompleteReport] .. 작업정보는 존재하지만 온라인 작업이 아닙니다. [작업 번호:9993]
14:27:42:048;ERR;[GetJobCompleteReport] .. 작업정보는 존재하지만 온라인 작업이 아닙니다. [작업 번호:9993]
14:27:43:172;ERR;[GetJobCompleteReport] .. 작업정보는 존재하지만 온라인 작업이 아닙니다. [작업 번호:9993]
14:27:45:273;IMP;리모트 시스템과 연결 실패 !(10061)
14:27:45:354;ERR;[GetJobCompleteReport] .. 작업정보는 존재하지만 온라인 작업이 아닙니다. [작업 번호:9993]
14:27:46:459;ERR;[GetJobCompleteReport] .. 작업정보는 존재하지만 온라인 작업이 아닙니다. [작업 번호:9993]
14:27:47:587;ERR;[GetJobCompleteReport] .. 작업정보는 존재하지만 온라인 작업이 아닙니다. [작업 번호:9993]
14:27:49:667;IMP;리모트 시스템과 연결 실패 !(10061)
14:27:49:743;ERR;[GetJobCompleteReport] .. 작업정보는 존재하지만 온라인 작업이 아닙니다. [작업 번호:9993]
14:27:50:851;ERR;[GetJobCompleteReport] .. 작업정보는 존재하지만 온라인 작업이 아닙니다. [작업 번호:9993]
14:27:51:989;ERR;[GetJobCompleteReport] .. 작업정보는 존재하지만 온라인 작업이 아닙니다. [작업 번호:9993]
14:27:54:095;IMP;리모트 시스템과 연결 실패 !(10061)
14:27:54:199;ERR;[GetJobCompleteReport] .. 작업정보는 존재하지만 온라인 작업이 아닙니다. [작업 번호:9993]
14:27:55:364;ERR;[GetJobCompleteReport] .. 작업정보는 존재하지만 온라인 작업이 아닙니다. [작업 번호:9993]
14:27:56:512;ERR;[GetJobCompleteReport] .. 작업정보는 존재하지만 온라인 작업이 아닙니다. [작업 번호:9993]
14:27:58:621;IMP;리모트 시스템과 연결 실패 !(10061)
14:27:58:699;ERR;[GetJobCompleteReport] .. 작업정보는 존재하지만 온라인 작업이 아닙니다. [작업 번호:9993]
14:36:57:522;IMP;[GetJobCompleteReport] .. 작업정보는 존재하지만 온라인 작업이 아니므로 작업완료 처리합니다. [작업 번호:9993]
14:37:06:100;NOR;[DeleteJobMst] .. 정상 처리되었습니다. 작업번호[9993]
14:37:12:908;NOR;[GetJobCompleteReport] .. 작업 삭제 성공하였습니다. [작업번호:9993]
14:37:39:323;IMP;리모트 시스템과 연결 실패 !(10061)
14:37:43:543;IMP;리모트 시스템과 연결 실패 !(10061)
14:37:47:779;IMP;리모트 시스템과 연결 실패 !(10061)
14:37:52:005;IMP;리모트 시스템과 연결 실패 !(10061)
14:37:56:212;IMP;리모트 시스템과 연결 실패 !(10061)
14:38:00:486;IMP;리모트 시스템과 연결 실패 !(10061)
14:38:05:023;IMP;리모트 시스템과 연결 실패 !(10061)
14:38:09:260;IMP;리모트 시스템과 연결 실패 !(10061)
14:38:13:454;IMP;리모트 시스템과 연결 실패 !(10061)
14:38:17:684;IMP;리모트 시스템과 연결 실패 !(10061)
14:38:21:897;IMP;리모트 시스템과 연결 실패 !(10061)
14:38:26:122;IMP;리모트 시스템과 연결 실패 !(10061)
14:38:30:387;IMP;리모트 시스템과 연결 실패 !(10061)
14:38:34:688;IMP;리모트 시스템과 연결 실패 !(10061)
14:38:38:884;IMP;리모트 시스템과 연결 실패 !(10061)
14:38:43:121;IMP;리모트 시스템과 연결 실패 !(10061)
14:38:47:393;IMP;리모트 시스템과 연결 실패 !(10061)
14:38:51:629;IMP;리모트 시스템과 연결 실패 !(10061)
14:38:55:869;IMP;리모트 시스템과 연결 실패 !(10061)
14:39:00:230;IMP;리모트 시스템과 연결 실패 !(10061)
14:39:04:475;IMP;리모트 시스템과 연결 실패 !(10061)
14:39:08:719;IMP;리모트 시스템과 연결 실패 !(10061)
14:39:12:936;IMP;리모트 시스템과 연결 실패 !(10061)
14:39:17:201;IMP;리모트 시스템과 연결 실패 !(10061)
14:39:21:428;IMP;리모트 시스템과 연결 실패 !(10061)
14:39:25:677;IMP;리모트 시스템과 연결 실패 !(10061)
14:39:29:863;IMP;리모트 시스템과 연결 실패 !(10061)
14:39:34:086;IMP;리모트 시스템과 연결 실패 !(10061)
14:39:38:385;IMP;리모트 시스템과 연결 실패 !(10061)
14:39:42:614;IMP;리모트 시스템과 연결 실패 !(10061)
14:39:46:880;IMP;리모트 시스템과 연결 실패 !(10061)
14:39:51:109;IMP;리모트 시스템과 연결 실패 !(10061)
14:39:55:330;IMP;리모트 시스템과 연결 실패 !(10061)
14:39:59:625;IMP;리모트 시스템과 연결 실패 !(10061)
14:40:03:875;IMP;리모트 시스템과 연결 실패 !(10061)
14:40:08:165;IMP;리모트 시스템과 연결 실패 !(10061)
14:40:12:428;IMP;리모트 시스템과 연결 실패 !(10061)
14:40:16:686;IMP;리모트 시스템과 연결 실패 !(10061)
14:40:20:911;IMP;리모트 시스템과 연결 실패 !(10061)
14:40:25:119;IMP;리모트 시스템과 연결 실패 !(10061)
14:40:29:415;IMP;리모트 시스템과 연결 실패 !(10061)
14:40:33:720;IMP;리모트 시스템과 연결 실패 !(10061)
14:40:37:927;IMP;리모트 시스템과 연결 실패 !(10061)
14:40:42:166;IMP;리모트 시스템과 연결 실패 !(10061)
14:40:46:390;IMP;리모트 시스템과 연결 실패 !(10061)
14:40:50:605;IMP;리모트 시스템과 연결 실패 !(10061)
14:40:55:417;IMP;리모트 시스템과 연결 실패 !(10061)
14:40:59:636;IMP;리모트 시스템과 연결 실패 !(10061)
14:41:03:888;IMP;리모트 시스템과 연결 실패 !(10061)
14:41:08:115;IMP;리모트 시스템과 연결 실패 !(10061)
14:41:12:364;IMP;리모트 시스템과 연결 실패 !(10061)
14:41:16:597;IMP;리모트 시스템과 연결 실패 !(10061)
14:41:20:806;IMP;리모트 시스템과 연결 실패 !(10061)
14:41:25:005;IMP;리모트 시스템과 연결 실패 !(10061)
14:41:29:229;IMP;리모트 시스템과 연결 실패 !(10061)
14:41:33:467;IMP;리모트 시스템과 연결 실패 !(10061)
14:41:37:673;IMP;리모트 시스템과 연결 실패 !(10061)
14:41:41:908;IMP;리모트 시스템과 연결 실패 !(10061)
14:41:46:103;IMP;리모트 시스템과 연결 실패 !(10061)
14:41:50:360;IMP;리모트 시스템과 연결 실패 !(10061)
14:41:54:583;IMP;리모트 시스템과 연결 실패 !(10061)
14:41:58:803;IMP;리모트 시스템과 연결 실패 !(10061)
14:42:03:030;IMP;리모트 시스템과 연결 실패 !(10061)
14:42:07:298;IMP;리모트 시스템과 연결 실패 !(10061)
14:42:11:504;IMP;리모트 시스템과 연결 실패 !(10061)
14:42:15:782;IMP;리모트 시스템과 연결 실패 !(10061)
14:42:20:002;IMP;리모트 시스템과 연결 실패 !(10061)
14:42:24:251;IMP;리모트 시스템과 연결 실패 !(10061)
14:42:28:515;IMP;리모트 시스템과 연결 실패 !(10061)
14:42:32:761;IMP;리모트 시스템과 연결 실패 !(10061)
14:42:36:995;IMP;리모트 시스템과 연결 실패 !(10061)
14:42:41:267;IMP;리모트 시스템과 연결 실패 !(10061)
14:42:45:500;IMP;리모트 시스템과 연결 실패 !(10061)
14:42:49:754;IMP;리모트 시스템과 연결 실패 !(10061)
14:42:54:095;IMP;리모트 시스템과 연결 실패 !(10061)
14:42:58:312;IMP;리모트 시스템과 연결 실패 !(10061)
14:43:02:574;IMP;리모트 시스템과 연결 실패 !(10061)
14:43:06:899;IMP;리모트 시스템과 연결 실패 !(10061)
14:43:11:172;IMP;리모트 시스템과 연결 실패 !(10061)
14:43:15:611;IMP;리모트 시스템과 연결 실패 !(10061)
14:43:19:902;IMP;리모트 시스템과 연결 실패 !(10061)
14:43:24:262;IMP;리모트 시스템과 연결 실패 !(10061)
14:43:28:691;IMP;리모트 시스템과 연결 실패 !(10061)
14:43:33:002;IMP;리모트 시스템과 연결 실패 !(10061)
14:43:37:591;IMP;리모트 시스템과 연결 실패 !(10061)
14:43:42:232;IMP;리모트 시스템과 연결 실패 !(10061)
14:43:46:442;IMP;리모트 시스템과 연결 실패 !(10061)
14:43:50:725;IMP;리모트 시스템과 연결 실패 !(10061)
14:43:55:196;IMP;리모트 시스템과 연결 실패 !(10061)
14:43:59:624;IMP;리모트 시스템과 연결 실패 !(10061)
14:44:03:922;IMP;리모트 시스템과 연결 실패 !(10061)
14:44:08:313;IMP;리모트 시스템과 연결 실패 !(10061)
14:44:12:532;IMP;리모트 시스템과 연결 실패 !(10061)
14:44:16:778;IMP;리모트 시스템과 연결 실패 !(10061)
14:44:21:045;IMP;리모트 시스템과 연결 실패 !(10061)
14:44:25:420;IMP;리모트 시스템과 연결 실패 !(10061)
14:44:29:811;IMP;리모트 시스템과 연결 실패 !(10061)
14:44:34:229;IMP;리모트 시스템과 연결 실패 !(10061)
14:44:38:592;IMP;리모트 시스템과 연결 실패 !(10061)
14:44:42:862;IMP;리모트 시스템과 연결 실패 !(10061)
14:44:47:110;IMP;리모트 시스템과 연결 실패 !(10061)
14:44:51:360;IMP;리모트 시스템과 연결 실패 !(10061)
14:44:55:647;IMP;리모트 시스템과 연결 실패 !(10061)
14:45:00:042;IMP;리모트 시스템과 연결 실패 !(10061)
14:45:04:324;IMP;리모트 시스템과 연결 실패 !(10061)
14:45:08:630;IMP;리모트 시스템과 연결 실패 !(10061)
14:45:12:870;IMP;리모트 시스템과 연결 실패 !(10061)
14:45:17:728;IMP;리모트 시스템과 연결 실패 !(10061)
14:45:22:033;IMP;리모트 시스템과 연결 실패 !(10061)
14:45:26:696;IMP;리모트 시스템과 연결 실패 !(10061)
14:45:31:077;IMP;리모트 시스템과 연결 실패 !(10061)
14:45:35:496;IMP;리모트 시스템과 연결 실패 !(10061)
14:45:39:880;IMP;리모트 시스템과 연결 실패 !(10061)
14:45:44:201;IMP;리모트 시스템과 연결 실패 !(10061)
14:45:48:561;IMP;리모트 시스템과 연결 실패 !(10061)
14:45:52:967;IMP;리모트 시스템과 연결 실패 !(10061)
14:45:57:377;IMP;리모트 시스템과 연결 실패 !(10061)
14:46:01:777;IMP;리모트 시스템과 연결 실패 !(10061)
14:46:06:172;IMP;리모트 시스템과 연결 실패 !(10061)
14:46:10:583;IMP;리모트 시스템과 연결 실패 !(10061)
14:46:15:009;IMP;리모트 시스템과 연결 실패 !(10061)
14:46:19:379;IMP;리모트 시스템과 연결 실패 !(10061)
14:46:23:771;IMP;리모트 시스템과 연결 실패 !(10061)
14:46:28:136;IMP;리모트 시스템과 연결 실패 !(10061)
14:46:32:608;IMP;리모트 시스템과 연결 실패 !(10061)
14:46:37:028;IMP;리모트 시스템과 연결 실패 !(10061)
14:46:41:413;IMP;리모트 시스템과 연결 실패 !(10061)
14:46:45:793;IMP;리모트 시스템과 연결 실패 !(10061)
14:46:50:051;IMP;리모트 시스템과 연결 실패 !(10061)
14:46:54:335;IMP;리모트 시스템과 연결 실패 !(10061)
14:46:58:604;IMP;리모트 시스템과 연결 실패 !(10061)
14:47:02:826;IMP;리모트 시스템과 연결 실패 !(10061)
14:47:07:104;IMP;리모트 시스템과 연결 실패 !(10061)
14:47:11:346;IMP;리모트 시스템과 연결 실패 !(10061)
14:47:15:633;IMP;리모트 시스템과 연결 실패 !(10061)
14:47:19:901;IMP;리모트 시스템과 연결 실패 !(10061)
14:47:24:143;IMP;리모트 시스템과 연결 실패 !(10061)
14:47:28:398;IMP;리모트 시스템과 연결 실패 !(10061)
14:47:32:641;IMP;리모트 시스템과 연결 실패 !(10061)
14:47:36:854;IMP;리모트 시스템과 연결 실패 !(10061)
14:47:41:220;IMP;리모트 시스템과 연결 실패 !(10061)
14:47:45:498;IMP;리모트 시스템과 연결 실패 !(10061)
14:47:49:731;IMP;리모트 시스템과 연결 실패 !(10061)
14:47:53:989;IMP;리모트 시스템과 연결 실패 !(10061)
14:47:58:201;IMP;리모트 시스템과 연결 실패 !(10061)
14:48:02:431;IMP;리모트 시스템과 연결 실패 !(10061)
14:48:06:787;IMP;리모트 시스템과 연결 실패 !(10061)
14:48:10:974;IMP;리모트 시스템과 연결 실패 !(10061)
14:48:15:223;IMP;리모트 시스템과 연결 실패 !(10061)
14:48:19:485;IMP;리모트 시스템과 연결 실패 !(10061)
14:48:23:746;IMP;리모트 시스템과 연결 실패 !(10061)
14:48:27:947;IMP;리모트 시스템과 연결 실패 !(10061)
14:48:32:154;IMP;리모트 시스템과 연결 실패 !(10061)
14:48:36:343;IMP;리모트 시스템과 연결 실패 !(10061)
14:48:40:540;IMP;리모트 시스템과 연결 실패 !(10061)
14:48:44:769;IMP;리모트 시스템과 연결 실패 !(10061)
14:48:48:992;IMP;리모트 시스템과 연결 실패 !(10061)
14:48:53:197;IMP;리모트 시스템과 연결 실패 !(10061)
14:48:57:435;IMP;리모트 시스템과 연결 실패 !(10061)
14:49:01:686;IMP;리모트 시스템과 연결 실패 !(10061)
14:49:05:906;IMP;리모트 시스템과 연결 실패 !(10061)
14:49:10:126;IMP;리모트 시스템과 연결 실패 !(10061)
14:49:14:422;IMP;리모트 시스템과 연결 실패 !(10061)
14:49:18:682;IMP;리모트 시스템과 연결 실패 !(10061)
14:49:22:908;IMP;리모트 시스템과 연결 실패 !(10061)
14:49:27:167;IMP;리모트 시스템과 연결 실패 !(10061)
14:49:31:386;IMP;리모트 시스템과 연결 실패 !(10061)
14:49:35:621;IMP;리모트 시스템과 연결 실패 !(10061)
14:49:39:976;IMP;리모트 시스템과 연결 실패 !(10061)
14:49:44:189;IMP;리모트 시스템과 연결 실패 !(10061)
14:49:48:412;IMP;리모트 시스템과 연결 실패 !(10061)
14:49:52:673;IMP;리모트 시스템과 연결 실패 !(10061)
14:49:56:912;IMP;리모트 시스템과 연결 실패 !(10061)
14:50:01:128;IMP;리모트 시스템과 연결 실패 !(10061)
14:50:05:389;IMP;리모트 시스템과 연결 실패 !(10061)
14:50:09:609;IMP;리모트 시스템과 연결 실패 !(10061)
14:50:13:884;IMP;리모트 시스템과 연결 실패 !(10061)
14:50:18:208;IMP;리모트 시스템과 연결 실패 !(10061)
14:50:22:517;IMP;리모트 시스템과 연결 실패 !(10061)
14:50:26:764;IMP;리모트 시스템과 연결 실패 !(10061)
14:50:31:010;IMP;리모트 시스템과 연결 실패 !(10061)
14:50:35:273;IMP;리모트 시스템과 연결 실패 !(10061)
14:50:39:503;IMP;리모트 시스템과 연결 실패 !(10061)
14:50:43:780;IMP;리모트 시스템과 연결 실패 !(10061)
14:50:48:093;IMP;리모트 시스템과 연결 실패 !(10061)
14:50:52:363;IMP;리모트 시스템과 연결 실패 !(10061)
14:50:56:604;IMP;리모트 시스템과 연결 실패 !(10061)
14:51:00:877;IMP;리모트 시스템과 연결 실패 !(10061)
14:51:05:105;IMP;리모트 시스템과 연결 실패 !(10061)
14:51:09:308;IMP;리모트 시스템과 연결 실패 !(10061)
14:51:13:575;IMP;리모트 시스템과 연결 실패 !(10061)
14:51:17:808;IMP;리모트 시스템과 연결 실패 !(10061)
14:51:22:030;IMP;리모트 시스템과 연결 실패 !(10061)
14:51:26:314;IMP;리모트 시스템과 연결 실패 !(10061)
14:51:30:578;IMP;리모트 시스템과 연결 실패 !(10061)
14:51:34:905;IMP;리모트 시스템과 연결 실패 !(10061)
14:51:39:162;IMP;리모트 시스템과 연결 실패 !(10061)
14:51:43:394;IMP;리모트 시스템과 연결 실패 !(10061)
14:51:47:662;IMP;리모트 시스템과 연결 실패 !(10061)
14:51:51:902;IMP;리모트 시스템과 연결 실패 !(10061)
14:51:56:118;IMP;리모트 시스템과 연결 실패 !(10061)
14:52:00:412;IMP;리모트 시스템과 연결 실패 !(10061)
14:52:04:605;IMP;리모트 시스템과 연결 실패 !(10061)
14:52:08:798;IMP;리모트 시스템과 연결 실패 !(10061)
14:52:13:005;IMP;리모트 시스템과 연결 실패 !(10061)
14:52:17:224;IMP;리모트 시스템과 연결 실패 !(10061)
14:52:21:410;IMP;리모트 시스템과 연결 실패 !(10061)
14:52:25:618;IMP;리모트 시스템과 연결 실패 !(10061)
14:52:29:852;IMP;리모트 시스템과 연결 실패 !(10061)
14:52:34:102;IMP;리모트 시스템과 연결 실패 !(10061)
14:52:38:360;IMP;리모트 시스템과 연결 실패 !(10061)
14:52:42:537;IMP;리모트 시스템과 연결 실패 !(10061)
14:52:46:716;IMP;리모트 시스템과 연결 실패 !(10061)
14:52:50:907;IMP;리모트 시스템과 연결 실패 !(10061)
14:52:55:146;IMP;리모트 시스템과 연결 실패 !(10061)
14:52:59:487;IMP;리모트 시스템과 연결 실패 !(10061)
14:53:03:687;IMP;리모트 시스템과 연결 실패 !(10061)
14:53:07:895;IMP;리모트 시스템과 연결 실패 !(10061)
14:53:12:099;IMP;리모트 시스템과 연결 실패 !(10061)
14:53:16:302;IMP;리모트 시스템과 연결 실패 !(10061)
14:53:20:551;IMP;리모트 시스템과 연결 실패 !(10061)
14:53:24:796;IMP;리모트 시스템과 연결 실패 !(10061)
14:53:29:007;IMP;리모트 시스템과 연결 실패 !(10061)
14:53:33:280;IMP;리모트 시스템과 연결 실패 !(10061)
14:53:37:496;IMP;리모트 시스템과 연결 실패 !(10061)
14:53:41:752;IMP;리모트 시스템과 연결 실패 !(10061)
14:53:46:048;IMP;리모트 시스템과 연결 실패 !(10061)
14:53:50:343;IMP;리모트 시스템과 연결 실패 !(10061)
14:53:54:596;IMP;리모트 시스템과 연결 실패 !(10061)
14:53:58:874;IMP;리모트 시스템과 연결 실패 !(10061)
14:54:03:157;IMP;리모트 시스템과 연결 실패 !(10061)
14:54:07:390;IMP;리모트 시스템과 연결 실패 !(10061)
14:54:11:687;IMP;리모트 시스템과 연결 실패 !(10061)
14:54:15:973;IMP;리모트 시스템과 연결 실패 !(10061)
14:54:20:213;IMP;리모트 시스템과 연결 실패 !(10061)
14:54:24:435;IMP;리모트 시스템과 연결 실패 !(10061)
14:54:28:670;IMP;리모트 시스템과 연결 실패 !(10061)
14:54:32:935;IMP;리모트 시스템과 연결 실패 !(10061)
14:54:37:180;IMP;리모트 시스템과 연결 실패 !(10061)
14:54:41:485;IMP;리모트 시스템과 연결 실패 !(10061)
14:54:45:747;IMP;리모트 시스템과 연결 실패 !(10061)
14:54:50:055;IMP;리모트 시스템과 연결 실패 !(10061)
14:54:54:310;IMP;리모트 시스템과 연결 실패 !(10061)
14:54:58:634;IMP;리모트 시스템과 연결 실패 !(10061)
14:55:02:840;IMP;리모트 시스템과 연결 실패 !(10061)
14:55:07:067;IMP;리모트 시스템과 연결 실패 !(10061)
14:55:11:337;IMP;리모트 시스템과 연결 실패 !(10061)
14:55:15:574;IMP;리모트 시스템과 연결 실패 !(10061)
14:55:19:796;IMP;리모트 시스템과 연결 실패 !(10061)
14:55:24:081;IMP;리모트 시스템과 연결 실패 !(10061)
14:55:28:288;IMP;리모트 시스템과 연결 실패 !(10061)
14:55:32:574;IMP;리모트 시스템과 연결 실패 !(10061)
14:55:36:830;IMP;리모트 시스템과 연결 실패 !(10061)
14:55:41:065;IMP;리모트 시스템과 연결 실패 !(10061)
14:55:45:281;IMP;리모트 시스템과 연결 실패 !(10061)
14:55:49:492;IMP;리모트 시스템과 연결 실패 !(10061)
14:55:53:741;IMP;리모트 시스템과 연결 실패 !(10061)
14:55:58:282;IMP;리모트 시스템과 연결 실패 !(10061)
14:56:02:477;IMP;리모트 시스템과 연결 실패 !(10061)
14:56:06:735;IMP;리모트 시스템과 연결 실패 !(10061)
14:56:11:074;IMP;리모트 시스템과 연결 실패 !(10061)
14:56:15:291;IMP;리모트 시스템과 연결 실패 !(10061)
14:56:19:555;IMP;리모트 시스템과 연결 실패 !(10061)
14:56:23:767;IMP;리모트 시스템과 연결 실패 !(10061)
14:56:28:068;IMP;리모트 시스템과 연결 실패 !(10061)
14:56:32:269;IMP;리모트 시스템과 연결 실패 !(10061)
14:56:36:520;IMP;리모트 시스템과 연결 실패 !(10061)
14:56:40:692;IMP;리모트 시스템과 연결 실패 !(10061)
14:56:44:951;IMP;리모트 시스템과 연결 실패 !(10061)
14:56:49:168;IMP;리모트 시스템과 연결 실패 !(10061)
14:56:53:694;IMP;리모트 시스템과 연결 실패 !(10061)
14:56:57:902;IMP;리모트 시스템과 연결 실패 !(10061)
14:57:02:144;IMP;리모트 시스템과 연결 실패 !(10061)
14:57:06:387;IMP;리모트 시스템과 연결 실패 !(10061)
14:57:10:688;IMP;리모트 시스템과 연결 실패 !(10061)
14:57:14:964;IMP;리모트 시스템과 연결 실패 !(10061)
14:57:19:256;IMP;리모트 시스템과 연결 실패 !(10061)
14:57:23:478;IMP;리모트 시스템과 연결 실패 !(10061)
14:57:27:691;IMP;리모트 시스템과 연결 실패 !(10061)
14:57:31:940;IMP;리모트 시스템과 연결 실패 !(10061)
14:57:36:149;IMP;리모트 시스템과 연결 실패 !(10061)
14:57:40:370;IMP;리모트 시스템과 연결 실패 !(10061)
14:57:44:670;IMP;리모트 시스템과 연결 실패 !(10061)
14:57:48:928;IMP;리모트 시스템과 연결 실패 !(10061)
14:57:53:195;IMP;리모트 시스템과 연결 실패 !(10061)
14:57:57:474;IMP;리모트 시스템과 연결 실패 !(10061)
14:58:01:768;IMP;리모트 시스템과 연결 실패 !(10061)
14:58:06:077;IMP;리모트 시스템과 연결 실패 !(10061)
14:58:10:283;IMP;리모트 시스템과 연결 실패 !(10061)
14:58:14:546;IMP;리모트 시스템과 연결 실패 !(10061)
14:58:18:770;IMP;리모트 시스템과 연결 실패 !(10061)
14:58:23:070;IMP;리모트 시스템과 연결 실패 !(10061)
14:58:27:325;IMP;리모트 시스템과 연결 실패 !(10061)
14:58:31:582;IMP;리모트 시스템과 연결 실패 !(10061)
14:58:35:843;IMP;리모트 시스템과 연결 실패 !(10061)
14:58:40:060;IMP;리모트 시스템과 연결 실패 !(10061)
14:58:44:325;IMP;리모트 시스템과 연결 실패 !(10061)
14:58:48:650;IMP;리모트 시스템과 연결 실패 !(10061)
14:58:52:907;IMP;리모트 시스템과 연결 실패 !(10061)
14:58:57:168;IMP;리모트 시스템과 연결 실패 !(10061)
14:59:01:430;IMP;리모트 시스템과 연결 실패 !(10061)
14:59:05:659;IMP;리모트 시스템과 연결 실패 !(10061)
14:59:09:876;IMP;리모트 시스템과 연결 실패 !(10061)
14:59:14:135;IMP;리모트 시스템과 연결 실패 !(10061)
14:59:18:383;IMP;리모트 시스템과 연결 실패 !(10061)
14:59:22:583;IMP;리모트 시스템과 연결 실패 !(10061)
14:59:26:913;IMP;리모트 시스템과 연결 실패 !(10061)
14:59:31:138;IMP;리모트 시스템과 연결 실패 !(10061)
14:59:35:338;IMP;리모트 시스템과 연결 실패 !(10061)
14:59:39:561;IMP;리모트 시스템과 연결 실패 !(10061)
14:59:43:800;IMP;리모트 시스템과 연결 실패 !(10061)
14:59:48:034;IMP;리모트 시스템과 연결 실패 !(10061)
14:59:52:280;IMP;리모트 시스템과 연결 실패 !(10061)
14:59:56:496;IMP;리모트 시스템과 연결 실패 !(10061)
15:00:00:731;IMP;리모트 시스템과 연결 실패 !(10061)
15:00:04:958;IMP;리모트 시스템과 연결 실패 !(10061)
15:00:09:174;IMP;리모트 시스템과 연결 실패 !(10061)
15:00:13:451;IMP;리모트 시스템과 연결 실패 !(10061)
15:00:17:723;IMP;리모트 시스템과 연결 실패 !(10061)
15:00:21:926;IMP;리모트 시스템과 연결 실패 !(10061)
15:00:26:152;IMP;리모트 시스템과 연결 실패 !(10061)
15:00:30:423;IMP;리모트 시스템과 연결 실패 !(10061)
15:00:34:711;IMP;리모트 시스템과 연결 실패 !(10061)
15:00:38:982;IMP;리모트 시스템과 연결 실패 !(10061)
15:00:43:240;IMP;리모트 시스템과 연결 실패 !(10061)
15:00:47:468;IMP;리모트 시스템과 연결 실패 !(10061)
15:00:51:745;IMP;리모트 시스템과 연결 실패 !(10061)
15:00:55:967;IMP;리모트 시스템과 연결 실패 !(10061)
15:01:00:214;IMP;리모트 시스템과 연결 실패 !(10061)
15:01:04:473;IMP;리모트 시스템과 연결 실패 !(10061)
15:01:08:721;IMP;리모트 시스템과 연결 실패 !(10061)
15:01:12:966;IMP;리모트 시스템과 연결 실패 !(10061)
15:01:17:323;IMP;리모트 시스템과 연결 실패 !(10061)
15:01:21:560;IMP;리모트 시스템과 연결 실패 !(10061)
15:01:25:814;IMP;리모트 시스템과 연결 실패 !(10061)
15:01:30:060;IMP;리모트 시스템과 연결 실패 !(10061)
15:01:34:308;IMP;리모트 시스템과 연결 실패 !(10061)
15:01:38:558;IMP;리모트 시스템과 연결 실패 !(10061)
15:01:42:833;IMP;리모트 시스템과 연결 실패 !(10061)
15:01:47:044;IMP;리모트 시스템과 연결 실패 !(10061)
15:01:51:356;IMP;리모트 시스템과 연결 실패 !(10061)
15:01:55:561;IMP;리모트 시스템과 연결 실패 !(10061)
15:01:59:819;IMP;리모트 시스템과 연결 실패 !(10061)
15:02:04:032;IMP;리모트 시스템과 연결 실패 !(10061)
15:02:08:251;IMP;리모트 시스템과 연결 실패 !(10061)
15:02:12:511;IMP;리모트 시스템과 연결 실패 !(10061)
15:02:16:754;IMP;리모트 시스템과 연결 실패 !(10061)
15:02:21:005;IMP;리모트 시스템과 연결 실패 !(10061)
15:02:25:245;IMP;리모트 시스템과 연결 실패 !(10061)
15:02:29:469;IMP;리모트 시스템과 연결 실패 !(10061)
15:02:34:061;IMP;리모트 시스템과 연결 실패 !(10061)
15:02:38:277;IMP;리모트 시스템과 연결 실패 !(10061)
15:02:42:519;IMP;리모트 시스템과 연결 실패 !(10061)
15:02:46:731;IMP;리모트 시스템과 연결 실패 !(10061)
15:02:51:002;IMP;리모트 시스템과 연결 실패 !(10061)
15:02:55:254;IMP;리모트 시스템과 연결 실패 !(10061)
15:02:59:460;IMP;리모트 시스템과 연결 실패 !(10061)
15:03:03:665;IMP;리모트 시스템과 연결 실패 !(10061)
15:03:07:868;IMP;리모트 시스템과 연결 실패 !(10061)
15:03:12:112;IMP;리모트 시스템과 연결 실패 !(10061)
15:03:16:330;IMP;리모트 시스템과 연결 실패 !(10061)
15:03:20:536;IMP;리모트 시스템과 연결 실패 !(10061)
15:03:24:738;IMP;리모트 시스템과 연결 실패 !(10061)
15:03:28:948;IMP;리모트 시스템과 연결 실패 !(10061)
15:03:33:159;IMP;리모트 시스템과 연결 실패 !(10061)
15:03:37:371;IMP;리모트 시스템과 연결 실패 !(10061)
15:03:41:610;IMP;리모트 시스템과 연결 실패 !(10061)
15:03:45:840;IMP;리모트 시스템과 연결 실패 !(10061)
15:03:50:101;IMP;리모트 시스템과 연결 실패 !(10061)
15:03:54:319;IMP;리모트 시스템과 연결 실패 !(10061)
15:03:58:591;IMP;리모트 시스템과 연결 실패 !(10061)
15:04:02:835;IMP;리모트 시스템과 연결 실패 !(10061)
15:04:07:103;IMP;리모트 시스템과 연결 실패 !(10061)
15:04:11:341;IMP;리모트 시스템과 연결 실패 !(10061)
15:04:15:559;IMP;리모트 시스템과 연결 실패 !(10061)
15:04:19:796;IMP;리모트 시스템과 연결 실패 !(10061)
15:04:24:039;IMP;리모트 시스템과 연결 실패 !(10061)
15:04:28:296;IMP;리모트 시스템과 연결 실패 !(10061)
15:04:32:595;IMP;리모트 시스템과 연결 실패 !(10061)
15:04:36:841;IMP;리모트 시스템과 연결 실패 !(10061)
15:04:41:056;IMP;리모트 시스템과 연결 실패 !(10061)
15:04:45:325;IMP;리모트 시스템과 연결 실패 !(10061)
15:04:49:588;IMP;리모트 시스템과 연결 실패 !(10061)
15:04:53:843;IMP;리모트 시스템과 연결 실패 !(10061)
15:04:58:092;IMP;리모트 시스템과 연결 실패 !(10061)
15:05:02:335;IMP;리모트 시스템과 연결 실패 !(10061)
15:05:06:578;IMP;리모트 시스템과 연결 실패 !(10061)
15:05:10:826;IMP;리모트 시스템과 연결 실패 !(10061)
15:05:15:051;IMP;리모트 시스템과 연결 실패 !(10061)
15:05:19:322;IMP;리모트 시스템과 연결 실패 !(10061)
15:05:23:590;IMP;리모트 시스템과 연결 실패 !(10061)
15:05:27:846;IMP;리모트 시스템과 연결 실패 !(10061)
15:05:32:065;IMP;리모트 시스템과 연결 실패 !(10061)
15:05:36:302;IMP;리모트 시스템과 연결 실패 !(10061)
15:05:40:540;IMP;리모트 시스템과 연결 실패 !(10061)
15:05:44:792;IMP;리모트 시스템과 연결 실패 !(10061)
15:05:49:018;IMP;리모트 시스템과 연결 실패 !(10061)
15:05:53:271;IMP;리모트 시스템과 연결 실패 !(10061)
15:05:57:596;IMP;리모트 시스템과 연결 실패 !(10061)
15:06:01:821;IMP;리모트 시스템과 연결 실패 !(10061)
15:06:06:099;IMP;리모트 시스템과 연결 실패 !(10061)
15:06:10:324;IMP;리모트 시스템과 연결 실패 !(10061)
15:06:14:534;IMP;리모트 시스템과 연결 실패 !(10061)
15:06:18:890;IMP;리모트 시스템과 연결 실패 !(10061)
15:06:23:198;IMP;리모트 시스템과 연결 실패 !(10061)
15:06:27:437;IMP;리모트 시스템과 연결 실패 !(10061)
15:06:31:641;IMP;리모트 시스템과 연결 실패 !(10061)
15:06:35:878;IMP;리모트 시스템과 연결 실패 !(10061)
15:06:40:092;IMP;리모트 시스템과 연결 실패 !(10061)
15:06:44:330;IMP;리모트 시스템과 연결 실패 !(10061)
15:06:48:538;IMP;리모트 시스템과 연결 실패 !(10061)
15:06:52:758;IMP;리모트 시스템과 연결 실패 !(10061)
15:06:56:972;IMP;리모트 시스템과 연결 실패 !(10061)
15:07:01:183;IMP;리모트 시스템과 연결 실패 !(10061)
15:07:05:410;IMP;리모트 시스템과 연결 실패 !(10061)
15:07:09:772;IMP;리모트 시스템과 연결 실패 !(10061)
15:07:13:975;IMP;리모트 시스템과 연결 실패 !(10061)
15:07:18:190;IMP;리모트 시스템과 연결 실패 !(10061)
15:07:22:417;IMP;리모트 시스템과 연결 실패 !(10061)
15:07:26:634;IMP;리모트 시스템과 연결 실패 !(10061)
15:07:30:893;IMP;리모트 시스템과 연결 실패 !(10061)
15:07:35:105;IMP;리모트 시스템과 연결 실패 !(10061)
15:07:39:322;IMP;리모트 시스템과 연결 실패 !(10061)
15:07:43:525;IMP;리모트 시스템과 연결 실패 !(10061)
15:07:47:962;IMP;리모트 시스템과 연결 실패 !(10061)
15:07:52:220;IMP;리모트 시스템과 연결 실패 !(10061)
15:07:56:514;IMP;리모트 시스템과 연결 실패 !(10061)
15:08:00:730;IMP;리모트 시스템과 연결 실패 !(10061)
15:08:04:987;IMP;리모트 시스템과 연결 실패 !(10061)
15:08:09:268;IMP;리모트 시스템과 연결 실패 !(10061)
15:08:13:483;IMP;리모트 시스템과 연결 실패 !(10061)
15:08:17:772;IMP;리모트 시스템과 연결 실패 !(10061)
15:08:22:024;IMP;리모트 시스템과 연결 실패 !(10061)
15:08:26:313;IMP;리모트 시스템과 연결 실패 !(10061)
15:08:30:560;IMP;리모트 시스템과 연결 실패 !(10061)
15:08:34:861;IMP;리모트 시스템과 연결 실패 !(10061)
15:08:39:105;IMP;리모트 시스템과 연결 실패 !(10061)
15:08:43:330;IMP;리모트 시스템과 연결 실패 !(10061)
15:08:47:580;IMP;리모트 시스템과 연결 실패 !(10061)
15:08:51:813;IMP;리모트 시스템과 연결 실패 !(10061)
15:08:56:367;IMP;리모트 시스템과 연결 실패 !(10061)
15:09:00:853;IMP;리모트 시스템과 연결 실패 !(10061)
15:09:05:180;IMP;리모트 시스템과 연결 실패 !(10061)
15:09:09:576;IMP;리모트 시스템과 연결 실패 !(10061)
15:09:13:963;IMP;리모트 시스템과 연결 실패 !(10061)
15:09:18:202;IMP;리모트 시스템과 연결 실패 !(10061)
15:09:22:481;IMP;리모트 시스템과 연결 실패 !(10061)
15:09:26:732;IMP;리모트 시스템과 연결 실패 !(10061)
15:09:31:030;IMP;리모트 시스템과 연결 실패 !(10061)
15:09:35:283;IMP;리모트 시스템과 연결 실패 !(10061)
15:09:39:489;IMP;리모트 시스템과 연결 실패 !(10061)
15:09:43:721;IMP;리모트 시스템과 연결 실패 !(10061)
15:09:47:947;IMP;리모트 시스템과 연결 실패 !(10061)
15:09:52:183;IMP;리모트 시스템과 연결 실패 !(10061)
15:09:56:420;IMP;리모트 시스템과 연결 실패 !(10061)
15:10:00:673;IMP;리모트 시스템과 연결 실패 !(10061)
15:10:04:982;IMP;리모트 시스템과 연결 실패 !(10061)
15:10:09:194;IMP;리모트 시스템과 연결 실패 !(10061)
15:10:13:390;IMP;리모트 시스템과 연결 실패 !(10061)
15:10:17:625;IMP;리모트 시스템과 연결 실패 !(10061)
15:10:21:934;IMP;리모트 시스템과 연결 실패 !(10061)
15:10:26:132;IMP;리모트 시스템과 연결 실패 !(10061)
15:10:30:372;IMP;리모트 시스템과 연결 실패 !(10061)
15:10:34:621;IMP;리모트 시스템과 연결 실패 !(10061)
15:10:38:835;IMP;리모트 시스템과 연결 실패 !(10061)
15:10:43:089;IMP;리모트 시스템과 연결 실패 !(10061)
15:10:47:252;IMP;리모트 시스템과 연결 실패 !(10061)
15:10:51:517;IMP;리모트 시스템과 연결 실패 !(10061)
15:10:55:797;IMP;리모트 시스템과 연결 실패 !(10061)
15:11:00:008;IMP;리모트 시스템과 연결 실패 !(10061)
15:11:04:287;IMP;리모트 시스템과 연결 실패 !(10061)
15:11:08:563;IMP;리모트 시스템과 연결 실패 !(10061)
15:11:12:790;IMP;리모트 시스템과 연결 실패 !(10061)
15:11:17:079;IMP;리모트 시스템과 연결 실패 !(10061)
15:11:21:324;IMP;리모트 시스템과 연결 실패 !(10061)
15:11:25:530;IMP;리모트 시스템과 연결 실패 !(10061)
15:11:29:806;IMP;리모트 시스템과 연결 실패 !(10061)
15:11:34:027;IMP;리모트 시스템과 연결 실패 !(10061)
15:11:38:299;IMP;리모트 시스템과 연결 실패 !(10061)
15:11:42:525;IMP;리모트 시스템과 연결 실패 !(10061)
15:11:46:765;IMP;리모트 시스템과 연결 실패 !(10061)
15:11:51:010;IMP;리모트 시스템과 연결 실패 !(10061)
15:11:55:498;IMP;리모트 시스템과 연결 실패 !(10061)
15:11:59:731;IMP;리모트 시스템과 연결 실패 !(10061)
15:12:03:962;IMP;리모트 시스템과 연결 실패 !(10061)
15:12:08:209;IMP;리모트 시스템과 연결 실패 !(10061)
15:12:12:425;IMP;리모트 시스템과 연결 실패 !(10061)
15:12:16:665;IMP;리모트 시스템과 연결 실패 !(10061)
15:12:20:961;IMP;리모트 시스템과 연결 실패 !(10061)
15:12:25:309;IMP;리모트 시스템과 연결 실패 !(10061)
15:12:29:581;IMP;리모트 시스템과 연결 실패 !(10061)
15:12:33:806;IMP;리모트 시스템과 연결 실패 !(10061)
15:12:38:090;IMP;리모트 시스템과 연결 실패 !(10061)
15:12:42:373;IMP;리모트 시스템과 연결 실패 !(10061)
15:12:46:638;IMP;리모트 시스템과 연결 실패 !(10061)
15:12:50:887;IMP;리모트 시스템과 연결 실패 !(10061)
15:12:55:163;IMP;리모트 시스템과 연결 실패 !(10061)
15:12:59:439;IMP;리모트 시스템과 연결 실패 !(10061)
15:13:03:711;IMP;리모트 시스템과 연결 실패 !(10061)
15:13:07:981;IMP;리모트 시스템과 연결 실패 !(10061)
15:13:12:272;IMP;리모트 시스템과 연결 실패 !(10061)
15:13:16:587;IMP;리모트 시스템과 연결 실패 !(10061)
15:13:20:821;IMP;리모트 시스템과 연결 실패 !(10061)
15:13:25:109;IMP;리모트 시스템과 연결 실패 !(10061)
15:13:29:391;IMP;리모트 시스템과 연결 실패 !(10061)
15:13:33:647;IMP;리모트 시스템과 연결 실패 !(10061)
15:13:37:885;IMP;리모트 시스템과 연결 실패 !(10061)
15:13:42:104;IMP;리모트 시스템과 연결 실패 !(10061)
15:13:46:310;IMP;리모트 시스템과 연결 실패 !(10061)
15:13:50:506;IMP;리모트 시스템과 연결 실패 !(10061)
15:13:54:716;IMP;리모트 시스템과 연결 실패 !(10061)
15:13:58:905;IMP;리모트 시스템과 연결 실패 !(10061)
15:14:03:121;IMP;리모트 시스템과 연결 실패 !(10061)
15:14:07:355;IMP;리모트 시스템과 연결 실패 !(10061)
15:14:11:597;IMP;리모트 시스템과 연결 실패 !(10061)
15:14:15:844;IMP;리모트 시스템과 연결 실패 !(10061)
15:14:20:075;IMP;리모트 시스템과 연결 실패 !(10061)
15:14:24:297;IMP;리모트 시스템과 연결 실패 !(10061)
15:14:28:496;IMP;리모트 시스템과 연결 실패 !(10061)
15:14:32:714;IMP;리모트 시스템과 연결 실패 !(10061)
15:14:36:956;IMP;리모트 시스템과 연결 실패 !(10061)
15:14:41:185;IMP;리모트 시스템과 연결 실패 !(10061)
15:14:45:459;IMP;리모트 시스템과 연결 실패 !(10061)
15:14:49:705;IMP;리모트 시스템과 연결 실패 !(10061)
15:14:53:910;IMP;리모트 시스템과 연결 실패 !(10061)
15:14:58:457;IMP;리모트 시스템과 연결 실패 !(10061)
15:15:02:699;IMP;리모트 시스템과 연결 실패 !(10061)
15:15:06:933;IMP;리모트 시스템과 연결 실패 !(10061)
15:15:11:162;IMP;리모트 시스템과 연결 실패 !(10061)
15:15:15:400;IMP;리모트 시스템과 연결 실패 !(10061)
15:15:19:617;IMP;리모트 시스템과 연결 실패 !(10061)
15:15:23:863;IMP;리모트 시스템과 연결 실패 !(10061)
15:15:28:120;IMP;리모트 시스템과 연결 실패 !(10061)
15:15:32:357;IMP;리모트 시스템과 연결 실패 !(10061)
15:15:36:566;IMP;리모트 시스템과 연결 실패 !(10061)
15:15:40:811;IMP;리모트 시스템과 연결 실패 !(10061)
15:15:45:043;IMP;리모트 시스템과 연결 실패 !(10061)
15:15:49:313;IMP;리모트 시스템과 연결 실패 !(10061)
15:15:53:511;IMP;리모트 시스템과 연결 실패 !(10061)
15:15:57:758;IMP;리모트 시스템과 연결 실패 !(10061)
15:16:02:001;IMP;리모트 시스템과 연결 실패 !(10061)
15:16:06:356;IMP;리모트 시스템과 연결 실패 !(10061)
15:16:10:556;IMP;리모트 시스템과 연결 실패 !(10061)
15:16:14:856;IMP;리모트 시스템과 연결 실패 !(10061)
15:16:19:083;IMP;리모트 시스템과 연결 실패 !(10061)
15:16:23:312;IMP;리모트 시스템과 연결 실패 !(10061)
15:16:27:600;IMP;리모트 시스템과 연결 실패 !(10061)
15:16:31:802;IMP;리모트 시스템과 연결 실패 !(10061)
15:16:36:038;IMP;리모트 시스템과 연결 실패 !(10061)
15:16:40:286;IMP;리모트 시스템과 연결 실패 !(10061)
15:16:44:577;IMP;리모트 시스템과 연결 실패 !(10061)
15:16:48:865;IMP;리모트 시스템과 연결 실패 !(10061)
15:16:53:096;IMP;리모트 시스템과 연결 실패 !(10061)
15:16:57:370;IMP;리모트 시스템과 연결 실패 !(10061)
15:17:01:700;IMP;리모트 시스템과 연결 실패 !(10061)
15:17:05:948;IMP;리모트 시스템과 연결 실패 !(10061)
15:17:10:198;IMP;리모트 시스템과 연결 실패 !(10061)
15:17:14:460;IMP;리모트 시스템과 연결 실패 !(10061)
15:17:18:702;IMP;리모트 시스템과 연결 실패 !(10061)
15:17:22:944;IMP;리모트 시스템과 연결 실패 !(10061)
15:17:27:155;IMP;리모트 시스템과 연결 실패 !(10061)
15:17:31:323;IMP;리모트 시스템과 연결 실패 !(10061)
15:17:35:539;IMP;리모트 시스템과 연결 실패 !(10061)
15:17:39:789;IMP;리모트 시스템과 연결 실패 !(10061)
15:17:44:042;IMP;리모트 시스템과 연결 실패 !(10061)
15:17:48:292;IMP;리모트 시스템과 연결 실패 !(10061)
15:17:52:544;IMP;리모트 시스템과 연결 실패 !(10061)
15:17:56:751;IMP;리모트 시스템과 연결 실패 !(10061)
15:18:01:059;IMP;리모트 시스템과 연결 실패 !(10061)
15:18:05:282;IMP;리모트 시스템과 연결 실패 !(10061)
15:18:09:484;IMP;리모트 시스템과 연결 실패 !(10061)
15:18:13:698;IMP;리모트 시스템과 연결 실패 !(10061)
15:18:17:931;IMP;리모트 시스템과 연결 실패 !(10061)
15:18:22:230;IMP;리모트 시스템과 연결 실패 !(10061)
15:18:26:440;IMP;리모트 시스템과 연결 실패 !(10061)
15:18:30:677;IMP;리모트 시스템과 연결 실패 !(10061)
15:18:34:980;IMP;리모트 시스템과 연결 실패 !(10061)
15:18:39:213;IMP;리모트 시스템과 연결 실패 !(10061)
15:18:43:487;IMP;리모트 시스템과 연결 실패 !(10061)
15:18:47:744;IMP;리모트 시스템과 연결 실패 !(10061)
15:18:51:966;IMP;리모트 시스템과 연결 실패 !(10061)
15:18:56:191;IMP;리모트 시스템과 연결 실패 !(10061)
15:19:00:429;IMP;리모트 시스템과 연결 실패 !(10061)
15:19:04:671;IMP;리모트 시스템과 연결 실패 !(10061)
15:19:08:930;IMP;리모트 시스템과 연결 실패 !(10061)
15:19:13:140;IMP;리모트 시스템과 연결 실패 !(10061)
15:19:17:370;IMP;리모트 시스템과 연결 실패 !(10061)
15:19:21:640;IMP;리모트 시스템과 연결 실패 !(10061)
15:19:25:871;IMP;리모트 시스템과 연결 실패 !(10061)
15:19:30:138;IMP;리모트 시스템과 연결 실패 !(10061)
15:19:34:382;IMP;리모트 시스템과 연결 실패 !(10061)
15:19:38:649;IMP;리모트 시스템과 연결 실패 !(10061)
15:19:42:927;IMP;리모트 시스템과 연결 실패 !(10061)
15:19:47:141;IMP;리모트 시스템과 연결 실패 !(10061)
15:19:51:391;IMP;리모트 시스템과 연결 실패 !(10061)
15:19:55:665;IMP;리모트 시스템과 연결 실패 !(10061)
15:19:59:949;IMP;리모트 시스템과 연결 실패 !(10061)
15:20:04:157;IMP;리모트 시스템과 연결 실패 !(10061)
15:20:08:421;IMP;리모트 시스템과 연결 실패 !(10061)
15:20:12:640;IMP;리모트 시스템과 연결 실패 !(10061)
15:20:16:866;IMP;리모트 시스템과 연결 실패 !(10061)
15:20:21:120;IMP;리모트 시스템과 연결 실패 !(10061)
15:20:25:327;IMP;리모트 시스템과 연결 실패 !(10061)
15:20:29:883;IMP;리모트 시스템과 연결 실패 !(10061)
15:20:34:119;IMP;리모트 시스템과 연결 실패 !(10061)
15:20:38:360;IMP;리모트 시스템과 연결 실패 !(10061)
15:20:42:588;IMP;리모트 시스템과 연결 실패 !(10061)
15:20:47:092;IMP;리모트 시스템과 연결 실패 !(10061)
15:20:51:321;IMP;리모트 시스템과 연결 실패 !(10061)
15:20:55:569;IMP;리모트 시스템과 연결 실패 !(10061)
15:20:59:781;IMP;리모트 시스템과 연결 실패 !(10061)
15:21:04:066;IMP;리모트 시스템과 연결 실패 !(10061)
15:21:08:492;IMP;리모트 시스템과 연결 실패 !(10061)
15:21:12:774;IMP;리모트 시스템과 연결 실패 !(10061)
15:21:17:502;IMP;리모트 시스템과 연결 실패 !(10061)
15:21:22:146;IMP;리모트 시스템과 연결 실패 !(10061)
15:21:26:703;IMP;리모트 시스템과 연결 실패 !(10061)
15:21:31:262;IMP;리모트 시스템과 연결 실패 !(10061)
15:21:35:871;IMP;리모트 시스템과 연결 실패 !(10061)
15:21:40:632;IMP;리모트 시스템과 연결 실패 !(10061)
15:21:45:324;IMP;리모트 시스템과 연결 실패 !(10061)
15:21:50:068;IMP;리모트 시스템과 연결 실패 !(10061)
15:21:54:930;IMP;리모트 시스템과 연결 실패 !(10061)
15:21:59:436;IMP;리모트 시스템과 연결 실패 !(10061)
15:22:03:664;IMP;리모트 시스템과 연결 실패 !(10061)
15:22:07:946;IMP;리모트 시스템과 연결 실패 !(10061)
15:22:12:222;IMP;리모트 시스템과 연결 실패 !(10061)
15:22:16:491;IMP;리모트 시스템과 연결 실패 !(10061)
15:22:20:743;IMP;리모트 시스템과 연결 실패 !(10061)
15:22:24:961;IMP;리모트 시스템과 연결 실패 !(10061)
15:22:29:264;IMP;리모트 시스템과 연결 실패 !(10061)
15:22:33:566;IMP;리모트 시스템과 연결 실패 !(10061)
15:22:37:808;IMP;리모트 시스템과 연결 실패 !(10061)
15:22:42:065;IMP;리모트 시스템과 연결 실패 !(10061)
15:22:46:321;IMP;리모트 시스템과 연결 실패 !(10061)
15:22:50:534;IMP;리모트 시스템과 연결 실패 !(10061)
15:22:54:761;IMP;리모트 시스템과 연결 실패 !(10061)
15:22:59:015;IMP;리모트 시스템과 연결 실패 !(10061)
15:23:03:316;IMP;리모트 시스템과 연결 실패 !(10061)
15:23:07:569;IMP;리모트 시스템과 연결 실패 !(10061)
15:23:11:777;IMP;리모트 시스템과 연결 실패 !(10061)
15:23:16:031;IMP;리모트 시스템과 연결 실패 !(10061)
15:23:20:367;IMP;리모트 시스템과 연결 실패 !(10061)
15:23:24:616;IMP;리모트 시스템과 연결 실패 !(10061)
15:23:28:868;IMP;리모트 시스템과 연결 실패 !(10061)
15:23:33:132;IMP;리모트 시스템과 연결 실패 !(10061)
15:23:37:356;IMP;리모트 시스템과 연결 실패 !(10061)
15:23:41:576;IMP;리모트 시스템과 연결 실패 !(10061)
15:23:45:774;IMP;리모트 시스템과 연결 실패 !(10061)
15:23:50:053;IMP;리모트 시스템과 연결 실패 !(10061)
15:23:54:339;IMP;리모트 시스템과 연결 실패 !(10061)
15:23:58:593;IMP;리모트 시스템과 연결 실패 !(10061)
15:24:02:873;IMP;리모트 시스템과 연결 실패 !(10061)
15:24:07:122;IMP;리모트 시스템과 연결 실패 !(10061)
15:24:11:334;IMP;리모트 시스템과 연결 실패 !(10061)
15:24:15:549;IMP;리모트 시스템과 연결 실패 !(10061)
15:24:19:779;IMP;리모트 시스템과 연결 실패 !(10061)
15:24:24:013;IMP;리모트 시스템과 연결 실패 !(10061)
15:24:28:253;IMP;리모트 시스템과 연결 실패 !(10061)
15:24:32:533;IMP;리모트 시스템과 연결 실패 !(10061)
15:24:36:830;IMP;리모트 시스템과 연결 실패 !(10061)
15:24:41:060;IMP;리모트 시스템과 연결 실패 !(10061)
15:24:45:259;IMP;리모트 시스템과 연결 실패 !(10061)
15:24:49:515;IMP;리모트 시스템과 연결 실패 !(10061)
15:24:53:761;IMP;리모트 시스템과 연결 실패 !(10061)
15:24:58:014;IMP;리모트 시스템과 연결 실패 !(10061)
15:25:02:252;IMP;리모트 시스템과 연결 실패 !(10061)
15:25:06:513;IMP;리모트 시스템과 연결 실패 !(10061)
15:25:10:747;IMP;리모트 시스템과 연결 실패 !(10061)
15:25:14:967;IMP;리모트 시스템과 연결 실패 !(10061)
15:25:19:256;IMP;리모트 시스템과 연결 실패 !(10061)
15:25:23:504;IMP;리모트 시스템과 연결 실패 !(10061)
15:25:27:715;IMP;리모트 시스템과 연결 실패 !(10061)
15:25:31:910;IMP;리모트 시스템과 연결 실패 !(10061)
15:25:36:118;IMP;리모트 시스템과 연결 실패 !(10061)
15:25:40:349;IMP;리모트 시스템과 연결 실패 !(10061)
15:25:44:558;IMP;리모트 시스템과 연결 실패 !(10061)
15:25:48:790;IMP;리모트 시스템과 연결 실패 !(10061)
15:25:52:978;IMP;리모트 시스템과 연결 실패 !(10061)
15:25:57:213;IMP;리모트 시스템과 연결 실패 !(10061)
15:26:01:500;IMP;리모트 시스템과 연결 실패 !(10061)
15:26:05:744;IMP;리모트 시스템과 연결 실패 !(10061)
15:26:10:020;IMP;리모트 시스템과 연결 실패 !(10061)
15:26:14:311;IMP;리모트 시스템과 연결 실패 !(10061)
15:26:18:547;IMP;리모트 시스템과 연결 실패 !(10061)
15:26:22:751;IMP;리모트 시스템과 연결 실패 !(10061)
15:26:26:974;IMP;리모트 시스템과 연결 실패 !(10061)
15:26:31:198;IMP;리모트 시스템과 연결 실패 !(10061)
15:26:35:744;IMP;리모트 시스템과 연결 실패 !(10061)
15:26:39:998;IMP;리모트 시스템과 연결 실패 !(10061)
15:26:44:233;IMP;리모트 시스템과 연결 실패 !(10061)
15:26:48:508;IMP;리모트 시스템과 연결 실패 !(10061)
15:26:52:749;IMP;리모트 시스템과 연결 실패 !(10061)
15:26:57:041;IMP;리모트 시스템과 연결 실패 !(10061)
15:27:01:307;IMP;리모트 시스템과 연결 실패 !(10061)
15:27:05:512;IMP;리모트 시스템과 연결 실패 !(10061)
15:27:09:739;IMP;리모트 시스템과 연결 실패 !(10061)
15:27:14:012;IMP;리모트 시스템과 연결 실패 !(10061)
15:27:18:239;IMP;리모트 시스템과 연결 실패 !(10061)
15:27:22:501;IMP;리모트 시스템과 연결 실패 !(10061)
15:27:26:742;IMP;리모트 시스템과 연결 실패 !(10061)
15:27:31:041;IMP;리모트 시스템과 연결 실패 !(10061)
15:27:35:320;IMP;리모트 시스템과 연결 실패 !(10061)
15:27:39:597;IMP;리모트 시스템과 연결 실패 !(10061)
15:27:43:839;IMP;리모트 시스템과 연결 실패 !(10061)
15:27:48:106;IMP;리모트 시스템과 연결 실패 !(10061)
15:27:52:348;IMP;리모트 시스템과 연결 실패 !(10061)
15:27:56:555;IMP;리모트 시스템과 연결 실패 !(10061)
15:28:00:794;IMP;리모트 시스템과 연결 실패 !(10061)
15:28:05:025;IMP;리모트 시스템과 연결 실패 !(10061)
15:28:09:253;IMP;리모트 시스템과 연결 실패 !(10061)
15:28:13:590;IMP;리모트 시스템과 연결 실패 !(10061)
15:28:17:808;IMP;리모트 시스템과 연결 실패 !(10061)
15:28:22:029;IMP;리모트 시스템과 연결 실패 !(10061)
15:28:26:244;IMP;리모트 시스템과 연결 실패 !(10061)
15:28:30:512;IMP;리모트 시스템과 연결 실패 !(10061)
15:28:34:740;IMP;리모트 시스템과 연결 실패 !(10061)
15:28:38:994;IMP;리모트 시스템과 연결 실패 !(10061)
15:28:43:212;IMP;리모트 시스템과 연결 실패 !(10061)
15:28:47:507;IMP;리모트 시스템과 연결 실패 !(10061)
15:28:51:782;IMP;리모트 시스템과 연결 실패 !(10061)
15:28:56:038;IMP;리모트 시스템과 연결 실패 !(10061)
15:29:00:293;IMP;리모트 시스템과 연결 실패 !(10061)
15:29:04:538;IMP;리모트 시스템과 연결 실패 !(10061)
15:29:08:753;IMP;리모트 시스템과 연결 실패 !(10061)
15:29:13:000;IMP;리모트 시스템과 연결 실패 !(10061)
15:29:17:247;IMP;리모트 시스템과 연결 실패 !(10061)
15:29:21:485;IMP;리모트 시스템과 연결 실패 !(10061)
15:29:25:684;IMP;리모트 시스템과 연결 실패 !(10061)
15:29:29:920;IMP;리모트 시스템과 연결 실패 !(10061)
15:29:34:197;IMP;리모트 시스템과 연결 실패 !(10061)
15:29:38:428;IMP;리모트 시스템과 연결 실패 !(10061)
15:29:42:640;IMP;리모트 시스템과 연결 실패 !(10061)
15:29:46:842;IMP;리모트 시스템과 연결 실패 !(10061)
15:29:51:090;IMP;리모트 시스템과 연결 실패 !(10061)
15:29:55:319;IMP;리모트 시스템과 연결 실패 !(10061)
15:29:59:598;IMP;리모트 시스템과 연결 실패 !(10061)
15:30:03:893;IMP;리모트 시스템과 연결 실패 !(10061)
15:30:08:127;IMP;리모트 시스템과 연결 실패 !(10061)
15:30:12:398;IMP;리모트 시스템과 연결 실패 !(10061)
15:30:16:636;IMP;리모트 시스템과 연결 실패 !(10061)
15:30:20:928;IMP;리모트 시스템과 연결 실패 !(10061)
15:30:25:185;IMP;리모트 시스템과 연결 실패 !(10061)
15:30:29:416;IMP;리모트 시스템과 연결 실패 !(10061)
15:30:33:684;IMP;리모트 시스템과 연결 실패 !(10061)
15:30:37:887;IMP;리모트 시스템과 연결 실패 !(10061)
15:30:42:209;IMP;리모트 시스템과 연결 실패 !(10061)
15:30:46:475;IMP;리모트 시스템과 연결 실패 !(10061)
15:30:50:691;IMP;리모트 시스템과 연결 실패 !(10061)
15:30:54:933;IMP;리모트 시스템과 연결 실패 !(10061)
15:30:59:181;IMP;리모트 시스템과 연결 실패 !(10061)
15:31:03:430;IMP;리모트 시스템과 연결 실패 !(10061)
15:31:07:983;IMP;리모트 시스템과 연결 실패 !(10061)
15:31:12:221;IMP;리모트 시스템과 연결 실패 !(10061)
15:31:16:418;IMP;리모트 시스템과 연결 실패 !(10061)
15:31:20:718;IMP;리모트 시스템과 연결 실패 !(10061)
15:31:24:988;IMP;리모트 시스템과 연결 실패 !(10061)
15:31:29:312;IMP;리모트 시스템과 연결 실패 !(10061)
15:31:33:595;IMP;리모트 시스템과 연결 실패 !(10061)
15:31:37:822;IMP;리모트 시스템과 연결 실패 !(10061)
15:31:42:042;IMP;리모트 시스템과 연결 실패 !(10061)
15:31:46:298;IMP;리모트 시스템과 연결 실패 !(10061)
15:31:50:538;IMP;리모트 시스템과 연결 실패 !(10061)
15:31:54:900;IMP;리모트 시스템과 연결 실패 !(10061)
15:31:59:101;IMP;리모트 시스템과 연결 실패 !(10061)
15:32:03:297;IMP;리모트 시스템과 연결 실패 !(10061)
15:32:07:580;IMP;리모트 시스템과 연결 실패 !(10061)
15:32:11:804;IMP;리모트 시스템과 연결 실패 !(10061)
15:32:16:017;IMP;리모트 시스템과 연결 실패 !(10061)
15:32:20:230;IMP;리모트 시스템과 연결 실패 !(10061)
15:32:24:481;IMP;리모트 시스템과 연결 실패 !(10061)
15:32:28:713;IMP;리모트 시스템과 연결 실패 !(10061)
15:32:32:933;IMP;리모트 시스템과 연결 실패 !(10061)
15:32:37:151;IMP;리모트 시스템과 연결 실패 !(10061)
15:32:41:381;IMP;리모트 시스템과 연결 실패 !(10061)
15:32:45:607;IMP;리모트 시스템과 연결 실패 !(10061)
15:32:49:869;IMP;리모트 시스템과 연결 실패 !(10061)
15:32:54:119;IMP;리모트 시스템과 연결 실패 !(10061)
15:32:58:389;IMP;리모트 시스템과 연결 실패 !(10061)
15:33:02:612;IMP;리모트 시스템과 연결 실패 !(10061)
15:33:06:884;IMP;리모트 시스템과 연결 실패 !(10061)
15:33:11:126;IMP;리모트 시스템과 연결 실패 !(10061)
15:33:15:336;IMP;리모트 시스템과 연결 실패 !(10061)
15:33:19:686;IMP;리모트 시스템과 연결 실패 !(10061)
15:33:23:906;IMP;리모트 시스템과 연결 실패 !(10061)
15:33:28:168;IMP;리모트 시스템과 연결 실패 !(10061)
15:33:32:415;IMP;리모트 시스템과 연결 실패 !(10061)
15:33:36:680;IMP;리모트 시스템과 연결 실패 !(10061)
15:33:40:975;IMP;리모트 시스템과 연결 실패 !(10061)
15:33:45:269;IMP;리모트 시스템과 연결 실패 !(10061)
15:33:49:522;IMP;리모트 시스템과 연결 실패 !(10061)
15:33:53:770;IMP;리모트 시스템과 연결 실패 !(10061)
15:33:58:010;IMP;리모트 시스템과 연결 실패 !(10061)
15:34:02:308;IMP;리모트 시스템과 연결 실패 !(10061)
15:34:06:526;IMP;리모트 시스템과 연결 실패 !(10061)
15:34:10:756;IMP;리모트 시스템과 연결 실패 !(10061)
15:34:15:001;IMP;리모트 시스템과 연결 실패 !(10061)
15:34:19:288;IMP;리모트 시스템과 연결 실패 !(10061)
15:34:23:526;IMP;리모트 시스템과 연결 실패 !(10061)
15:34:27:797;IMP;리모트 시스템과 연결 실패 !(10061)
15:34:32:066;IMP;리모트 시스템과 연결 실패 !(10061)
15:34:36:366;IMP;리모트 시스템과 연결 실패 !(10061)
15:34:40:585;IMP;리모트 시스템과 연결 실패 !(10061)
15:34:44:806;IMP;리모트 시스템과 연결 실패 !(10061)
15:34:49:102;IMP;리모트 시스템과 연결 실패 !(10061)
15:34:53:370;IMP;리모트 시스템과 연결 실패 !(10061)
15:34:57:681;IMP;리모트 시스템과 연결 실패 !(10061)
15:35:01:927;IMP;리모트 시스템과 연결 실패 !(10061)
15:35:06:179;IMP;리모트 시스템과 연결 실패 !(10061)
15:35:10:388;IMP;리모트 시스템과 연결 실패 !(10061)
15:35:14:664;IMP;리모트 시스템과 연결 실패 !(10061)
15:35:18:900;IMP;리모트 시스템과 연결 실패 !(10061)
15:35:23:167;IMP;리모트 시스템과 연결 실패 !(10061)
15:35:27:398;IMP;리모트 시스템과 연결 실패 !(10061)
15:35:31:643;IMP;리모트 시스템과 연결 실패 !(10061)
15:35:35:910;IMP;리모트 시스템과 연결 실패 !(10061)
15:35:40:180;IMP;리모트 시스템과 연결 실패 !(10061)
15:35:44:416;IMP;리모트 시스템과 연결 실패 !(10061)
15:35:48:667;IMP;리모트 시스템과 연결 실패 !(10061)
15:35:52:924;IMP;리모트 시스템과 연결 실패 !(10061)
15:35:57:159;IMP;리모트 시스템과 연결 실패 !(10061)
15:36:01:397;IMP;리모트 시스템과 연결 실패 !(10061)
15:36:05:613;IMP;리모트 시스템과 연결 실패 !(10061)
15:36:09:823;IMP;리모트 시스템과 연결 실패 !(10061)
15:36:14:159;IMP;리모트 시스템과 연결 실패 !(10061)
15:36:18:372;IMP;리모트 시스템과 연결 실패 !(10061)
15:36:22:592;IMP;리모트 시스템과 연결 실패 !(10061)
15:36:26:799;IMP;리모트 시스템과 연결 실패 !(10061)
15:36:31:059;IMP;리모트 시스템과 연결 실패 !(10061)
15:36:35:291;IMP;리모트 시스템과 연결 실패 !(10061)
15:36:39:561;IMP;리모트 시스템과 연결 실패 !(10061)
15:36:43:798;IMP;리모트 시스템과 연결 실패 !(10061)
15:36:48:098;IMP;리모트 시스템과 연결 실패 !(10061)
15:36:52:365;IMP;리모트 시스템과 연결 실패 !(10061)
15:36:56:603;IMP;리모트 시스템과 연결 실패 !(10061)
15:37:00:902;IMP;리모트 시스템과 연결 실패 !(10061)
15:37:05:154;IMP;리모트 시스템과 연결 실패 !(10061)
15:37:09:370;IMP;리모트 시스템과 연결 실패 !(10061)
15:37:13:608;IMP;리모트 시스템과 연결 실패 !(10061)
15:37:17:952;IMP;리모트 시스템과 연결 실패 !(10061)
15:37:22:181;IMP;리모트 시스템과 연결 실패 !(10061)
15:37:26:458;IMP;리모트 시스템과 연결 실패 !(10061)
15:37:30:790;IMP;리모트 시스템과 연결 실패 !(10061)
15:37:35:009;IMP;리모트 시스템과 연결 실패 !(10061)
15:37:39:252;IMP;리모트 시스템과 연결 실패 !(10061)
15:37:43:560;IMP;리모트 시스템과 연결 실패 !(10061)
15:37:47:795;IMP;리모트 시스템과 연결 실패 !(10061)
15:37:52:102;IMP;리모트 시스템과 연결 실패 !(10061)
15:37:56:370;IMP;리모트 시스템과 연결 실패 !(10061)
15:38:00:589;IMP;리모트 시스템과 연결 실패 !(10061)
15:38:04:863;IMP;리모트 시스템과 연결 실패 !(10061)
15:38:09:104;IMP;리모트 시스템과 연결 실패 !(10061)
15:38:13:393;IMP;리모트 시스템과 연결 실패 !(10061)
15:38:17:664;IMP;리모트 시스템과 연결 실패 !(10061)
15:38:21:894;IMP;리모트 시스템과 연결 실패 !(10061)
15:38:26:100;IMP;리모트 시스템과 연결 실패 !(10061)
15:38:30:309;IMP;리모트 시스템과 연결 실패 !(10061)
15:38:34:590;IMP;리모트 시스템과 연결 실패 !(10061)
15:38:38:861;IMP;리모트 시스템과 연결 실패 !(10061)
15:38:43:078;IMP;리모트 시스템과 연결 실패 !(10061)
15:38:47:356;IMP;리모트 시스템과 연결 실패 !(10061)
15:38:51:690;IMP;리모트 시스템과 연결 실패 !(10061)
15:38:55:901;IMP;리모트 시스템과 연결 실패 !(10061)
15:39:00:312;IMP;리모트 시스템과 연결 실패 !(10061)
15:39:04:575;IMP;리모트 시스템과 연결 실패 !(10061)
15:39:08:805;IMP;리모트 시스템과 연결 실패 !(10061)
15:39:13:044;IMP;리모트 시스템과 연결 실패 !(10061)
15:39:17:268;IMP;리모트 시스템과 연결 실패 !(10061)
15:39:21:794;IMP;리모트 시스템과 연결 실패 !(10061)
15:39:25:988;IMP;리모트 시스템과 연결 실패 !(10061)
15:39:30:209;IMP;리모트 시스템과 연결 실패 !(10061)
15:39:34:414;IMP;리모트 시스템과 연결 실패 !(10061)
15:39:38:662;IMP;리모트 시스템과 연결 실패 !(10061)
15:39:42:860;IMP;리모트 시스템과 연결 실패 !(10061)
15:39:47:147;IMP;리모트 시스템과 연결 실패 !(10061)
15:39:51:392;IMP;리모트 시스템과 연결 실패 !(10061)
15:39:55:607;IMP;리모트 시스템과 연결 실패 !(10061)
15:39:59:833;IMP;리모트 시스템과 연결 실패 !(10061)
15:40:04:055;IMP;리모트 시스템과 연결 실패 !(10061)
15:40:08:288;IMP;리모트 시스템과 연결 실패 !(10061)
15:40:12:550;IMP;리모트 시스템과 연결 실패 !(10061)
15:40:16:763;IMP;리모트 시스템과 연결 실패 !(10061)
15:40:21:004;IMP;리모트 시스템과 연결 실패 !(10061)
15:40:25:256;IMP;리모트 시스템과 연결 실패 !(10061)
15:40:29:476;IMP;리모트 시스템과 연결 실패 !(10061)
15:40:33:711;IMP;리모트 시스템과 연결 실패 !(10061)
15:40:38:495;IMP;리모트 시스템과 연결 실패 !(10061)
15:40:42:756;IMP;리모트 시스템과 연결 실패 !(10061)
15:40:47:006;IMP;리모트 시스템과 연결 실패 !(10061)
15:40:51:249;IMP;리모트 시스템과 연결 실패 !(10061)
15:40:55:480;IMP;리모트 시스템과 연결 실패 !(10061)
15:40:59:726;IMP;리모트 시스템과 연결 실패 !(10061)
15:41:03:954;IMP;리모트 시스템과 연결 실패 !(10061)
15:41:08:166;IMP;리모트 시스템과 연결 실패 !(10061)
15:41:12:387;IMP;리모트 시스템과 연결 실패 !(10061)
15:41:16:589;IMP;리모트 시스템과 연결 실패 !(10061)
15:41:20:848;IMP;리모트 시스템과 연결 실패 !(10061)
15:41:25:150;IMP;리모트 시스템과 연결 실패 !(10061)
15:41:29:409;IMP;리모트 시스템과 연결 실패 !(10061)
15:41:33:643;IMP;리모트 시스템과 연결 실패 !(10061)
15:41:37:882;IMP;리모트 시스템과 연결 실패 !(10061)
15:41:42:078;IMP;리모트 시스템과 연결 실패 !(10061)
15:41:46:359;IMP;리모트 시스템과 연결 실패 !(10061)
15:41:50:593;IMP;리모트 시스템과 연결 실패 !(10061)
15:41:54:817;IMP;리모트 시스템과 연결 실패 !(10061)
15:41:59:061;IMP;리모트 시스템과 연결 실패 !(10061)
15:42:03:334;IMP;리모트 시스템과 연결 실패 !(10061)
15:42:07:592;IMP;리모트 시스템과 연결 실패 !(10061)
15:42:11:845;IMP;리모트 시스템과 연결 실패 !(10061)
15:42:16:083;IMP;리모트 시스템과 연결 실패 !(10061)
15:42:20:284;IMP;리모트 시스템과 연결 실패 !(10061)
15:42:24:540;IMP;리모트 시스템과 연결 실패 !(10061)
15:42:28:799;IMP;리모트 시스템과 연결 실패 !(10061)
15:42:32:999;IMP;리모트 시스템과 연결 실패 !(10061)
15:42:37:200;IMP;리모트 시스템과 연결 실패 !(10061)
15:42:41:480;IMP;리모트 시스템과 연결 실패 !(10061)
15:42:45:698;IMP;리모트 시스템과 연결 실패 !(10061)
15:42:49:913;IMP;리모트 시스템과 연결 실패 !(10061)
15:42:54:134;IMP;리모트 시스템과 연결 실패 !(10061)
15:42:58:399;IMP;리모트 시스템과 연결 실패 !(10061)
15:43:02:642;IMP;리모트 시스템과 연결 실패 !(10061)
15:43:06:866;IMP;리모트 시스템과 연결 실패 !(10061)
15:43:11:073;IMP;리모트 시스템과 연결 실패 !(10061)
15:43:15:260;IMP;리모트 시스템과 연결 실패 !(10061)
15:43:19:565;IMP;리모트 시스템과 연결 실패 !(10061)
15:43:23:877;IMP;리모트 시스템과 연결 실패 !(10061)
15:43:28:094;IMP;리모트 시스템과 연결 실패 !(10061)
15:43:32:341;IMP;리모트 시스템과 연결 실패 !(10061)
15:43:36:548;IMP;리모트 시스템과 연결 실패 !(10061)
15:43:40:761;IMP;리모트 시스템과 연결 실패 !(10061)
15:43:45:023;IMP;리모트 시스템과 연결 실패 !(10061)
15:43:49:229;IMP;리모트 시스템과 연결 실패 !(10061)
15:43:53:470;IMP;리모트 시스템과 연결 실패 !(10061)
15:43:57:745;IMP;리모트 시스템과 연결 실패 !(10061)
15:44:01:988;IMP;리모트 시스템과 연결 실패 !(10061)
15:44:06:226;IMP;리모트 시스템과 연결 실패 !(10061)
15:44:10:405;IMP;리모트 시스템과 연결 실패 !(10061)
15:44:14:716;IMP;리모트 시스템과 연결 실패 !(10061)
15:44:18:970;IMP;리모트 시스템과 연결 실패 !(10061)
15:44:23:182;IMP;리모트 시스템과 연결 실패 !(10061)
15:44:27:468;IMP;리모트 시스템과 연결 실패 !(10061)
15:44:31:736;IMP;리모트 시스템과 연결 실패 !(10061)
15:44:36:059;IMP;리모트 시스템과 연결 실패 !(10061)
15:44:40:355;IMP;리모트 시스템과 연결 실패 !(10061)
15:44:44:622;IMP;리모트 시스템과 연결 실패 !(10061)
15:44:48:839;IMP;리모트 시스템과 연결 실패 !(10061)
15:44:53:056;IMP;리모트 시스템과 연결 실패 !(10061)
15:44:57:366;IMP;리모트 시스템과 연결 실패 !(10061)
15:45:01:617;IMP;리모트 시스템과 연결 실패 !(10061)
15:45:05:862;IMP;리모트 시스템과 연결 실패 !(10061)
15:45:10:368;IMP;리모트 시스템과 연결 실패 !(10061)
15:45:14:583;IMP;리모트 시스템과 연결 실패 !(10061)
15:45:18:808;IMP;리모트 시스템과 연결 실패 !(10061)
15:45:23:061;IMP;리모트 시스템과 연결 실패 !(10061)
15:45:27:277;IMP;리모트 시스템과 연결 실패 !(10061)
15:45:31:523;IMP;리모트 시스템과 연결 실패 !(10061)
15:45:35:779;IMP;리모트 시스템과 연결 실패 !(10061)
15:45:40:036;IMP;리모트 시스템과 연결 실패 !(10061)
15:45:44:265;IMP;리모트 시스템과 연결 실패 !(10061)
15:45:48:486;IMP;리모트 시스템과 연결 실패 !(10061)
15:45:52:728;IMP;리모트 시스템과 연결 실패 !(10061)
15:45:56:957;IMP;리모트 시스템과 연결 실패 !(10061)
15:46:01:212;IMP;리모트 시스템과 연결 실패 !(10061)
15:46:05:443;IMP;리모트 시스템과 연결 실패 !(10061)
15:46:09:694;IMP;리모트 시스템과 연결 실패 !(10061)
15:46:13:948;IMP;리모트 시스템과 연결 실패 !(10061)
15:46:18:220;IMP;리모트 시스템과 연결 실패 !(10061)
15:46:22:433;IMP;리모트 시스템과 연결 실패 !(10061)
15:46:26:666;IMP;리모트 시스템과 연결 실패 !(10061)
15:46:30:930;IMP;리모트 시스템과 연결 실패 !(10061)
15:46:35:163;IMP;리모트 시스템과 연결 실패 !(10061)
15:46:39:411;IMP;리모트 시스템과 연결 실패 !(10061)
15:46:43:623;IMP;리모트 시스템과 연결 실패 !(10061)
15:46:47:851;IMP;리모트 시스템과 연결 실패 !(10061)
15:46:52:105;IMP;리모트 시스템과 연결 실패 !(10061)
15:46:56:356;IMP;리모트 시스템과 연결 실패 !(10061)
15:47:00:639;IMP;리모트 시스템과 연결 실패 !(10061)
15:47:04:845;IMP;리모트 시스템과 연결 실패 !(10061)
15:47:09:103;IMP;리모트 시스템과 연결 실패 !(10061)
15:47:13:352;IMP;리모트 시스템과 연결 실패 !(10061)
15:47:17:623;IMP;리모트 시스템과 연결 실패 !(10061)
15:47:21:848;IMP;리모트 시스템과 연결 실패 !(10061)
15:47:26:050;IMP;리모트 시스템과 연결 실패 !(10061)
15:47:30:353;IMP;리모트 시스템과 연결 실패 !(10061)
15:47:34:561;IMP;리모트 시스템과 연결 실패 !(10061)
15:47:38:876;IMP;리모트 시스템과 연결 실패 !(10061)
15:47:43:103;IMP;리모트 시스템과 연결 실패 !(10061)
15:47:47:345;IMP;리모트 시스템과 연결 실패 !(10061)
15:47:51:840;IMP;리모트 시스템과 연결 실패 !(10061)
15:47:56:832;IMP;리모트 시스템과 연결 실패 !(10061)
15:48:01:782;IMP;리모트 시스템과 연결 실패 !(10061)
15:48:06:734;IMP;리모트 시스템과 연결 실패 !(10061)
15:48:11:808;IMP;리모트 시스템과 연결 실패 !(10061)
15:48:16:813;IMP;리모트 시스템과 연결 실패 !(10061)
15:48:21:614;IMP;리모트 시스템과 연결 실패 !(10061)
15:48:26:035;IMP;리모트 시스템과 연결 실패 !(10061)
15:48:31:598;IMP;리모트 시스템과 연결 실패 !(10061)
15:48:36:608;IMP;리모트 시스템과 연결 실패 !(10061)
15:48:41:916;IMP;리모트 시스템과 연결 실패 !(10061)
15:48:46:448;IMP;리모트 시스템과 연결 실패 !(10061)
15:48:51:053;IMP;리모트 시스템과 연결 실패 !(10061)
15:48:55:776;IMP;리모트 시스템과 연결 실패 !(10061)
15:49:00:475;IMP;리모트 시스템과 연결 실패 !(10061)
15:49:05:047;IMP;리모트 시스템과 연결 실패 !(10061)
15:49:09:734;IMP;리모트 시스템과 연결 실패 !(10061)
15:49:14:585;IMP;리모트 시스템과 연결 실패 !(10061)
15:49:19:037;IMP;리모트 시스템과 연결 실패 !(10061)
15:49:23:556;IMP;리모트 시스템과 연결 실패 !(10061)
15:49:28:339;IMP;리모트 시스템과 연결 실패 !(10061)
15:49:33:203;IMP;리모트 시스템과 연결 실패 !(10061)
15:49:37:630;IMP;리모트 시스템과 연결 실패 !(10061)
15:49:42:537;IMP;리모트 시스템과 연결 실패 !(10061)
15:49:47:350;IMP;리모트 시스템과 연결 실패 !(10061)
15:49:52:149;IMP;리모트 시스템과 연결 실패 !(10061)
15:49:56:797;IMP;리모트 시스템과 연결 실패 !(10061)
15:50:01:871;IMP;리모트 시스템과 연결 실패 !(10061)
15:50:06:915;IMP;리모트 시스템과 연결 실패 !(10061)
15:50:11:708;IMP;리모트 시스템과 연결 실패 !(10061)
15:50:16:479;IMP;리모트 시스템과 연결 실패 !(10061)
15:50:21:077;IMP;리모트 시스템과 연결 실패 !(10061)
15:50:25:826;IMP;리모트 시스템과 연결 실패 !(10061)
15:50:30:547;IMP;리모트 시스템과 연결 실패 !(10061)
15:50:34:945;IMP;리모트 시스템과 연결 실패 !(10061)
15:50:39:401;IMP;리모트 시스템과 연결 실패 !(10061)
15:50:44:785;IMP;리모트 시스템과 연결 실패 !(10061)
15:50:49:620;IMP;리모트 시스템과 연결 실패 !(10061)
15:50:54:282;IMP;리모트 시스템과 연결 실패 !(10061)
15:50:58:777;IMP;리모트 시스템과 연결 실패 !(10061)
15:51:03:659;IMP;리모트 시스템과 연결 실패 !(10061)
15:51:08:375;IMP;리모트 시스템과 연결 실패 !(10061)
15:51:12:969;IMP;리모트 시스템과 연결 실패 !(10061)
15:51:17:385;IMP;리모트 시스템과 연결 실패 !(10061)
15:51:21:976;IMP;리모트 시스템과 연결 실패 !(10061)
15:51:26:396;IMP;리모트 시스템과 연결 실패 !(10061)
15:51:31:094;IMP;리모트 시스템과 연결 실패 !(10061)
15:51:36:139;IMP;리모트 시스템과 연결 실패 !(10061)
15:51:40:931;IMP;리모트 시스템과 연결 실패 !(10061)
15:51:45:745;IMP;리모트 시스템과 연결 실패 !(10061)
15:51:50:161;IMP;리모트 시스템과 연결 실패 !(10061)
15:51:54:461;IMP;리모트 시스템과 연결 실패 !(10061)
15:51:58:932;IMP;리모트 시스템과 연결 실패 !(10061)
15:52:03:503;IMP;리모트 시스템과 연결 실패 !(10061)
15:52:08:363;IMP;리모트 시스템과 연결 실패 !(10061)
15:52:12:885;IMP;리모트 시스템과 연결 실패 !(10061)
15:52:17:457;IMP;리모트 시스템과 연결 실패 !(10061)
15:52:21:776;IMP;리모트 시스템과 연결 실패 !(10061)
15:52:26:114;IMP;리모트 시스템과 연결 실패 !(10061)
15:52:30:521;IMP;리모트 시스템과 연결 실패 !(10061)
15:52:34:892;IMP;리모트 시스템과 연결 실패 !(10061)
15:52:39:203;IMP;리모트 시스템과 연결 실패 !(10061)
15:52:43:765;IMP;리모트 시스템과 연결 실패 !(10061)
15:52:48:422;IMP;리모트 시스템과 연결 실패 !(10061)
15:52:52:816;IMP;리모트 시스템과 연결 실패 !(10061)
15:52:57:320;IMP;리모트 시스템과 연결 실패 !(10061)
15:53:01:702;IMP;리모트 시스템과 연결 실패 !(10061)
15:53:06:134;IMP;리모트 시스템과 연결 실패 !(10061)
15:53:10:602;IMP;리모트 시스템과 연결 실패 !(10061)
15:53:15:048;IMP;리모트 시스템과 연결 실패 !(10061)
15:53:19:650;IMP;리모트 시스템과 연결 실패 !(10061)
15:53:23:957;IMP;리모트 시스템과 연결 실패 !(10061)
15:53:28:298;IMP;리모트 시스템과 연결 실패 !(10061)
15:53:32:734;IMP;리모트 시스템과 연결 실패 !(10061)
15:53:37:115;IMP;리모트 시스템과 연결 실패 !(10061)
15:53:41:745;IMP;리모트 시스템과 연결 실패 !(10061)
15:53:46:420;IMP;리모트 시스템과 연결 실패 !(10061)
15:53:50:790;IMP;리모트 시스템과 연결 실패 !(10061)
15:53:55:386;IMP;리모트 시스템과 연결 실패 !(10061)
15:53:59:790;IMP;리모트 시스템과 연결 실패 !(10061)
15:54:04:336;IMP;리모트 시스템과 연결 실패 !(10061)
15:54:08:690;IMP;리모트 시스템과 연결 실패 !(10061)
15:54:13:061;IMP;리모트 시스템과 연결 실패 !(10061)
15:54:17:468;IMP;리모트 시스템과 연결 실패 !(10061)
15:54:22:001;IMP;리모트 시스템과 연결 실패 !(10061)
15:54:26:367;IMP;리모트 시스템과 연결 실패 !(10061)
15:54:31:045;IMP;리모트 시스템과 연결 실패 !(10061)
15:54:35:494;IMP;리모트 시스템과 연결 실패 !(10061)
15:54:39:772;IMP;리모트 시스템과 연결 실패 !(10061)
15:54:44:104;IMP;리모트 시스템과 연결 실패 !(10061)
15:54:48:935;IMP;리모트 시스템과 연결 실패 !(10061)
15:54:53:519;IMP;리모트 시스템과 연결 실패 !(10061)
15:54:57:940;IMP;리모트 시스템과 연결 실패 !(10061)
15:55:02:375;IMP;리모트 시스템과 연결 실패 !(10061)
15:55:06:648;IMP;리모트 시스템과 연결 실패 !(10061)
15:55:10:902;IMP;리모트 시스템과 연결 실패 !(10061)
15:55:15:244;IMP;리모트 시스템과 연결 실패 !(10061)
15:55:19:561;IMP;리모트 시스템과 연결 실패 !(10061)
15:55:23:958;IMP;리모트 시스템과 연결 실패 !(10061)
15:55:28:431;IMP;리모트 시스템과 연결 실패 !(10061)
15:55:32:779;IMP;리모트 시스템과 연결 실패 !(10061)
15:55:37:069;IMP;리모트 시스템과 연결 실패 !(10061)
15:55:41:411;IMP;리모트 시스템과 연결 실패 !(10061)
15:55:45:988;IMP;리모트 시스템과 연결 실패 !(10061)
15:55:50:351;IMP;리모트 시스템과 연결 실패 !(10061)
15:55:54:645;IMP;리모트 시스템과 연결 실패 !(10061)
15:55:59:059;IMP;리모트 시스템과 연결 실패 !(10061)
15:56:03:380;IMP;리모트 시스템과 연결 실패 !(10061)
15:56:07:757;IMP;리모트 시스템과 연결 실패 !(10061)
15:56:12:163;IMP;리모트 시스템과 연결 실패 !(10061)
15:56:16:641;IMP;리모트 시스템과 연결 실패 !(10061)
15:56:20:980;IMP;리모트 시스템과 연결 실패 !(10061)
15:56:25:338;IMP;리모트 시스템과 연결 실패 !(10061)
15:56:29:990;IMP;리모트 시스템과 연결 실패 !(10061)
15:56:34:418;IMP;리모트 시스템과 연결 실패 !(10061)
15:56:38:789;IMP;리모트 시스템과 연결 실패 !(10061)
15:56:43:214;IMP;리모트 시스템과 연결 실패 !(10061)
15:56:47:685;IMP;리모트 시스템과 연결 실패 !(10061)
15:56:52:114;IMP;리모트 시스템과 연결 실패 !(10061)
15:56:56:600;IMP;리모트 시스템과 연결 실패 !(10061)
15:57:01:021;IMP;리모트 시스템과 연결 실패 !(10061)
15:57:05:690;IMP;리모트 시스템과 연결 실패 !(10061)
15:57:10:208;IMP;리모트 시스템과 연결 실패 !(10061)
15:57:14:573;IMP;리모트 시스템과 연결 실패 !(10061)
15:57:18:982;IMP;리모트 시스템과 연결 실패 !(10061)
15:57:23:382;IMP;리모트 시스템과 연결 실패 !(10061)
15:57:27:850;IMP;리모트 시스템과 연결 실패 !(10061)
15:57:32:278;IMP;리모트 시스템과 연결 실패 !(10061)
15:57:36:817;IMP;리모트 시스템과 연결 실패 !(10061)
15:57:41:209;IMP;리모트 시스템과 연결 실패 !(10061)
15:57:45:653;IMP;리모트 시스템과 연결 실패 !(10061)
15:57:50:190;IMP;리모트 시스템과 연결 실패 !(10061)
15:57:54:914;IMP;리모트 시스템과 연결 실패 !(10061)
15:57:59:461;IMP;리모트 시스템과 연결 실패 !(10061)
15:58:04:028;IMP;리모트 시스템과 연결 실패 !(10061)
15:58:08:595;IMP;리모트 시스템과 연결 실패 !(10061)
15:58:13:046;IMP;리모트 시스템과 연결 실패 !(10061)
15:58:17:619;IMP;리모트 시스템과 연결 실패 !(10061)
15:58:22:136;IMP;리모트 시스템과 연결 실패 !(10061)
15:58:26:504;IMP;리모트 시스템과 연결 실패 !(10061)
15:58:30:989;IMP;리모트 시스템과 연결 실패 !(10061)
15:58:35:445;IMP;리모트 시스템과 연결 실패 !(10061)
15:58:39:914;IMP;리모트 시스템과 연결 실패 !(10061)
15:58:44:333;IMP;리모트 시스템과 연결 실패 !(10061)
15:58:48:836;IMP;리모트 시스템과 연결 실패 !(10061)
15:58:53:309;IMP;리모트 시스템과 연결 실패 !(10061)
15:58:57:989;IMP;리모트 시스템과 연결 실패 !(10061)
15:59:02:410;IMP;리모트 시스템과 연결 실패 !(10061)
15:59:06:870;IMP;리모트 시스템과 연결 실패 !(10061)
15:59:11:502;IMP;리모트 시스템과 연결 실패 !(10061)
15:59:15:878;IMP;리모트 시스템과 연결 실패 !(10061)
15:59:20:501;IMP;리모트 시스템과 연결 실패 !(10061)
15:59:25:297;IMP;리모트 시스템과 연결 실패 !(10061)
15:59:29:935;IMP;리모트 시스템과 연결 실패 !(10061)
15:59:34:646;IMP;리모트 시스템과 연결 실패 !(10061)
15:59:39:180;IMP;리모트 시스템과 연결 실패 !(10061)
15:59:43:669;IMP;리모트 시스템과 연결 실패 !(10061)
15:59:48:435;IMP;리모트 시스템과 연결 실패 !(10061)
15:59:52:965;IMP;리모트 시스템과 연결 실패 !(10061)
15:59:57:495;IMP;리모트 시스템과 연결 실패 !(10061)
16:00:02:164;IMP;리모트 시스템과 연결 실패 !(10061)
16:00:06:707;IMP;리모트 시스템과 연결 실패 !(10061)
16:00:11:291;IMP;리모트 시스템과 연결 실패 !(10061)
16:00:15:805;IMP;리모트 시스템과 연결 실패 !(10061)
16:00:20:301;IMP;리모트 시스템과 연결 실패 !(10061)
16:00:24:816;IMP;리모트 시스템과 연결 실패 !(10061)
16:00:29:388;IMP;리모트 시스템과 연결 실패 !(10061)
16:00:33:846;IMP;리모트 시스템과 연결 실패 !(10061)
16:00:38:492;IMP;리모트 시스템과 연결 실패 !(10061)
16:00:43:345;IMP;리모트 시스템과 연결 실패 !(10061)
16:00:47:762;IMP;리모트 시스템과 연결 실패 !(10061)
16:00:52:277;IMP;리모트 시스템과 연결 실패 !(10061)
16:00:56:793;IMP;리모트 시스템과 연결 실패 !(10061)
16:01:01:352;IMP;리모트 시스템과 연결 실패 !(10061)
16:01:05:804;IMP;리모트 시스템과 연결 실패 !(10061)
16:01:10:367;IMP;리모트 시스템과 연결 실패 !(10061)
16:01:14:727;IMP;리모트 시스템과 연결 실패 !(10061)
16:01:19:165;IMP;리모트 시스템과 연결 실패 !(10061)
16:01:23:559;IMP;리모트 시스템과 연결 실패 !(10061)
16:01:28:092;IMP;리모트 시스템과 연결 실패 !(10061)
16:01:32:685;IMP;리모트 시스템과 연결 실패 !(10061)
16:01:37:428;IMP;리모트 시스템과 연결 실패 !(10061)
16:01:42:210;IMP;리모트 시스템과 연결 실패 !(10061)
16:01:46:835;IMP;리모트 시스템과 연결 실패 !(10061)
16:01:51:351;IMP;리모트 시스템과 연결 실패 !(10061)
16:01:56:086;IMP;리모트 시스템과 연결 실패 !(10061)
16:02:00:596;IMP;리모트 시스템과 연결 실패 !(10061)
16:02:05:231;IMP;리모트 시스템과 연결 실패 !(10061)
16:02:09:989;IMP;리모트 시스템과 연결 실패 !(10061)
16:02:14:581;IMP;리모트 시스템과 연결 실패 !(10061)
16:02:19:479;IMP;리모트 시스템과 연결 실패 !(10061)
16:02:24:266;IMP;리모트 시스템과 연결 실패 !(10061)
16:02:28:984;IMP;리모트 시스템과 연결 실패 !(10061)
16:02:33:720;IMP;리모트 시스템과 연결 실패 !(10061)
16:02:38:120;IMP;리모트 시스템과 연결 실패 !(10061)
16:02:42:534;IMP;리모트 시스템과 연결 실패 !(10061)
16:02:47:126;IMP;리모트 시스템과 연결 실패 !(10061)
16:02:51:448;IMP;리모트 시스템과 연결 실패 !(10061)
16:02:56:099;IMP;리모트 시스템과 연결 실패 !(10061)
16:03:00:451;IMP;리모트 시스템과 연결 실패 !(10061)
16:03:04:828;IMP;리모트 시스템과 연결 실패 !(10061)
16:03:09:150;IMP;리모트 시스템과 연결 실패 !(10061)
16:03:13:456;IMP;리모트 시스템과 연결 실패 !(10061)
16:03:17:876;IMP;리모트 시스템과 연결 실패 !(10061)
16:03:22:458;IMP;리모트 시스템과 연결 실패 !(10061)
16:03:26:764;IMP;리모트 시스템과 연결 실패 !(10061)
16:03:31:347;IMP;리모트 시스템과 연결 실패 !(10061)
16:03:35:780;IMP;리모트 시스템과 연결 실패 !(10061)
16:03:40:255;IMP;리모트 시스템과 연결 실패 !(10061)
16:03:44:568;IMP;리모트 시스템과 연결 실패 !(10061)
16:03:48:946;IMP;리모트 시스템과 연결 실패 !(10061)
16:03:53:195;IMP;리모트 시스템과 연결 실패 !(10061)
16:03:57:496;IMP;리모트 시스템과 연결 실패 !(10061)
16:04:01:837;IMP;리모트 시스템과 연결 실패 !(10061)
16:04:06:095;IMP;리모트 시스템과 연결 실패 !(10061)
16:04:10:399;IMP;리모트 시스템과 연결 실패 !(10061)
16:04:14:670;IMP;리모트 시스템과 연결 실패 !(10061)
16:04:19:061;IMP;리모트 시스템과 연결 실패 !(10061)
16:04:23:345;IMP;리모트 시스템과 연결 실패 !(10061)
16:04:27:753;IMP;리모트 시스템과 연결 실패 !(10061)
16:04:32:082;IMP;리모트 시스템과 연결 실패 !(10061)
16:04:36:540;IMP;리모트 시스템과 연결 실패 !(10061)
16:04:40:817;IMP;리모트 시스템과 연결 실패 !(10061)
16:04:45:061;IMP;리모트 시스템과 연결 실패 !(10061)
16:04:49:412;IMP;리모트 시스템과 연결 실패 !(10061)
16:04:53:683;IMP;리모트 시스템과 연결 실패 !(10061)
16:04:57:967;IMP;리모트 시스템과 연결 실패 !(10061)
16:05:02:217;IMP;리모트 시스템과 연결 실패 !(10061)
16:05:06:474;IMP;리모트 시스템과 연결 실패 !(10061)
16:05:10:781;IMP;리모트 시스템과 연결 실패 !(10061)
16:05:15:122;IMP;리모트 시스템과 연결 실패 !(10061)
16:05:19:411;IMP;리모트 시스템과 연결 실패 !(10061)
16:05:23:701;IMP;리모트 시스템과 연결 실패 !(10061)
16:05:27:980;IMP;리모트 시스템과 연결 실패 !(10061)
16:05:32:257;IMP;리모트 시스템과 연결 실패 !(10061)
16:05:36:618;IMP;리모트 시스템과 연결 실패 !(10061)
16:05:40:896;IMP;리모트 시스템과 연결 실패 !(10061)
16:05:45:108;IMP;리모트 시스템과 연결 실패 !(10061)
16:05:49:377;IMP;리모트 시스템과 연결 실패 !(10061)
16:05:53:608;IMP;리모트 시스템과 연결 실패 !(10061)
16:05:57:901;IMP;리모트 시스템과 연결 실패 !(10061)
16:06:02:152;IMP;리모트 시스템과 연결 실패 !(10061)
16:06:06:359;IMP;리모트 시스템과 연결 실패 !(10061)
16:06:10:605;IMP;리모트 시스템과 연결 실패 !(10061)
16:06:14:871;IMP;리모트 시스템과 연결 실패 !(10061)
16:06:19:039;IMP;리모트 시스템과 연결 실패 !(10061)
16:06:23:273;IMP;리모트 시스템과 연결 실패 !(10061)
16:06:27:474;IMP;리모트 시스템과 연결 실패 !(10061)
16:06:31:780;IMP;리모트 시스템과 연결 실패 !(10061)
16:06:36:064;IMP;리모트 시스템과 연결 실패 !(10061)
16:06:40:300;IMP;리모트 시스템과 연결 실패 !(10061)
16:06:44:561;IMP;리모트 시스템과 연결 실패 !(10061)
16:06:48:863;IMP;리모트 시스템과 연결 실패 !(10061)
16:06:53:102;IMP;리모트 시스템과 연결 실패 !(10061)
16:06:57:625;IMP;리모트 시스템과 연결 실패 !(10061)
16:07:01:874;IMP;리모트 시스템과 연결 실패 !(10061)
16:07:06:100;IMP;리모트 시스템과 연결 실패 !(10061)
16:07:10:325;IMP;리모트 시스템과 연결 실패 !(10061)
16:07:14:685;IMP;리모트 시스템과 연결 실패 !(10061)
16:07:18:969;IMP;리모트 시스템과 연결 실패 !(10061)
16:07:23:330;IMP;리모트 시스템과 연결 실패 !(10061)
16:07:27:821;IMP;리모트 시스템과 연결 실패 !(10061)
16:07:32:233;IMP;리모트 시스템과 연결 실패 !(10061)
16:07:36:484;IMP;리모트 시스템과 연결 실패 !(10061)
16:07:40:713;IMP;리모트 시스템과 연결 실패 !(10061)
16:07:44:936;IMP;리모트 시스템과 연결 실패 !(10061)
16:07:49:229;IMP;리모트 시스템과 연결 실패 !(10061)
16:07:53:514;IMP;리모트 시스템과 연결 실패 !(10061)
16:07:57:730;IMP;리모트 시스템과 연결 실패 !(10061)
16:08:01:987;IMP;리모트 시스템과 연결 실패 !(10061)
16:08:06:293;IMP;리모트 시스템과 연결 실패 !(10061)
16:08:10:587;IMP;리모트 시스템과 연결 실패 !(10061)
16:08:14:883;IMP;리모트 시스템과 연결 실패 !(10061)
16:08:19:135;IMP;리모트 시스템과 연결 실패 !(10061)
16:08:23:406;IMP;리모트 시스템과 연결 실패 !(10061)
16:08:27:703;IMP;리모트 시스템과 연결 실패 !(10061)
16:08:31:985;IMP;리모트 시스템과 연결 실패 !(10061)
16:08:36:219;IMP;리모트 시스템과 연결 실패 !(10061)
16:08:40:494;IMP;리모트 시스템과 연결 실패 !(10061)
16:08:44:820;IMP;리모트 시스템과 연결 실패 !(10061)
16:08:49:097;IMP;리모트 시스템과 연결 실패 !(10061)
16:08:53:386;IMP;리모트 시스템과 연결 실패 !(10061)
16:08:57:623;IMP;리모트 시스템과 연결 실패 !(10061)
16:09:01:946;IMP;리모트 시스템과 연결 실패 !(10061)
16:09:06:211;IMP;리모트 시스템과 연결 실패 !(10061)
16:09:10:417;IMP;리모트 시스템과 연결 실패 !(10061)
16:09:14:630;IMP;리모트 시스템과 연결 실패 !(10061)
16:09:18:814;IMP;리모트 시스템과 연결 실패 !(10061)
16:09:23:081;IMP;리모트 시스템과 연결 실패 !(10061)
16:09:27:368;IMP;리모트 시스템과 연결 실패 !(10061)
16:09:31:559;IMP;리모트 시스템과 연결 실패 !(10061)
16:09:35:811;IMP;리모트 시스템과 연결 실패 !(10061)
16:09:40:080;IMP;리모트 시스템과 연결 실패 !(10061)
16:09:44:290;IMP;리모트 시스템과 연결 실패 !(10061)
16:09:48:846;IMP;리모트 시스템과 연결 실패 !(10061)
16:09:53:142;IMP;리모트 시스템과 연결 실패 !(10061)
16:09:57:454;IMP;리모트 시스템과 연결 실패 !(10061)
16:10:01:796;IMP;리모트 시스템과 연결 실패 !(10061)
16:10:06:037;IMP;리모트 시스템과 연결 실패 !(10061)
16:10:10:307;IMP;리모트 시스템과 연결 실패 !(10061)
16:10:14:524;IMP;리모트 시스템과 연결 실패 !(10061)
16:10:18:793;IMP;리모트 시스템과 연결 실패 !(10061)
16:10:23:015;IMP;리모트 시스템과 연결 실패 !(10061)
16:10:27:279;IMP;리모트 시스템과 연결 실패 !(10061)
16:10:31:505;IMP;리모트 시스템과 연결 실패 !(10061)
16:10:35:749;IMP;리모트 시스템과 연결 실패 !(10061)
16:10:40:017;IMP;리모트 시스템과 연결 실패 !(10061)
16:10:44:283;IMP;리모트 시스템과 연결 실패 !(10061)
16:10:48:510;IMP;리모트 시스템과 연결 실패 !(10061)
16:10:52:736;IMP;리모트 시스템과 연결 실패 !(10061)
16:10:56:986;IMP;리모트 시스템과 연결 실패 !(10061)
16:11:01:526;IMP;리모트 시스템과 연결 실패 !(10061)
16:11:05:787;IMP;리모트 시스템과 연결 실패 !(10061)
16:11:10:021;IMP;리모트 시스템과 연결 실패 !(10061)
16:11:14:337;IMP;리모트 시스템과 연결 실패 !(10061)
16:11:18:629;IMP;리모트 시스템과 연결 실패 !(10061)
16:11:22:917;IMP;리모트 시스템과 연결 실패 !(10061)
16:11:27:180;IMP;리모트 시스템과 연결 실패 !(10061)
16:11:31:453;IMP;리모트 시스템과 연결 실패 !(10061)
16:11:35:701;IMP;리모트 시스템과 연결 실패 !(10061)
16:11:39:940;IMP;리모트 시스템과 연결 실패 !(10061)
16:11:44:198;IMP;리모트 시스템과 연결 실패 !(10061)
16:11:48:492;IMP;리모트 시스템과 연결 실패 !(10061)
16:11:52:720;IMP;리모트 시스템과 연결 실패 !(10061)
16:11:56:938;IMP;리모트 시스템과 연결 실패 !(10061)
16:12:01:208;IMP;리모트 시스템과 연결 실패 !(10061)
16:12:05:492;IMP;리모트 시스템과 연결 실패 !(10061)
16:12:09:735;IMP;리모트 시스템과 연결 실패 !(10061)
16:12:14:029;IMP;리모트 시스템과 연결 실패 !(10061)
16:12:18:291;IMP;리모트 시스템과 연결 실패 !(10061)
16:12:22:527;IMP;리모트 시스템과 연결 실패 !(10061)
16:12:26:748;IMP;리모트 시스템과 연결 실패 !(10061)
16:12:30:989;IMP;리모트 시스템과 연결 실패 !(10061)
16:12:35:288;IMP;리모트 시스템과 연결 실패 !(10061)
16:12:39:595;IMP;리모트 시스템과 연결 실패 !(10061)
16:12:43:835;IMP;리모트 시스템과 연결 실패 !(10061)
16:12:48:088;IMP;리모트 시스템과 연결 실패 !(10061)
16:12:52:333;IMP;리모트 시스템과 연결 실패 !(10061)
16:12:56:620;IMP;리모트 시스템과 연결 실패 !(10061)
16:13:00:882;IMP;리모트 시스템과 연결 실패 !(10061)
16:13:05:127;IMP;리모트 시스템과 연결 실패 !(10061)
16:13:09:387;IMP;리모트 시스템과 연결 실패 !(10061)
16:13:13:619;IMP;리모트 시스템과 연결 실패 !(10061)
16:13:17:838;IMP;리모트 시스템과 연결 실패 !(10061)
16:13:22:068;IMP;리모트 시스템과 연결 실패 !(10061)
16:13:27:006;IMP;리모트 시스템과 연결 실패 !(10061)
16:13:31:200;IMP;리모트 시스템과 연결 실패 !(10061)
16:13:35:423;IMP;리모트 시스템과 연결 실패 !(10061)
16:13:39:663;IMP;리모트 시스템과 연결 실패 !(10061)
16:13:43:902;IMP;리모트 시스템과 연결 실패 !(10061)
16:13:48:127;IMP;리모트 시스템과 연결 실패 !(10061)
16:13:52:408;IMP;리모트 시스템과 연결 실패 !(10061)
16:13:56:629;IMP;리모트 시스템과 연결 실패 !(10061)
16:14:00:925;IMP;리모트 시스템과 연결 실패 !(10061)
16:14:05:209;IMP;리모트 시스템과 연결 실패 !(10061)
16:14:09:452;IMP;리모트 시스템과 연결 실패 !(10061)
16:14:13:744;IMP;리모트 시스템과 연결 실패 !(10061)
16:14:18:010;IMP;리모트 시스템과 연결 실패 !(10061)
16:14:22:347;IMP;리모트 시스템과 연결 실패 !(10061)
16:14:26:705;IMP;리모트 시스템과 연결 실패 !(10061)
16:14:31:003;IMP;리모트 시스템과 연결 실패 !(10061)
16:14:35:315;IMP;리모트 시스템과 연결 실패 !(10061)
16:14:39:532;IMP;리모트 시스템과 연결 실패 !(10061)
16:14:43:807;IMP;리모트 시스템과 연결 실패 !(10061)
16:14:48:049;IMP;리모트 시스템과 연결 실패 !(10061)
16:14:52:405;IMP;리모트 시스템과 연결 실패 !(10061)
16:14:56:695;IMP;리모트 시스템과 연결 실패 !(10061)
16:15:00:946;IMP;리모트 시스템과 연결 실패 !(10061)
16:15:05:233;IMP;리모트 시스템과 연결 실패 !(10061)
16:15:09:516;IMP;리모트 시스템과 연결 실패 !(10061)
16:15:14:135;IMP;리모트 시스템과 연결 실패 !(10061)
16:15:18:472;IMP;리모트 시스템과 연결 실패 !(10061)
16:15:22:719;IMP;리모트 시스템과 연결 실패 !(10061)
16:15:27:025;IMP;리모트 시스템과 연결 실패 !(10061)
16:15:31:260;IMP;리모트 시스템과 연결 실패 !(10061)
16:15:35:526;IMP;리모트 시스템과 연결 실패 !(10061)
16:15:39:773;IMP;리모트 시스템과 연결 실패 !(10061)
16:15:44:267;IMP;리모트 시스템과 연결 실패 !(10061)
16:15:48:548;IMP;리모트 시스템과 연결 실패 !(10061)
16:15:52:807;IMP;리모트 시스템과 연결 실패 !(10061)
16:15:57:047;IMP;리모트 시스템과 연결 실패 !(10061)
16:16:01:332;IMP;리모트 시스템과 연결 실패 !(10061)
16:16:05:603;IMP;리모트 시스템과 연결 실패 !(10061)
16:16:09:867;IMP;리모트 시스템과 연결 실패 !(10061)
16:16:14:149;IMP;리모트 시스템과 연결 실패 !(10061)
16:16:18:413;IMP;리모트 시스템과 연결 실패 !(10061)
16:16:22:755;IMP;리모트 시스템과 연결 실패 !(10061)
16:16:26:964;IMP;리모트 시스템과 연결 실패 !(10061)
16:16:31:240;IMP;리모트 시스템과 연결 실패 !(10061)
16:16:35:548;IMP;리모트 시스템과 연결 실패 !(10061)
16:16:39:822;IMP;리모트 시스템과 연결 실패 !(10061)
16:16:44:060;IMP;리모트 시스템과 연결 실패 !(10061)
16:16:48:321;IMP;리모트 시스템과 연결 실패 !(10061)
16:16:52:551;IMP;리모트 시스템과 연결 실패 !(10061)
16:16:56:760;IMP;리모트 시스템과 연결 실패 !(10061)
16:17:01:004;IMP;리모트 시스템과 연결 실패 !(10061)
16:17:05:256;IMP;리모트 시스템과 연결 실패 !(10061)
16:17:09:503;IMP;리모트 시스템과 연결 실패 !(10061)
16:17:13:758;IMP;리모트 시스템과 연결 실패 !(10061)
16:17:18:018;IMP;리모트 시스템과 연결 실패 !(10061)
16:17:22:232;IMP;리모트 시스템과 연결 실패 !(10061)
16:17:26:552;IMP;리모트 시스템과 연결 실패 !(10061)
16:17:30:805;IMP;리모트 시스템과 연결 실패 !(10061)
16:17:35:040;IMP;리모트 시스템과 연결 실패 !(10061)
16:17:39:376;IMP;리모트 시스템과 연결 실패 !(10061)
16:17:43:602;IMP;리모트 시스템과 연결 실패 !(10061)
16:17:47:820;IMP;리모트 시스템과 연결 실패 !(10061)
16:17:52:126;IMP;리모트 시스템과 연결 실패 !(10061)
16:17:56:425;IMP;리모트 시스템과 연결 실패 !(10061)
16:18:00:644;IMP;리모트 시스템과 연결 실패 !(10061)
16:18:04:924;IMP;리모트 시스템과 연결 실패 !(10061)
16:18:09:208;IMP;리모트 시스템과 연결 실패 !(10061)
16:18:13:463;IMP;리모트 시스템과 연결 실패 !(10061)
16:18:17:722;IMP;리모트 시스템과 연결 실패 !(10061)
16:18:22:031;IMP;리모트 시스템과 연결 실패 !(10061)
16:18:26:350;IMP;리모트 시스템과 연결 실패 !(10061)
16:18:30:602;IMP;리모트 시스템과 연결 실패 !(10061)
16:18:34:847;IMP;리모트 시스템과 연결 실패 !(10061)
16:18:39:124;IMP;리모트 시스템과 연결 실패 !(10061)
16:18:43:385;IMP;리모트 시스템과 연결 실패 !(10061)
16:18:47:657;IMP;리모트 시스템과 연결 실패 !(10061)
16:18:51:906;IMP;리모트 시스템과 연결 실패 !(10061)
16:18:56:108;IMP;리모트 시스템과 연결 실패 !(10061)
16:19:00:357;IMP;리모트 시스템과 연결 실패 !(10061)
16:19:04:664;IMP;리모트 시스템과 연결 실패 !(10061)
16:19:08:921;IMP;리모트 시스템과 연결 실패 !(10061)
16:19:13:147;IMP;리모트 시스템과 연결 실패 !(10061)
16:19:17:381;IMP;리모트 시스템과 연결 실패 !(10061)
16:19:21:620;IMP;리모트 시스템과 연결 실패 !(10061)
16:19:26:158;IMP;리모트 시스템과 연결 실패 !(10061)
16:19:30:428;IMP;리모트 시스템과 연결 실패 !(10061)
16:19:34:666;IMP;리모트 시스템과 연결 실패 !(10061)
16:19:38:904;IMP;리모트 시스템과 연결 실패 !(10061)
16:19:43:209;IMP;리모트 시스템과 연결 실패 !(10061)
16:19:47:468;IMP;리모트 시스템과 연결 실패 !(10061)
16:19:51:749;IMP;리모트 시스템과 연결 실패 !(10061)
16:19:55:988;IMP;리모트 시스템과 연결 실패 !(10061)
16:20:00:242;IMP;리모트 시스템과 연결 실패 !(10061)
16:20:04:456;IMP;리모트 시스템과 연결 실패 !(10061)
16:20:08:716;IMP;리모트 시스템과 연결 실패 !(10061)
16:20:13:043;IMP;리모트 시스템과 연결 실패 !(10061)
16:20:17:353;IMP;리모트 시스템과 연결 실패 !(10061)
16:20:21:632;IMP;리모트 시스템과 연결 실패 !(10061)
16:20:25:911;IMP;리모트 시스템과 연결 실패 !(10061)
16:20:30:158;IMP;리모트 시스템과 연결 실패 !(10061)
16:20:34:430;IMP;리모트 시스템과 연결 실패 !(10061)
16:20:38:668;IMP;리모트 시스템과 연결 실패 !(10061)
16:20:42:917;IMP;리모트 시스템과 연결 실패 !(10061)
16:20:47:132;IMP;리모트 시스템과 연결 실패 !(10061)
16:20:51:402;IMP;리모트 시스템과 연결 실패 !(10061)
16:20:55:667;IMP;리모트 시스템과 연결 실패 !(10061)
16:20:59:944;IMP;리모트 시스템과 연결 실패 !(10061)
16:21:04:225;IMP;리모트 시스템과 연결 실패 !(10061)
16:21:08:447;IMP;리모트 시스템과 연결 실패 !(10061)
16:21:12:651;IMP;리모트 시스템과 연결 실패 !(10061)
16:21:16:906;IMP;리모트 시스템과 연결 실패 !(10061)
16:21:21:205;IMP;리모트 시스템과 연결 실패 !(10061)
16:21:25:444;IMP;리모트 시스템과 연결 실패 !(10061)
16:21:29:723;IMP;리모트 시스템과 연결 실패 !(10061)
16:21:33:965;IMP;리모트 시스템과 연결 실패 !(10061)
16:21:38:214;IMP;리모트 시스템과 연결 실패 !(10061)
16:21:42:447;IMP;리모트 시스템과 연결 실패 !(10061)
16:21:46:745;IMP;리모트 시스템과 연결 실패 !(10061)
16:21:51:004;IMP;리모트 시스템과 연결 실패 !(10061)
16:21:55:308;IMP;리모트 시스템과 연결 실패 !(10061)
16:21:59:537;IMP;리모트 시스템과 연결 실패 !(10061)
16:22:03:842;IMP;리모트 시스템과 연결 실패 !(10061)
16:22:08:054;IMP;리모트 시스템과 연결 실패 !(10061)
16:22:12:308;IMP;리모트 시스템과 연결 실패 !(10061)
16:22:16:651;IMP;리모트 시스템과 연결 실패 !(10061)
16:22:20:919;IMP;리모트 시스템과 연결 실패 !(10061)
16:22:25:167;IMP;리모트 시스템과 연결 실패 !(10061)
16:22:29:418;IMP;리모트 시스템과 연결 실패 !(10061)
16:22:33:664;IMP;리모트 시스템과 연결 실패 !(10061)
16:22:37:914;IMP;리모트 시스템과 연결 실패 !(10061)
16:22:42:166;IMP;리모트 시스템과 연결 실패 !(10061)
16:22:46:434;IMP;리모트 시스템과 연결 실패 !(10061)
16:22:50:757;IMP;리모트 시스템과 연결 실패 !(10061)
16:22:54:965;IMP;리모트 시스템과 연결 실패 !(10061)
16:22:59:244;IMP;리모트 시스템과 연결 실패 !(10061)
16:23:03:510;IMP;리모트 시스템과 연결 실패 !(10061)
16:23:07:749;IMP;리모트 시스템과 연결 실패 !(10061)
16:23:12:005;IMP;리모트 시스템과 연결 실패 !(10061)
16:23:16:351;IMP;리모트 시스템과 연결 실패 !(10061)
16:23:20:564;IMP;리모트 시스템과 연결 실패 !(10061)
16:23:24:819;IMP;리모트 시스템과 연결 실패 !(10061)
16:23:29:049;IMP;리모트 시스템과 연결 실패 !(10061)
16:23:33:293;IMP;리모트 시스템과 연결 실패 !(10061)
16:23:37:552;IMP;리모트 시스템과 연결 실패 !(10061)
16:23:41:741;IMP;리모트 시스템과 연결 실패 !(10061)
16:23:45:930;IMP;리모트 시스템과 연결 실패 !(10061)
16:23:50:132;IMP;리모트 시스템과 연결 실패 !(10061)
16:23:54:337;IMP;리모트 시스템과 연결 실패 !(10061)
16:23:58:672;IMP;리모트 시스템과 연결 실패 !(10061)
16:24:02:916;IMP;리모트 시스템과 연결 실패 !(10061)
16:24:07:119;IMP;리모트 시스템과 연결 실패 !(10061)
16:24:11:332;IMP;리모트 시스템과 연결 실패 !(10061)
16:24:15:641;IMP;리모트 시스템과 연결 실패 !(10061)
16:24:19:886;IMP;리모트 시스템과 연결 실패 !(10061)
16:24:24:139;IMP;리모트 시스템과 연결 실패 !(10061)
16:24:28:351;IMP;리모트 시스템과 연결 실패 !(10061)
16:24:32:596;IMP;리모트 시스템과 연결 실패 !(10061)
16:24:36:832;IMP;리모트 시스템과 연결 실패 !(10061)
16:24:41:401;IMP;리모트 시스템과 연결 실패 !(10061)
16:24:45:641;IMP;리모트 시스템과 연결 실패 !(10061)
16:24:49:902;IMP;리모트 시스템과 연결 실패 !(10061)
16:24:54:137;IMP;리모트 시스템과 연결 실패 !(10061)
16:24:58:361;IMP;리모트 시스템과 연결 실패 !(10061)
16:25:02:712;IMP;리모트 시스템과 연결 실패 !(10061)
16:25:06:996;IMP;리모트 시스템과 연결 실패 !(10061)
16:25:11:249;IMP;리모트 시스템과 연결 실패 !(10061)
16:25:15:512;IMP;리모트 시스템과 연결 실패 !(10061)
16:25:19:736;IMP;리모트 시스템과 연결 실패 !(10061)
16:25:24:013;IMP;리모트 시스템과 연결 실패 !(10061)
16:25:28:320;IMP;리모트 시스템과 연결 실패 !(10061)
16:25:32:598;IMP;리모트 시스템과 연결 실패 !(10061)
16:25:36:863;IMP;리모트 시스템과 연결 실패 !(10061)
16:25:41:108;IMP;리모트 시스템과 연결 실패 !(10061)
16:25:45:328;IMP;리모트 시스템과 연결 실패 !(10061)
16:25:49:624;IMP;리모트 시스템과 연결 실패 !(10061)
16:25:53:850;IMP;리모트 시스템과 연결 실패 !(10061)
16:25:58:126;IMP;리모트 시스템과 연결 실패 !(10061)
16:26:02:405;IMP;리모트 시스템과 연결 실패 !(10061)
16:26:06:642;IMP;리모트 시스템과 연결 실패 !(10061)
16:26:10:894;IMP;리모트 시스템과 연결 실패 !(10061)
16:26:15:134;IMP;리모트 시스템과 연결 실패 !(10061)
16:26:19:410;IMP;리모트 시스템과 연결 실패 !(10061)
16:26:23:788;IMP;리모트 시스템과 연결 실패 !(10061)
16:26:28:065;IMP;리모트 시스템과 연결 실패 !(10061)
16:26:32:335;IMP;리모트 시스템과 연결 실패 !(10061)
16:26:36:550;IMP;리모트 시스템과 연결 실패 !(10061)
16:26:40:803;IMP;리모트 시스템과 연결 실패 !(10061)
16:26:45:040;IMP;리모트 시스템과 연결 실패 !(10061)
16:26:49:349;IMP;리모트 시스템과 연결 실패 !(10061)
16:26:53:636;IMP;리모트 시스템과 연결 실패 !(10061)
16:26:57:945;IMP;리모트 시스템과 연결 실패 !(10061)
16:27:02:219;IMP;리모트 시스템과 연결 실패 !(10061)
16:27:06:632;IMP;리모트 시스템과 연결 실패 !(10061)
16:27:11:242;IMP;리모트 시스템과 연결 실패 !(10061)
16:27:15:533;IMP;리모트 시스템과 연결 실패 !(10061)
16:27:19:759;IMP;리모트 시스템과 연결 실패 !(10061)
16:27:24:065;IMP;리모트 시스템과 연결 실패 !(10061)
16:27:28:409;IMP;리모트 시스템과 연결 실패 !(10061)
16:27:32:633;IMP;리모트 시스템과 연결 실패 !(10061)
16:27:36:866;IMP;리모트 시스템과 연결 실패 !(10061)
16:27:41:125;IMP;리모트 시스템과 연결 실패 !(10061)
16:27:45:345;IMP;리모트 시스템과 연결 실패 !(10061)
16:27:49:656;IMP;리모트 시스템과 연결 실패 !(10061)
16:27:53:916;IMP;리모트 시스템과 연결 실패 !(10061)
16:27:58:142;IMP;리모트 시스템과 연결 실패 !(10061)
16:28:02:438;IMP;리모트 시스템과 연결 실패 !(10061)
16:28:06:723;IMP;리모트 시스템과 연결 실패 !(10061)
16:28:10:958;IMP;리모트 시스템과 연결 실패 !(10061)
16:28:15:232;IMP;리모트 시스템과 연결 실패 !(10061)
16:28:19:509;IMP;리모트 시스템과 연결 실패 !(10061)
16:28:23:828;IMP;리모트 시스템과 연결 실패 !(10061)
16:28:28:114;IMP;리모트 시스템과 연결 실패 !(10061)
16:28:32:376;IMP;리모트 시스템과 연결 실패 !(10061)
16:28:36:619;IMP;리모트 시스템과 연결 실패 !(10061)
16:28:40:873;IMP;리모트 시스템과 연결 실패 !(10061)
16:28:45:104;IMP;리모트 시스템과 연결 실패 !(10061)
16:28:49:411;IMP;리모트 시스템과 연결 실패 !(10061)
16:28:53:664;IMP;리모트 시스템과 연결 실패 !(10061)
16:28:57:965;IMP;리모트 시스템과 연결 실패 !(10061)
16:29:02:354;IMP;리모트 시스템과 연결 실패 !(10061)
16:29:06:743;IMP;리모트 시스템과 연결 실패 !(10061)
16:29:10:976;IMP;리모트 시스템과 연결 실패 !(10061)
16:29:15:233;IMP;리모트 시스템과 연결 실패 !(10061)
16:29:19:543;IMP;리모트 시스템과 연결 실패 !(10061)
16:29:23:871;IMP;리모트 시스템과 연결 실패 !(10061)
16:29:28:165;IMP;리모트 시스템과 연결 실패 !(10061)
16:29:32:382;IMP;리모트 시스템과 연결 실패 !(10061)
16:29:36:727;IMP;리모트 시스템과 연결 실패 !(10061)
16:29:40:963;IMP;리모트 시스템과 연결 실패 !(10061)
16:29:45:215;IMP;리모트 시스템과 연결 실패 !(10061)
16:29:49:487;IMP;리모트 시스템과 연결 실패 !(10061)
16:29:53:718;IMP;리모트 시스템과 연결 실패 !(10061)
16:29:57:954;IMP;리모트 시스템과 연결 실패 !(10061)
16:30:02:179;IMP;리모트 시스템과 연결 실패 !(10061)
16:30:06:389;IMP;리모트 시스템과 연결 실패 !(10061)
16:30:10:616;IMP;리모트 시스템과 연결 실패 !(10061)
16:30:14:829;IMP;리모트 시스템과 연결 실패 !(10061)
16:30:19:114;IMP;리모트 시스템과 연결 실패 !(10061)
16:30:23:367;IMP;리모트 시스템과 연결 실패 !(10061)
16:30:27:595;IMP;리모트 시스템과 연결 실패 !(10061)
16:30:31:853;IMP;리모트 시스템과 연결 실패 !(10061)
16:30:36:132;IMP;리모트 시스템과 연결 실패 !(10061)
16:30:40:761;IMP;리모트 시스템과 연결 실패 !(10061)
16:30:44:979;IMP;리모트 시스템과 연결 실패 !(10061)
16:30:49:256;IMP;리모트 시스템과 연결 실패 !(10061)
16:30:53:558;IMP;리모트 시스템과 연결 실패 !(10061)
16:30:57:762;IMP;리모트 시스템과 연결 실패 !(10061)
16:31:02:041;IMP;리모트 시스템과 연결 실패 !(10061)
16:31:06:201;IMP;리모트 시스템과 연결 실패 !(10061)
16:31:10:418;IMP;리모트 시스템과 연결 실패 !(10061)
16:31:14:673;IMP;리모트 시스템과 연결 실패 !(10061)
16:31:18:927;IMP;리모트 시스템과 연결 실패 !(10061)
16:31:23:176;IMP;리모트 시스템과 연결 실패 !(10061)
16:31:27:479;IMP;리모트 시스템과 연결 실패 !(10061)
16:31:31:717;IMP;리모트 시스템과 연결 실패 !(10061)
16:31:35:956;IMP;리모트 시스템과 연결 실패 !(10061)
16:31:40:212;IMP;리모트 시스템과 연결 실패 !(10061)
16:31:44:430;IMP;리모트 시스템과 연결 실패 !(10061)
16:31:48:653;IMP;리모트 시스템과 연결 실패 !(10061)
16:31:52:921;IMP;리모트 시스템과 연결 실패 !(10061)
16:31:57:163;IMP;리모트 시스템과 연결 실패 !(10061)
16:32:01:459;IMP;리모트 시스템과 연결 실패 !(10061)
16:32:05:710;IMP;리모트 시스템과 연결 실패 !(10061)
16:32:09:953;IMP;리모트 시스템과 연결 실패 !(10061)
16:32:14:220;IMP;리모트 시스템과 연결 실패 !(10061)
16:32:18:428;IMP;리모트 시스템과 연결 실패 !(10061)
16:32:22:715;IMP;리모트 시스템과 연결 실패 !(10061)
16:32:26:949;IMP;리모트 시스템과 연결 실패 !(10061)
16:32:31:231;IMP;리모트 시스템과 연결 실패 !(10061)
16:32:35:455;IMP;리모트 시스템과 연결 실패 !(10061)
16:32:39:804;IMP;리모트 시스템과 연결 실패 !(10061)
16:32:44:023;IMP;리모트 시스템과 연결 실패 !(10061)
16:32:48:252;IMP;리모트 시스템과 연결 실패 !(10061)
16:32:52:511;IMP;리모트 시스템과 연결 실패 !(10061)
16:32:56:809;IMP;리모트 시스템과 연결 실패 !(10061)
16:33:01:063;IMP;리모트 시스템과 연결 실패 !(10061)
16:33:05:279;IMP;리모트 시스템과 연결 실패 !(10061)
16:33:09:543;IMP;리모트 시스템과 연결 실패 !(10061)
16:33:13:849;IMP;리모트 시스템과 연결 실패 !(10061)
16:33:18:064;IMP;리모트 시스템과 연결 실패 !(10061)
16:33:22:326;IMP;리모트 시스템과 연결 실패 !(10061)
16:33:26:589;IMP;리모트 시스템과 연결 실패 !(10061)
16:33:30:911;IMP;리모트 시스템과 연결 실패 !(10061)
16:33:35:168;IMP;리모트 시스템과 연결 실패 !(10061)
16:33:39:453;IMP;리모트 시스템과 연결 실패 !(10061)
16:33:43:716;IMP;리모트 시스템과 연결 실패 !(10061)
16:33:47:951;IMP;리모트 시스템과 연결 실패 !(10061)
16:33:52:211;IMP;리모트 시스템과 연결 실패 !(10061)
16:33:56:454;IMP;리모트 시스템과 연결 실패 !(10061)
16:34:00:692;IMP;리모트 시스템과 연결 실패 !(10061)
16:34:04:866;IMP;리모트 시스템과 연결 실패 !(10061)
16:34:09:116;IMP;리모트 시스템과 연결 실패 !(10061)
16:34:13:398;IMP;리모트 시스템과 연결 실패 !(10061)
16:34:17:677;IMP;리모트 시스템과 연결 실패 !(10061)
16:34:22:020;IMP;리모트 시스템과 연결 실패 !(10061)
16:34:26:266;IMP;리모트 시스템과 연결 실패 !(10061)
16:34:30:543;IMP;리모트 시스템과 연결 실패 !(10061)
16:34:34:869;IMP;리모트 시스템과 연결 실패 !(10061)
16:34:39:089;IMP;리모트 시스템과 연결 실패 !(10061)
16:34:43:517;IMP;리모트 시스템과 연결 실패 !(10061)
16:34:47:921;IMP;리모트 시스템과 연결 실패 !(10061)
16:34:52:357;IMP;리모트 시스템과 연결 실패 !(10061)
16:34:56:721;IMP;리모트 시스템과 연결 실패 !(10061)
16:35:01:113;IMP;리모트 시스템과 연결 실패 !(10061)
16:35:05:524;IMP;리모트 시스템과 연결 실패 !(10061)
16:35:09:847;IMP;리모트 시스템과 연결 실패 !(10061)
16:35:14:190;IMP;리모트 시스템과 연결 실패 !(10061)
16:35:18:486;IMP;리모트 시스템과 연결 실패 !(10061)
16:35:22:744;IMP;리모트 시스템과 연결 실패 !(10061)
16:35:27:040;IMP;리모트 시스템과 연결 실패 !(10061)
16:35:31:257;IMP;리모트 시스템과 연결 실패 !(10061)
16:35:35:480;IMP;리모트 시스템과 연결 실패 !(10061)
16:35:39:747;IMP;리모트 시스템과 연결 실패 !(10061)
16:35:43:974;IMP;리모트 시스템과 연결 실패 !(10061)
16:35:48:251;IMP;리모트 시스템과 연결 실패 !(10061)
16:35:52:546;IMP;리모트 시스템과 연결 실패 !(10061)
16:35:56:746;IMP;리모트 시스템과 연결 실패 !(10061)
16:36:00:995;IMP;리모트 시스템과 연결 실패 !(10061)
16:36:05:244;IMP;리모트 시스템과 연결 실패 !(10061)
16:36:09:485;IMP;리모트 시스템과 연결 실패 !(10061)
16:36:13:747;IMP;리모트 시스템과 연결 실패 !(10061)
16:36:17:989;IMP;리모트 시스템과 연결 실패 !(10061)
16:36:22:262;IMP;리모트 시스템과 연결 실패 !(10061)
16:36:26:516;IMP;리모트 시스템과 연결 실패 !(10061)
16:36:30:736;IMP;리모트 시스템과 연결 실패 !(10061)
16:36:34:943;IMP;리모트 시스템과 연결 실패 !(10061)
16:36:39:171;IMP;리모트 시스템과 연결 실패 !(10061)
16:36:43:475;IMP;리모트 시스템과 연결 실패 !(10061)
16:36:47:762;IMP;리모트 시스템과 연결 실패 !(10061)
16:36:52:041;IMP;리모트 시스템과 연결 실패 !(10061)
16:36:56:336;IMP;리모트 시스템과 연결 실패 !(10061)
16:37:00:636;IMP;리모트 시스템과 연결 실패 !(10061)
16:37:04:925;IMP;리모트 시스템과 연결 실패 !(10061)
16:37:09:163;IMP;리모트 시스템과 연결 실패 !(10061)
16:37:13:442;IMP;리모트 시스템과 연결 실패 !(10061)
16:37:18:302;IMP;리모트 시스템과 연결 실패 !(10061)
16:37:22:576;IMP;리모트 시스템과 연결 실패 !(10061)
16:37:26:851;IMP;리모트 시스템과 연결 실패 !(10061)
16:37:31:134;IMP;리모트 시스템과 연결 실패 !(10061)
16:37:35:453;IMP;리모트 시스템과 연결 실패 !(10061)
16:37:39:683;IMP;리모트 시스템과 연결 실패 !(10061)
16:37:43:899;IMP;리모트 시스템과 연결 실패 !(10061)
16:37:48:192;IMP;리모트 시스템과 연결 실패 !(10061)
16:37:52:423;IMP;리모트 시스템과 연결 실패 !(10061)
16:37:56:650;IMP;리모트 시스템과 연결 실패 !(10061)
16:38:00:896;IMP;리모트 시스템과 연결 실패 !(10061)
16:38:05:158;IMP;리모트 시스템과 연결 실패 !(10061)
16:38:09:465;IMP;리모트 시스템과 연결 실패 !(10061)
16:38:13:796;IMP;리모트 시스템과 연결 실패 !(10061)
16:38:18:045;IMP;리모트 시스템과 연결 실패 !(10061)
16:38:22:454;IMP;리모트 시스템과 연결 실패 !(10061)
16:38:26:688;IMP;리모트 시스템과 연결 실패 !(10061)
16:38:30:934;IMP;리모트 시스템과 연결 실패 !(10061)
16:38:35:138;IMP;리모트 시스템과 연결 실패 !(10061)
16:38:39:382;IMP;리모트 시스템과 연결 실패 !(10061)
16:38:43:748;IMP;리모트 시스템과 연결 실패 !(10061)
16:38:47:976;IMP;리모트 시스템과 연결 실패 !(10061)
16:38:52:252;IMP;리모트 시스템과 연결 실패 !(10061)
16:38:56:481;IMP;리모트 시스템과 연결 실패 !(10061)
16:39:00:758;IMP;리모트 시스템과 연결 실패 !(10061)
16:39:04:982;IMP;리모트 시스템과 연결 실패 !(10061)
16:39:09:245;IMP;리모트 시스템과 연결 실패 !(10061)
16:39:13:474;IMP;리모트 시스템과 연결 실패 !(10061)
16:39:17:902;IMP;리모트 시스템과 연결 실패 !(10061)
16:39:22:103;IMP;리모트 시스템과 연결 실패 !(10061)
16:39:26:334;IMP;리모트 시스템과 연결 실패 !(10061)
16:39:30:595;IMP;리모트 시스템과 연결 실패 !(10061)
16:39:34:877;IMP;리모트 시스템과 연결 실패 !(10061)
16:39:39:143;IMP;리모트 시스템과 연결 실패 !(10061)
16:39:43:361;IMP;리모트 시스템과 연결 실패 !(10061)
16:39:47:593;IMP;리모트 시스템과 연결 실패 !(10061)
16:39:51:863;IMP;리모트 시스템과 연결 실패 !(10061)
16:39:56:098;IMP;리모트 시스템과 연결 실패 !(10061)
16:40:00:343;IMP;리모트 시스템과 연결 실패 !(10061)
16:40:04:651;IMP;리모트 시스템과 연결 실패 !(10061)
16:40:08:874;IMP;리모트 시스템과 연결 실패 !(10061)
16:40:13:117;IMP;리모트 시스템과 연결 실패 !(10061)
16:40:17:478;IMP;리모트 시스템과 연결 실패 !(10061)
16:40:21:786;IMP;리모트 시스템과 연결 실패 !(10061)
16:40:26:064;IMP;리모트 시스템과 연결 실패 !(10061)
16:40:30:390;IMP;리모트 시스템과 연결 실패 !(10061)
16:40:34:594;IMP;리모트 시스템과 연결 실패 !(10061)
16:40:38:852;IMP;리모트 시스템과 연결 실패 !(10061)
16:40:43:084;IMP;리모트 시스템과 연결 실패 !(10061)
16:40:47:341;IMP;리모트 시스템과 연결 실패 !(10061)
16:40:51:568;IMP;리모트 시스템과 연결 실패 !(10061)
16:40:55:863;IMP;리모트 시스템과 연결 실패 !(10061)
16:41:00:159;IMP;리모트 시스템과 연결 실패 !(10061)
16:41:04:447;IMP;리모트 시스템과 연결 실패 !(10061)
16:41:08:711;IMP;리모트 시스템과 연결 실패 !(10061)
16:41:13:039;IMP;리모트 시스템과 연결 실패 !(10061)
16:41:17:278;IMP;리모트 시스템과 연결 실패 !(10061)
16:41:21:538;IMP;리모트 시스템과 연결 실패 !(10061)
16:41:25:781;IMP;리모트 시스템과 연결 실패 !(10061)
16:41:29:988;IMP;리모트 시스템과 연결 실패 !(10061)
16:41:34:284;IMP;리모트 시스템과 연결 실패 !(10061)
16:41:38:584;IMP;리모트 시스템과 연결 실패 !(10061)
16:41:42:846;IMP;리모트 시스템과 연결 실패 !(10061)
16:41:47:159;IMP;리모트 시스템과 연결 실패 !(10061)
16:41:51:397;IMP;리모트 시스템과 연결 실패 !(10061)
16:41:55:645;IMP;리모트 시스템과 연결 실패 !(10061)
16:41:59:960;IMP;리모트 시스템과 연결 실패 !(10061)
16:42:04:208;IMP;리모트 시스템과 연결 실패 !(10061)
16:42:08:481;IMP;리모트 시스템과 연결 실패 !(10061)
16:42:12:709;IMP;리모트 시스템과 연결 실패 !(10061)
16:42:16:944;IMP;리모트 시스템과 연결 실패 !(10061)
16:42:21:160;IMP;리모트 시스템과 연결 실패 !(10061)
16:42:25:373;IMP;리모트 시스템과 연결 실패 !(10061)
16:42:29:654;IMP;리모트 시스템과 연결 실패 !(10061)
16:42:33:872;IMP;리모트 시스템과 연결 실패 !(10061)
16:42:38:173;IMP;리모트 시스템과 연결 실패 !(10061)
16:42:42:428;IMP;리모트 시스템과 연결 실패 !(10061)
16:42:46:679;IMP;리모트 시스템과 연결 실패 !(10061)
16:42:50:951;IMP;리모트 시스템과 연결 실패 !(10061)
16:42:55:171;IMP;리모트 시스템과 연결 실패 !(10061)
16:42:59:393;IMP;리모트 시스템과 연결 실패 !(10061)
16:43:03:751;IMP;리모트 시스템과 연결 실패 !(10061)
16:43:08:043;IMP;리모트 시스템과 연결 실패 !(10061)
16:43:12:246;IMP;리모트 시스템과 연결 실패 !(10061)
16:43:16:475;IMP;리모트 시스템과 연결 실패 !(10061)
16:43:20:777;IMP;리모트 시스템과 연결 실패 !(10061)
16:43:25:078;IMP;리모트 시스템과 연결 실패 !(10061)
16:43:29:294;IMP;리모트 시스템과 연결 실패 !(10061)
16:43:33:541;IMP;리모트 시스템과 연결 실패 !(10061)
16:43:37:782;IMP;리모트 시스템과 연결 실패 !(10061)
16:43:41:988;IMP;리모트 시스템과 연결 실패 !(10061)
16:43:46:285;IMP;리모트 시스템과 연결 실패 !(10061)
16:43:50:588;IMP;리모트 시스템과 연결 실패 !(10061)
16:43:54:827;IMP;리모트 시스템과 연결 실패 !(10061)
16:43:59:090;IMP;리모트 시스템과 연결 실패 !(10061)
16:44:03:352;IMP;리모트 시스템과 연결 실패 !(10061)
16:44:07:578;IMP;리모트 시스템과 연결 실패 !(10061)
16:44:11:848;IMP;리모트 시스템과 연결 실패 !(10061)
16:44:16:078;IMP;리모트 시스템과 연결 실패 !(10061)
16:44:20:296;IMP;리모트 시스템과 연결 실패 !(10061)
16:44:24:571;IMP;리모트 시스템과 연결 실패 !(10061)
16:44:28:823;IMP;리모트 시스템과 연결 실패 !(10061)
16:44:33:106;IMP;리모트 시스템과 연결 실패 !(10061)
16:44:37:425;IMP;리모트 시스템과 연결 실패 !(10061)
16:44:41:693;IMP;리모트 시스템과 연결 실패 !(10061)
16:44:46:035;IMP;리모트 시스템과 연결 실패 !(10061)
16:44:50:333;IMP;리모트 시스템과 연결 실패 !(10061)
16:44:54:577;IMP;리모트 시스템과 연결 실패 !(10061)
16:44:58:902;IMP;리모트 시스템과 연결 실패 !(10061)
16:45:03:145;IMP;리모트 시스템과 연결 실패 !(10061)
16:45:07:450;IMP;리모트 시스템과 연결 실패 !(10061)
16:45:11:759;IMP;리모트 시스템과 연결 실패 !(10061)
16:45:16:037;IMP;리모트 시스템과 연결 실패 !(10061)
16:45:20:337;IMP;리모트 시스템과 연결 실패 !(10061)
16:45:24:593;IMP;리모트 시스템과 연결 실패 !(10061)
16:45:28:853;IMP;리모트 시스템과 연결 실패 !(10061)
16:45:33:087;IMP;리모트 시스템과 연결 실패 !(10061)
16:45:37:343;IMP;리모트 시스템과 연결 실패 !(10061)
16:45:41:578;IMP;리모트 시스템과 연결 실패 !(10061)
16:45:45:837;IMP;리모트 시스템과 연결 실패 !(10061)
16:45:50:087;IMP;리모트 시스템과 연결 실패 !(10061)
16:45:54:386;IMP;리모트 시스템과 연결 실패 !(10061)
16:45:58:659;IMP;리모트 시스템과 연결 실패 !(10061)
16:46:02:879;IMP;리모트 시스템과 연결 실패 !(10061)
16:46:07:132;IMP;리모트 시스템과 연결 실패 !(10061)
16:46:11:376;IMP;리모트 시스템과 연결 실패 !(10061)
16:46:15:591;IMP;리모트 시스템과 연결 실패 !(10061)
16:46:19:804;IMP;리모트 시스템과 연결 실패 !(10061)
16:46:24:034;IMP;리모트 시스템과 연결 실패 !(10061)
16:46:28:262;IMP;리모트 시스템과 연결 실패 !(10061)
16:46:32:543;IMP;리모트 시스템과 연결 실패 !(10061)
16:46:36:775;IMP;리모트 시스템과 연결 실패 !(10061)
16:46:41:027;IMP;리모트 시스템과 연결 실패 !(10061)
16:46:45:348;IMP;리모트 시스템과 연결 실패 !(10061)
16:46:49:574;IMP;리모트 시스템과 연결 실패 !(10061)
16:46:53:862;IMP;리모트 시스템과 연결 실패 !(10061)
16:46:58:140;IMP;리모트 시스템과 연결 실패 !(10061)
16:47:02:316;IMP;리모트 시스템과 연결 실패 !(10061)
16:47:06:581;IMP;리모트 시스템과 연결 실패 !(10061)
16:47:10:923;IMP;리모트 시스템과 연결 실패 !(10061)
16:47:15:227;IMP;리모트 시스템과 연결 실패 !(10061)
16:47:19:475;IMP;리모트 시스템과 연결 실패 !(10061)
16:47:23:834;IMP;리모트 시스템과 연결 실패 !(10061)
16:47:28:084;IMP;리모트 시스템과 연결 실패 !(10061)
16:47:32:441;IMP;리모트 시스템과 연결 실패 !(10061)
16:47:36:669;IMP;리모트 시스템과 연결 실패 !(10061)
16:47:40:890;IMP;리모트 시스템과 연결 실패 !(10061)
16:47:45:188;IMP;리모트 시스템과 연결 실패 !(10061)
16:47:49:424;IMP;리모트 시스템과 연결 실패 !(10061)
16:47:53:645;IMP;리모트 시스템과 연결 실패 !(10061)
16:47:57:975;IMP;리모트 시스템과 연결 실패 !(10061)
16:48:02:213;IMP;리모트 시스템과 연결 실패 !(10061)
16:48:06:478;IMP;리모트 시스템과 연결 실패 !(10061)
16:48:10:696;IMP;리모트 시스템과 연결 실패 !(10061)
16:48:14:942;IMP;리모트 시스템과 연결 실패 !(10061)
16:48:19:251;IMP;리모트 시스템과 연결 실패 !(10061)
16:48:23:480;IMP;리모트 시스템과 연결 실패 !(10061)
16:48:27:690;IMP;리모트 시스템과 연결 실패 !(10061)
16:48:31:972;IMP;리모트 시스템과 연결 실패 !(10061)
16:48:36:257;IMP;리모트 시스템과 연결 실패 !(10061)
16:48:40:486;IMP;리모트 시스템과 연결 실패 !(10061)
16:48:44:739;IMP;리모트 시스템과 연결 실패 !(10061)
16:48:48:943;IMP;리모트 시스템과 연결 실패 !(10061)
16:48:53:159;IMP;리모트 시스템과 연결 실패 !(10061)
16:48:57:417;IMP;리모트 시스템과 연결 실패 !(10061)
16:49:01:676;IMP;리모트 시스템과 연결 실패 !(10061)
16:49:05:921;IMP;리모트 시스템과 연결 실패 !(10061)
16:49:10:137;IMP;리모트 시스템과 연결 실패 !(10061)
16:49:14:360;IMP;리모트 시스템과 연결 실패 !(10061)
16:49:18:720;IMP;리모트 시스템과 연결 실패 !(10061)
16:49:22:938;IMP;리모트 시스템과 연결 실패 !(10061)
16:49:27:157;IMP;리모트 시스템과 연결 실패 !(10061)
16:49:31:382;IMP;리모트 시스템과 연결 실패 !(10061)
16:49:35:624;IMP;리모트 시스템과 연결 실패 !(10061)
16:49:39:873;IMP;리모트 시스템과 연결 실패 !(10061)
16:49:44:157;IMP;리모트 시스템과 연결 실패 !(10061)
16:49:48:369;IMP;리모트 시스템과 연결 실패 !(10061)
16:49:52:918;IMP;리모트 시스템과 연결 실패 !(10061)
16:49:57:131;IMP;리모트 시스템과 연결 실패 !(10061)
16:50:01:340;IMP;리모트 시스템과 연결 실패 !(10061)
16:50:05:603;IMP;리모트 시스템과 연결 실패 !(10061)
16:50:09:930;IMP;리모트 시스템과 연결 실패 !(10061)
16:50:14:159;IMP;리모트 시스템과 연결 실패 !(10061)
16:50:18:545;IMP;리모트 시스템과 연결 실패 !(10061)
16:50:22:775;IMP;리모트 시스템과 연결 실패 !(10061)
16:50:27:001;IMP;리모트 시스템과 연결 실패 !(10061)
16:50:31:271;IMP;리모트 시스템과 연결 실패 !(10061)
16:50:35:518;IMP;리모트 시스템과 연결 실패 !(10061)
16:50:39:779;IMP;리모트 시스템과 연결 실패 !(10061)
16:50:44:031;IMP;리모트 시스템과 연결 실패 !(10061)
16:50:48:238;IMP;리모트 시스템과 연결 실패 !(10061)
16:50:52:459;IMP;리모트 시스템과 연결 실패 !(10061)
16:50:56:727;IMP;리모트 시스템과 연결 실패 !(10061)
16:51:00:982;IMP;리모트 시스템과 연결 실패 !(10061)
16:51:05:437;IMP;리모트 시스템과 연결 실패 !(10061)
16:51:09:729;IMP;리모트 시스템과 연결 실패 !(10061)
16:51:14:126;IMP;리모트 시스템과 연결 실패 !(10061)
16:51:18:399;IMP;리모트 시스템과 연결 실패 !(10061)
16:51:22:591;IMP;리모트 시스템과 연결 실패 !(10061)
16:51:27:145;IMP;리모트 시스템과 연결 실패 !(10061)
16:51:31:381;IMP;리모트 시스템과 연결 실패 !(10061)
16:51:35:627;IMP;리모트 시스템과 연결 실패 !(10061)
16:51:39:870;IMP;리모트 시스템과 연결 실패 !(10061)
16:51:44:175;IMP;리모트 시스템과 연결 실패 !(10061)
16:51:48:429;IMP;리모트 시스템과 연결 실패 !(10061)
16:51:52:640;IMP;리모트 시스템과 연결 실패 !(10061)
16:51:56:893;IMP;리모트 시스템과 연결 실패 !(10061)
16:52:01:091;IMP;리모트 시스템과 연결 실패 !(10061)
16:52:05:325;IMP;리모트 시스템과 연결 실패 !(10061)
16:52:09:550;IMP;리모트 시스템과 연결 실패 !(10061)
16:52:13:764;IMP;리모트 시스템과 연결 실패 !(10061)
16:52:18:245;IMP;리모트 시스템과 연결 실패 !(10061)
16:52:22:494;IMP;리모트 시스템과 연결 실패 !(10061)
16:52:26:769;IMP;리모트 시스템과 연결 실패 !(10061)
16:52:31:051;IMP;리모트 시스템과 연결 실패 !(10061)
16:52:35:272;IMP;리모트 시스템과 연결 실패 !(10061)
16:52:39:578;IMP;리모트 시스템과 연결 실패 !(10061)
16:52:43:855;IMP;리모트 시스템과 연결 실패 !(10061)
16:52:48:064;IMP;리모트 시스템과 연결 실패 !(10061)
16:52:52:284;IMP;리모트 시스템과 연결 실패 !(10061)
16:52:56:504;IMP;리모트 시스템과 연결 실패 !(10061)
16:53:00:753;IMP;리모트 시스템과 연결 실패 !(10061)
16:53:04:973;IMP;리모트 시스템과 연결 실패 !(10061)
16:53:09:287;IMP;리모트 시스템과 연결 실패 !(10061)
16:53:13:488;IMP;리모트 시스템과 연결 실패 !(10061)
16:53:17:770;IMP;리모트 시스템과 연결 실패 !(10061)
16:53:22:011;IMP;리모트 시스템과 연결 실패 !(10061)
16:53:26:267;IMP;리모트 시스템과 연결 실패 !(10061)
16:53:30:579;IMP;리모트 시스템과 연결 실패 !(10061)
16:53:34:817;IMP;리모트 시스템과 연결 실패 !(10061)
16:53:39:062;IMP;리모트 시스템과 연결 실패 !(10061)
16:53:43:317;IMP;리모트 시스템과 연결 실패 !(10061)
16:53:47:654;IMP;리모트 시스템과 연결 실패 !(10061)
16:53:51:924;IMP;리모트 시스템과 연결 실패 !(10061)
16:53:56:166;IMP;리모트 시스템과 연결 실패 !(10061)
16:54:00:437;IMP;리모트 시스템과 연결 실패 !(10061)
16:54:04:677;IMP;리모트 시스템과 연결 실패 !(10061)
16:54:08:994;IMP;리모트 시스템과 연결 실패 !(10061)
16:54:13:237;IMP;리모트 시스템과 연결 실패 !(10061)
16:54:17:520;IMP;리모트 시스템과 연결 실패 !(10061)
16:54:21:749;IMP;리모트 시스템과 연결 실패 !(10061)
16:54:25:989;IMP;리모트 시스템과 연결 실패 !(10061)
16:54:30:311;IMP;리모트 시스템과 연결 실패 !(10061)
16:54:34:575;IMP;리모트 시스템과 연결 실패 !(10061)
16:54:38:820;IMP;리모트 시스템과 연결 실패 !(10061)
16:54:43:091;IMP;리모트 시스템과 연결 실패 !(10061)
16:54:47:340;IMP;리모트 시스템과 연결 실패 !(10061)
16:54:51:581;IMP;리모트 시스템과 연결 실패 !(10061)
16:54:55:852;IMP;리모트 시스템과 연결 실패 !(10061)
16:55:00:092;IMP;리모트 시스템과 연결 실패 !(10061)
16:55:04:390;IMP;리모트 시스템과 연결 실패 !(10061)
16:55:08:650;IMP;리모트 시스템과 연결 실패 !(10061)
16:55:12:887;IMP;리모트 시스템과 연결 실패 !(10061)
16:55:14:976;IMP;종료 중... 잠시 기다리세요.
16:55:15:005;IMP;통신 쓰레드를 종료합니다.
16:55:15:555;NOR;Write Log Thread 종료.
