17:41:47:648;IMP;DB 로그인 중...
17:41:47:713;IMP;DB 로그인 성공.
17:41:51:891;IMP;리모트 시스템과 연결 실패 !(10061)
17:41:56:975;IMP;리모트 시스템과 연결 실패 !(10061)
17:42:02:081;IMP;리모트 시스템과 연결 실패 !(10061)
17:42:07:199;IMP;리모트 시스템과 연결 실패 !(10061)
17:42:12:318;IMP;리모트 시스템과 연결 실패 !(10061)
17:42:17:463;IMP;리모트 시스템과 연결 실패 !(10061)
17:42:22:568;IMP;리모트 시스템과 연결 실패 !(10061)
17:42:27:683;IMP;리모트 시스템과 연결 실패 !(10061)
17:42:32:777;IMP;리모트 시스템과 연결 실패 !(10061)
17:42:37:913;IMP;리모트 시스템과 연결 실패 !(10061)
17:42:43:078;IMP;리모트 시스템과 연결 실패 !(10061)
17:42:48:201;IMP;리모트 시스템과 연결 실패 !(10061)
17:42:53:333;IMP;리모트 시스템과 연결 실패 !(10061)
17:42:58:459;IMP;리모트 시스템과 연결 실패 !(10061)
17:43:03:575;IMP;리모트 시스템과 연결 실패 !(10061)
17:43:08:681;IMP;리모트 시스템과 연결 실패 !(10061)
17:43:13:815;IMP;리모트 시스템과 연결 실패 !(10061)
17:43:18:938;IMP;리모트 시스템과 연결 실패 !(10061)
17:43:24:085;IMP;리모트 시스템과 연결 실패 !(10061)
17:43:29:213;IMP;리모트 시스템과 연결 실패 !(10061)
17:43:34:364;IMP;리모트 시스템과 연결 실패 !(10061)
17:43:39:519;IMP;리모트 시스템과 연결 실패 !(10061)
17:43:44:655;IMP;리모트 시스템과 연결 실패 !(10061)
17:43:49:817;IMP;리모트 시스템과 연결 실패 !(10061)
17:43:54:952;IMP;리모트 시스템과 연결 실패 !(10061)
17:44:00:100;IMP;리모트 시스템과 연결 실패 !(10061)
17:44:05:240;IMP;리모트 시스템과 연결 실패 !(10061)
17:44:10:369;IMP;리모트 시스템과 연결 실패 !(10061)
17:44:15:533;IMP;리모트 시스템과 연결 실패 !(10061)
17:44:20:692;IMP;리모트 시스템과 연결 실패 !(10061)
17:44:25:807;IMP;리모트 시스템과 연결 실패 !(10061)
17:44:30:960;IMP;리모트 시스템과 연결 실패 !(10061)
17:44:36:063;IMP;리모트 시스템과 연결 실패 !(10061)
17:44:41:222;IMP;리모트 시스템과 연결 실패 !(10061)
17:44:46:330;IMP;리모트 시스템과 연결 실패 !(10061)
17:44:51:459;IMP;리모트 시스템과 연결 실패 !(10061)
17:44:56:590;IMP;리모트 시스템과 연결 실패 !(10061)
17:45:01:733;IMP;리모트 시스템과 연결 실패 !(10061)
17:45:06:879;IMP;리모트 시스템과 연결 실패 !(10061)
17:45:12:009;IMP;리모트 시스템과 연결 실패 !(10061)
17:45:17:152;IMP;리모트 시스템과 연결 실패 !(10061)
17:45:22:324;IMP;리모트 시스템과 연결 실패 !(10061)
17:45:27:480;IMP;리모트 시스템과 연결 실패 !(10061)
17:45:32:608;IMP;리모트 시스템과 연결 실패 !(10061)
17:45:37:731;IMP;리모트 시스템과 연결 실패 !(10061)
17:45:42:846;IMP;리모트 시스템과 연결 실패 !(10061)
17:45:47:992;IMP;리모트 시스템과 연결 실패 !(10061)
17:45:53:090;IMP;리모트 시스템과 연결 실패 !(10061)
17:45:58:198;IMP;리모트 시스템과 연결 실패 !(10061)
17:46:03:422;IMP;리모트 시스템과 연결 실패 !(10061)
17:46:08:525;IMP;리모트 시스템과 연결 실패 !(10061)
17:46:13:609;IMP;리모트 시스템과 연결 실패 !(10061)
17:46:18:707;IMP;리모트 시스템과 연결 실패 !(10061)
17:46:23:808;IMP;리모트 시스템과 연결 실패 !(10061)
17:46:28:930;IMP;리모트 시스템과 연결 실패 !(10061)
17:46:31:276;IMP;종료 중... 잠시 기다리세요.
17:46:31:288;IMP;통신 쓰레드를 종료합니다.
17:46:31:985;NOR;Write Log Thread 종료.
