14:16:36:408;IMP;[GetJobCompleteReport] .. SIM MODE 작업 추가 되었습니다.[작업번호:9993]
14:42:28:985;NOR;Socket Listener 종료.
14:42:28:989;NOR;Write Log Thread 종료.
14:42:58:500;NOR;Socket Listener 종료.
14:42:58:503;NOR;Write Log Thread 종료.
14:51:09:734;IMP;[GetJobCompleteReport] .. SIM MODE 작업 추가 되었습니다.[작업번호:9991]
14:51:45:553;IMP;[GetJobCompleteReport] .. SIM MODE 작업 추가 되었습니다.[작업번호:9993]
15:18:53:912;IMP;[GetJobCompleteReport] .. SIM MODE 작업 추가 되었습니다.[작업번호:9993]
15:19:07:423;IMP;[GetJobCompleteReport] .. SIM MODE 작업 추가 되었습니다.[작업번호:9991]
15:24:25:195;IMP;[GetJobCompleteReport] .. SIM MODE 작업 추가 되었습니다.[작업번호:9993]
15:26:43:776;IMP;[GetJobCompleteReport] .. SIM MODE 작업 추가 되었습니다.[작업번호:9993]
15:29:01:764;IMP;[GetJobCompleteReport] .. SIM MODE 작업 추가 되었습니다.[작업번호:9993]
15:31:24:831;IMP;[GetJobCompleteReport] .. SIM MODE 작업 추가 되었습니다.[작업번호:9993]
15:33:48:991;IMP;[GetJobCompleteReport] .. SIM MODE 작업 추가 되었습니다.[작업번호:9993]
15:36:14:629;IMP;[GetJobCompleteReport] .. SIM MODE 작업 추가 되었습니다.[작업번호:9993]
15:38:46:415;IMP;[GetJobCompleteReport] .. SIM MODE 작업 추가 되었습니다.[작업번호:9993]
15:41:21:317;IMP;[GetJobCompleteReport] .. SIM MODE 작업 추가 되었습니다.[작업번호:9993]
15:43:51:860;IMP;[GetJobCompleteReport] .. SIM MODE 작업 추가 되었습니다.[작업번호:9993]
15:46:26:745;IMP;[GetJobCompleteReport] .. SIM MODE 작업 추가 되었습니다.[작업번호:9993]
15:48:10:782;IMP;[GetJobCompleteReport] .. SIM MODE 작업 추가 되었습니다.[작업번호:9991]
15:49:06:171;IMP;[GetJobCompleteReport] .. SIM MODE 작업 추가 되었습니다.[작업번호:9993]
15:51:44:947;IMP;[GetJobCompleteReport] .. SIM MODE 작업 추가 되었습니다.[작업번호:9993]
15:56:43:822;IMP;[GetJobCompleteReport] .. SIM MODE 작업 추가 되었습니다.[작업번호:9991]
15:57:33:337;IMP;[GetJobCompleteReport] .. SIM MODE 작업 추가 되었습니다.[작업번호:9993]
15:58:50:655;IMP;[GetJobCompleteReport] .. SIM MODE 작업 추가 되었습니다.[작업번호:9991]
16:00:14:060;IMP;[GetJobCompleteReport] .. SIM MODE 작업 추가 되었습니다.[작업번호:9993]
16:01:17:342;IMP;[GetJobCompleteReport] .. SIM MODE 작업 추가 되었습니다.[작업번호:9991]
16:03:41:618;IMP;[GetJobCompleteReport] .. SIM MODE 작업 추가 되었습니다.[작업번호:9991]
16:04:23:084;ERR;[GetJobCompleteReport] .. 도착 Location이 금지랙 입니다.[작업번호:9993][도착지:903][도착LOC:05-012-01]
16:05:06:382;NOR;Socket Listener 종료.
16:05:06:412;NOR;Write Log Thread 종료.
16:18:09:986;IMP;[GetJobCompleteReport] .. SIM MODE 작업 추가 되었습니다.[작업번호:9991]
16:18:47:365;IMP;[GetJobCompleteReport] .. SIM MODE 작업 추가 되었습니다.[작업번호:9993]
16:20:14:605;IMP;[GetJobCompleteReport] .. SIM MODE 작업 추가 되었습니다.[작업번호:9991]
16:22:49:617;IMP;[GetJobCompleteReport] .. SIM MODE 작업 추가 되었습니다.[작업번호:9993]
16:26:04:822;IMP;[GetJobCompleteReport] .. SIM MODE 작업 추가 되었습니다.[작업번호:9993]
16:26:19:506;IMP;[GetJobCompleteReport] .. SIM MODE 작업 추가 되었습니다.[작업번호:9991]
16:28:22:067;IMP;[GetJobCompleteReport] .. SIM MODE 작업 추가 되었습니다.[작업번호:9993]
16:28:59:495;IMP;[GetJobCompleteReport] .. SIM MODE 작업 추가 되었습니다.[작업번호:9991]
16:30:26:951;IMP;[GetJobCompleteReport] .. SIM MODE 작업 추가 되었습니다.[작업번호:9993]
16:31:18:145;IMP;[GetJobCompleteReport] .. SIM MODE 작업 추가 되었습니다.[작업번호:9991]
16:32:47:188;IMP;[GetJobCompleteReport] .. SIM MODE 작업 추가 되었습니다.[작업번호:9993]
16:33:20:591;IMP;[GetJobCompleteReport] .. SIM MODE 작업 추가 되었습니다.[작업번호:9991]
16:35:58:517;IMP;[GetJobCompleteReport] .. SIM MODE 작업 추가 되었습니다.[작업번호:9993]
16:36:07:974;IMP;[GetJobCompleteReport] .. SIM MODE 작업 추가 되었습니다.[작업번호:9991]
16:38:25:871;IMP;[GetJobCompleteReport] .. SIM MODE 작업 추가 되었습니다.[작업번호:9993]
16:38:52:913;IMP;[GetJobCompleteReport] .. SIM MODE 작업 추가 되었습니다.[작업번호:9991]
16:40:33:653;IMP;[GetJobCompleteReport] .. SIM MODE 작업 추가 되었습니다.[작업번호:9993]
16:41:16:077;IMP;[GetJobCompleteReport] .. SIM MODE 작업 추가 되었습니다.[작업번호:9991]
16:42:57:761;IMP;[GetJobCompleteReport] .. SIM MODE 작업 추가 되었습니다.[작업번호:9993]
16:43:49:051;IMP;[GetJobCompleteReport] .. SIM MODE 작업 추가 되었습니다.[작업번호:9991]
16:45:19:205;IMP;[GetJobCompleteReport] .. SIM MODE 작업 추가 되었습니다.[작업번호:9993]
16:46:20:483;IMP;[GetJobCompleteReport] .. SIM MODE 작업 추가 되었습니다.[작업번호:9991]
16:47:44:479;IMP;[GetJobCompleteReport] .. SIM MODE 작업 추가 되었습니다.[작업번호:9993]
16:48:50:269;IMP;[GetJobCompleteReport] .. SIM MODE 작업 추가 되었습니다.[작업번호:9991]
16:50:15:380;IMP;[GetJobCompleteReport] .. SIM MODE 작업 추가 되었습니다.[작업번호:9993]
16:51:19:778;IMP;[GetJobCompleteReport] .. SIM MODE 작업 추가 되었습니다.[작업번호:9991]
16:52:49:563;IMP;[GetJobCompleteReport] .. SIM MODE 작업 추가 되었습니다.[작업번호:9993]
16:53:55:340;IMP;[GetJobCompleteReport] .. SIM MODE 작업 추가 되었습니다.[작업번호:9991]
16:55:21:121;IMP;[GetJobCompleteReport] .. SIM MODE 작업 추가 되었습니다.[작업번호:9993]
16:56:33:368;IMP;[GetJobCompleteReport] .. SIM MODE 작업 추가 되었습니다.[작업번호:9991]
16:57:58:137;IMP;[GetJobCompleteReport] .. SIM MODE 작업 추가 되었습니다.[작업번호:9993]
16:59:09:203;IMP;[GetJobCompleteReport] .. SIM MODE 작업 추가 되었습니다.[작업번호:9991]
16:59:24:902;ERR;[GetJobCompleteReport] .. 도착 Location이 금지랙 입니다. 다음 로케이션을 검색하도록 준비합니다.[작업번호:9993][도착지:903][현재도착LOC:05-012-01]
17:01:46:721;IMP;[GetJobCompleteReport] .. SIM MODE 작업 추가 되었습니다.[작업번호:9991]
17:04:27:397;IMP;[GetJobCompleteReport] .. SIM MODE 작업 추가 되었습니다.[작업번호:9991]
17:07:09:359;IMP;[GetJobCompleteReport] .. SIM MODE 작업 추가 되었습니다.[작업번호:9991]
17:09:53:571;IMP;[GetJobCompleteReport] .. SIM MODE 작업 추가 되었습니다.[작업번호:9991]
17:12:40:913;IMP;[GetJobCompleteReport] .. SIM MODE 작업 추가 되었습니다.[작업번호:9991]
17:15:32:249;IMP;[GetJobCompleteReport] .. SIM MODE 작업 추가 되었습니다.[작업번호:9991]
17:18:23:071;IMP;[GetJobCompleteReport] .. SIM MODE 작업 추가 되었습니다.[작업번호:9991]
17:21:16:947;IMP;[GetJobCompleteReport] .. SIM MODE 작업 추가 되었습니다.[작업번호:9991]
17:24:13:567;IMP;[GetJobCompleteReport] .. SIM MODE 작업 추가 되었습니다.[작업번호:9991]
17:27:07:345;IMP;[GetJobCompleteReport] .. SIM MODE 작업 추가 되었습니다.[작업번호:9991]
17:30:07:508;IMP;[GetJobCompleteReport] .. SIM MODE 작업 추가 되었습니다.[작업번호:9991]
17:33:08:724;IMP;[GetJobCompleteReport] .. SIM MODE 작업 추가 되었습니다.[작업번호:9991]
17:36:10:901;IMP;[GetJobCompleteReport] .. SIM MODE 작업 추가 되었습니다.[작업번호:9991]
17:39:17:934;IMP;[GetJobCompleteReport] .. SIM MODE 작업 추가 되었습니다.[작업번호:9991]
17:42:23:068;IMP;[GetJobCompleteReport] .. SIM MODE 작업 추가 되었습니다.[작업번호:9991]
17:45:33:254;IMP;[GetJobCompleteReport] .. SIM MODE 작업 추가 되었습니다.[작업번호:9991]
17:48:44:002;IMP;[GetJobCompleteReport] .. SIM MODE 작업 추가 되었습니다.[작업번호:9991]
17:51:55:483;IMP;[GetJobCompleteReport] .. SIM MODE 작업 추가 되었습니다.[작업번호:9991]
17:55:09:510;IMP;[GetJobCompleteReport] .. SIM MODE 작업 추가 되었습니다.[작업번호:9991]
17:58:25:951;IMP;[GetJobCompleteReport] .. SIM MODE 작업 추가 되었습니다.[작업번호:9991]
18:01:44:693;IMP;[GetJobCompleteReport] .. SIM MODE 작업 추가 되었습니다.[작업번호:9991]
18:05:05:328;IMP;[GetJobCompleteReport] .. SIM MODE 작업 추가 되었습니다.[작업번호:9991]
18:08:28:009;IMP;[GetJobCompleteReport] .. SIM MODE 작업 추가 되었습니다.[작업번호:9991]
18:11:51:249;IMP;[GetJobCompleteReport] .. SIM MODE 작업 추가 되었습니다.[작업번호:9991]
18:15:17:325;IMP;[GetJobCompleteReport] .. SIM MODE 작업 추가 되었습니다.[작업번호:9991]
18:18:45:774;IMP;[GetJobCompleteReport] .. SIM MODE 작업 추가 되었습니다.[작업번호:9991]
18:22:15:205;IMP;[GetJobCompleteReport] .. SIM MODE 작업 추가 되었습니다.[작업번호:9991]
18:25:46:861;IMP;[GetJobCompleteReport] .. SIM MODE 작업 추가 되었습니다.[작업번호:9991]
18:29:22:741;IMP;[GetJobCompleteReport] .. SIM MODE 작업 추가 되었습니다.[작업번호:9991]
18:33:01:945;IMP;[GetJobCompleteReport] .. SIM MODE 작업 추가 되었습니다.[작업번호:9991]
18:36:43:237;IMP;[GetJobCompleteReport] .. SIM MODE 작업 추가 되었습니다.[작업번호:9991]
18:40:25:320;IMP;[GetJobCompleteReport] .. SIM MODE 작업 추가 되었습니다.[작업번호:9991]
18:44:07:452;IMP;[GetJobCompleteReport] .. SIM MODE 작업 추가 되었습니다.[작업번호:9991]
18:47:48:392;IMP;[GetJobCompleteReport] .. SIM MODE 작업 추가 되었습니다.[작업번호:9991]
18:51:32:656;IMP;[GetJobCompleteReport] .. SIM MODE 작업 추가 되었습니다.[작업번호:9991]
18:55:19:925;IMP;[GetJobCompleteReport] .. SIM MODE 작업 추가 되었습니다.[작업번호:9991]
18:59:11:923;IMP;[GetJobCompleteReport] .. SIM MODE 작업 추가 되었습니다.[작업번호:9991]
19:02:18:792;IMP;[GetJobCompleteReport] .. SIM MODE 작업 추가 되었습니다.[작업번호:9991]
19:04:37:650;IMP;[GetJobCompleteReport] .. SIM MODE 작업 추가 되었습니다.[작업번호:9991]
19:06:56:739;IMP;[GetJobCompleteReport] .. SIM MODE 작업 추가 되었습니다.[작업번호:9991]
19:09:20:990;IMP;[GetJobCompleteReport] .. SIM MODE 작업 추가 되었습니다.[작업번호:9991]
19:11:46:541;IMP;[GetJobCompleteReport] .. SIM MODE 작업 추가 되었습니다.[작업번호:9991]
19:14:12:090;IMP;[GetJobCompleteReport] .. SIM MODE 작업 추가 되었습니다.[작업번호:9991]
19:16:38:848;IMP;[GetJobCompleteReport] .. SIM MODE 작업 추가 되었습니다.[작업번호:9991]
19:19:12:015;IMP;[GetJobCompleteReport] .. SIM MODE 작업 추가 되었습니다.[작업번호:9991]
19:21:42:530;IMP;[GetJobCompleteReport] .. SIM MODE 작업 추가 되었습니다.[작업번호:9991]
19:24:15:141;IMP;[GetJobCompleteReport] .. SIM MODE 작업 추가 되었습니다.[작업번호:9991]
19:26:53:774;IMP;[GetJobCompleteReport] .. SIM MODE 작업 추가 되었습니다.[작업번호:9991]
19:29:31:788;IMP;[GetJobCompleteReport] .. SIM MODE 작업 추가 되었습니다.[작업번호:9991]
19:32:13:555;IMP;[GetJobCompleteReport] .. SIM MODE 작업 추가 되었습니다.[작업번호:9991]
19:34:56:126;IMP;[GetJobCompleteReport] .. SIM MODE 작업 추가 되었습니다.[작업번호:9991]
19:37:44:502;IMP;[GetJobCompleteReport] .. SIM MODE 작업 추가 되었습니다.[작업번호:9991]
19:40:31:228;IMP;[GetJobCompleteReport] .. SIM MODE 작업 추가 되었습니다.[작업번호:9991]
19:43:18:636;IMP;[GetJobCompleteReport] .. SIM MODE 작업 추가 되었습니다.[작업번호:9991]
19:46:09:665;IMP;[GetJobCompleteReport] .. SIM MODE 작업 추가 되었습니다.[작업번호:9991]
19:49:00:246;IMP;[GetJobCompleteReport] .. SIM MODE 작업 추가 되었습니다.[작업번호:9991]
19:51:57:260;IMP;[GetJobCompleteReport] .. SIM MODE 작업 추가 되었습니다.[작업번호:9991]
19:54:53:941;IMP;[GetJobCompleteReport] .. SIM MODE 작업 추가 되었습니다.[작업번호:9991]
19:57:52:243;IMP;[GetJobCompleteReport] .. SIM MODE 작업 추가 되었습니다.[작업번호:9991]
20:00:56:612;IMP;[GetJobCompleteReport] .. SIM MODE 작업 추가 되었습니다.[작업번호:9991]
20:03:59:658;IMP;[GetJobCompleteReport] .. SIM MODE 작업 추가 되었습니다.[작업번호:9991]
20:07:04:884;IMP;[GetJobCompleteReport] .. SIM MODE 작업 추가 되었습니다.[작업번호:9991]
20:10:09:441;IMP;[GetJobCompleteReport] .. SIM MODE 작업 추가 되었습니다.[작업번호:9991]
20:13:19:673;IMP;[GetJobCompleteReport] .. SIM MODE 작업 추가 되었습니다.[작업번호:9991]
20:16:30:185;IMP;[GetJobCompleteReport] .. SIM MODE 작업 추가 되었습니다.[작업번호:9991]
20:19:40:246;IMP;[GetJobCompleteReport] .. SIM MODE 작업 추가 되었습니다.[작업번호:9991]
20:22:57:728;IMP;[GetJobCompleteReport] .. SIM MODE 작업 추가 되었습니다.[작업번호:9991]
20:26:13:599;IMP;[GetJobCompleteReport] .. SIM MODE 작업 추가 되었습니다.[작업번호:9991]
20:29:33:964;IMP;[GetJobCompleteReport] .. SIM MODE 작업 추가 되었습니다.[작업번호:9991]
20:32:56:158;IMP;[GetJobCompleteReport] .. SIM MODE 작업 추가 되었습니다.[작업번호:9991]
20:36:20:943;IMP;[GetJobCompleteReport] .. SIM MODE 작업 추가 되었습니다.[작업번호:9991]
20:39:43:182;IMP;[GetJobCompleteReport] .. SIM MODE 작업 추가 되었습니다.[작업번호:9991]
20:43:06:928;IMP;[GetJobCompleteReport] .. SIM MODE 작업 추가 되었습니다.[작업번호:9991]
20:46:34:508;IMP;[GetJobCompleteReport] .. SIM MODE 작업 추가 되었습니다.[작업번호:9991]
20:50:06:479;IMP;[GetJobCompleteReport] .. SIM MODE 작업 추가 되었습니다.[작업번호:9991]
20:53:37:908;IMP;[GetJobCompleteReport] .. SIM MODE 작업 추가 되었습니다.[작업번호:9991]
20:57:10:959;IMP;[GetJobCompleteReport] .. SIM MODE 작업 추가 되었습니다.[작업번호:9991]
21:00:45:519;IMP;[GetJobCompleteReport] .. SIM MODE 작업 추가 되었습니다.[작업번호:9991]
21:04:23:539;IMP;[GetJobCompleteReport] .. SIM MODE 작업 추가 되었습니다.[작업번호:9991]
21:08:03:216;IMP;[GetJobCompleteReport] .. SIM MODE 작업 추가 되었습니다.[작업번호:9991]
21:11:45:173;IMP;[GetJobCompleteReport] .. SIM MODE 작업 추가 되었습니다.[작업번호:9991]
21:15:30:884;IMP;[GetJobCompleteReport] .. SIM MODE 작업 추가 되었습니다.[작업번호:9991]
21:19:20:004;IMP;[GetJobCompleteReport] .. SIM MODE 작업 추가 되었습니다.[작업번호:9991]
21:23:08:853;IMP;[GetJobCompleteReport] .. SIM MODE 작업 추가 되었습니다.[작업번호:9991]
21:27:01:859;IMP;[GetJobCompleteReport] .. SIM MODE 작업 추가 되었습니다.[작업번호:9991]
21:30:11:014;IMP;[GetJobCompleteReport] .. SIM MODE 작업 추가 되었습니다.[작업번호:9991]
21:32:29:918;IMP;[GetJobCompleteReport] .. SIM MODE 작업 추가 되었습니다.[작업번호:9991]
21:34:53:700;IMP;[GetJobCompleteReport] .. SIM MODE 작업 추가 되었습니다.[작업번호:9991]
21:37:16:166;IMP;[GetJobCompleteReport] .. SIM MODE 작업 추가 되었습니다.[작업번호:9991]
21:39:42:284;IMP;[GetJobCompleteReport] .. SIM MODE 작업 추가 되었습니다.[작업번호:9991]
21:42:08:259;IMP;[GetJobCompleteReport] .. SIM MODE 작업 추가 되었습니다.[작업번호:9991]
21:44:38:910;IMP;[GetJobCompleteReport] .. SIM MODE 작업 추가 되었습니다.[작업번호:9991]
21:47:11:225;IMP;[GetJobCompleteReport] .. SIM MODE 작업 추가 되었습니다.[작업번호:9991]
21:49:45:417;IMP;[GetJobCompleteReport] .. SIM MODE 작업 추가 되었습니다.[작업번호:9991]
21:52:21:593;IMP;[GetJobCompleteReport] .. SIM MODE 작업 추가 되었습니다.[작업번호:9991]
21:54:55:540;IMP;[GetJobCompleteReport] .. SIM MODE 작업 추가 되었습니다.[작업번호:9991]
21:57:33:923;IMP;[GetJobCompleteReport] .. SIM MODE 작업 추가 되었습니다.[작업번호:9991]
22:00:15:937;IMP;[GetJobCompleteReport] .. SIM MODE 작업 추가 되었습니다.[작업번호:9991]
22:02:59:538;IMP;[GetJobCompleteReport] .. SIM MODE 작업 추가 되었습니다.[작업번호:9991]
22:05:40:768;IMP;[GetJobCompleteReport] .. SIM MODE 작업 추가 되었습니다.[작업번호:9991]
22:08:30:492;IMP;[GetJobCompleteReport] .. SIM MODE 작업 추가 되었습니다.[작업번호:9991]
22:11:22:145;IMP;[GetJobCompleteReport] .. SIM MODE 작업 추가 되었습니다.[작업번호:9991]
22:14:14:643;IMP;[GetJobCompleteReport] .. SIM MODE 작업 추가 되었습니다.[작업번호:9991]
22:17:07:014;IMP;[GetJobCompleteReport] .. SIM MODE 작업 추가 되었습니다.[작업번호:9991]
22:20:01:983;IMP;[GetJobCompleteReport] .. SIM MODE 작업 추가 되었습니다.[작업번호:9991]
22:22:57:751;IMP;[GetJobCompleteReport] .. SIM MODE 작업 추가 되었습니다.[작업번호:9991]
22:25:58:348;IMP;[GetJobCompleteReport] .. SIM MODE 작업 추가 되었습니다.[작업번호:9991]
22:28:58:172;IMP;[GetJobCompleteReport] .. SIM MODE 작업 추가 되었습니다.[작업번호:9991]
22:32:02:806;IMP;[GetJobCompleteReport] .. SIM MODE 작업 추가 되었습니다.[작업번호:9991]
22:35:10:427;IMP;[GetJobCompleteReport] .. SIM MODE 작업 추가 되었습니다.[작업번호:9991]
22:38:14:432;IMP;[GetJobCompleteReport] .. SIM MODE 작업 추가 되었습니다.[작업번호:9991]
22:41:21:036;IMP;[GetJobCompleteReport] .. SIM MODE 작업 추가 되었습니다.[작업번호:9991]
22:44:29:288;IMP;[GetJobCompleteReport] .. SIM MODE 작업 추가 되었습니다.[작업번호:9991]
22:47:42:486;IMP;[GetJobCompleteReport] .. SIM MODE 작업 추가 되었습니다.[작업번호:9991]
22:50:57:526;IMP;[GetJobCompleteReport] .. SIM MODE 작업 추가 되었습니다.[작업번호:9991]
22:54:11:362;IMP;[GetJobCompleteReport] .. SIM MODE 작업 추가 되었습니다.[작업번호:9991]
22:57:29:693;IMP;[GetJobCompleteReport] .. SIM MODE 작업 추가 되었습니다.[작업번호:9991]
23:00:49:459;IMP;[GetJobCompleteReport] .. SIM MODE 작업 추가 되었습니다.[작업번호:9991]
23:04:13:028;IMP;[GetJobCompleteReport] .. SIM MODE 작업 추가 되었습니다.[작업번호:9991]
23:07:38:818;IMP;[GetJobCompleteReport] .. SIM MODE 작업 추가 되었습니다.[작업번호:9991]
23:11:07:052;IMP;[GetJobCompleteReport] .. SIM MODE 작업 추가 되었습니다.[작업번호:9991]
23:14:35:848;IMP;[GetJobCompleteReport] .. SIM MODE 작업 추가 되었습니다.[작업번호:9991]
23:18:08:016;IMP;[GetJobCompleteReport] .. SIM MODE 작업 추가 되었습니다.[작업번호:9991]
23:21:39:412;IMP;[GetJobCompleteReport] .. SIM MODE 작업 추가 되었습니다.[작업번호:9991]
23:25:14:767;IMP;[GetJobCompleteReport] .. SIM MODE 작업 추가 되었습니다.[작업번호:9991]
23:28:54:543;IMP;[GetJobCompleteReport] .. SIM MODE 작업 추가 되었습니다.[작업번호:9991]
23:32:30:873;IMP;[GetJobCompleteReport] .. SIM MODE 작업 추가 되었습니다.[작업번호:9991]
23:36:13:224;IMP;[GetJobCompleteReport] .. SIM MODE 작업 추가 되었습니다.[작업번호:9991]
23:39:56:083;IMP;[GetJobCompleteReport] .. SIM MODE 작업 추가 되었습니다.[작업번호:9991]
23:43:38:545;IMP;[GetJobCompleteReport] .. SIM MODE 작업 추가 되었습니다.[작업번호:9991]
23:47:27:285;IMP;[GetJobCompleteReport] .. SIM MODE 작업 추가 되었습니다.[작업번호:9991]
23:51:16:176;IMP;[GetJobCompleteReport] .. SIM MODE 작업 추가 되었습니다.[작업번호:9991]
23:55:04:410;IMP;[GetJobCompleteReport] .. SIM MODE 작업 추가 되었습니다.[작업번호:9991]
23:58:13:158;IMP;[GetJobCompleteReport] .. SIM MODE 작업 추가 되었습니다.[작업번호:9991]
