08:23:28:966;IMP;통신이 연결되었습니다..
08:23:32:949;IMP;DB 로그인 중...
08:23:32:988;IMP;DB 로그인 성공.
08:38:42:478;IMP;리모트 시스템과 연결 실패 !(10054)
08:38:42:616;IMP;리모트 시스템과 연결을 종료합니다.
08:38:42:690;IMP;통신 쓰레드를 종료합니다.
08:40:36:988;IMP;통신이 연결되었습니다..
08:40:40:398;IMP;DB 로그인 중...
08:40:40:516;IMP;DB 로그인 성공.
08:47:57:332;IMP;리모트 시스템과 연결 실패 !(10054)
08:47:57:541;IMP;리모트 시스템과 연결을 종료합니다.
08:47:57:711;IMP;통신 쓰레드를 종료합니다.
08:49:54:936;IMP;통신이 연결되었습니다..
08:49:58:364;IMP;DB 로그인 중...
08:49:58:622;IMP;DB 로그인 성공.
09:03:40:989;IMP;리모트 시스템과 연결 실패 !(10054)
09:03:41:153;IMP;리모트 시스템과 연결을 종료합니다.
09:03:41:309;IMP;통신 쓰레드를 종료합니다.
09:16:23:211;IMP;통신이 연결되었습니다..
09:16:26:596;IMP;DB 로그인 중...
09:16:26:977;IMP;DB 로그인 성공.
15:41:05:180;IMP;리모트 시스템과 연결 실패 !(10054)
15:41:05:409;IMP;리모트 시스템과 연결을 종료합니다.
15:41:05:727;IMP;통신 쓰레드를 종료합니다.
15:47:43:588;IMP;통신이 연결되었습니다..
15:47:46:979;IMP;DB 로그인 중...
15:47:47:369;IMP;DB 로그인 성공.
16:01:26:105;IMP;리모트 시스템과 연결 실패 !(10054)
16:01:26:324;IMP;리모트 시스템과 연결을 종료합니다.
16:01:26:499;IMP;통신 쓰레드를 종료합니다.
16:04:01:729;IMP;통신이 연결되었습니다..
16:04:05:193;IMP;DB 로그인 중...
16:04:05:378;IMP;DB 로그인 성공.
